-- Found ament_cmake: 1.3.11 (/opt/ros/humble/share/ament_cmake/cmake)
-- Override CMake install command with custom implementation using symlinks instead of copying resources
-- Found rclcpp: 16.0.12 (/opt/ros/humble/share/rclcpp/cmake)
-- Found rosidl_generator_c: 3.1.6 (/opt/ros/humble/share/rosidl_generator_c/cmake)
-- Found rosidl_adapter: 3.1.6 (/opt/ros/humble/share/rosidl_adapter/cmake)
-- Found rosidl_generator_cpp: 3.1.6 (/opt/ros/humble/share/rosidl_generator_cpp/cmake)
-- Using all available rosidl_typesupport_c: rosidl_typesupport_fastrtps_c;rosidl_typesupport_introspection_c
-- Using all available rosidl_typesupport_cpp: rosidl_typesupport_fastrtps_cpp;rosidl_typesupport_introspection_cpp
-- Found rmw_implementation_cmake: 6.1.2 (/opt/ros/humble/share/rmw_implementation_cmake/cmake)
-- Found rmw_fastrtps_cpp: 6.2.7 (/opt/ros/humble/share/rmw_fastrtps_cpp/cmake)
-- Using RMW implementation 'rmw_fastrtps_cpp' as default
-- Found rosidl_default_generators: 1.2.0 (/home/zhenzhen/ros2/ros2_rust/install/rosidl_default_generators/share/rosidl_default_generators/cmake)
-- Found geometry_msgs: 4.9.0 (/home/zhenzhen/ros2/ros2_rust/install/geometry_msgs/share/geometry_msgs/cmake)
-- Found tf2: 0.25.13 (/opt/ros/humble/share/tf2/cmake)
-- Found tf2_geometry_msgs: 0.25.13 (/opt/ros/humble/share/tf2_geometry_msgs/cmake)
-- Found eigen3_cmake_module: 0.1.1 (/opt/ros/humble/share/eigen3_cmake_module/cmake)
-- Ensuring Eigen3 include directory is part of orocos-kdl CMake target
-- Found nav_msgs: 4.9.0 (/home/zhenzhen/ros2/ros2_rust/install/nav_msgs/share/nav_msgs/cmake)
-- Found sensor_msgs: 4.9.0 (/home/zhenzhen/ros2/ros2_rust/install/sensor_msgs/share/sensor_msgs/cmake)
-- Found cv_bridge: 3.2.1 (/opt/ros/humble/share/cv_bridge/cmake)
-- Found ament_cmake_ros: 0.10.0 (/opt/ros/humble/share/ament_cmake_ros/cmake)
-- Using all available rosidl_typesupport_c: rosidl_typesupport_fastrtps_c;rosidl_typesupport_introspection_c
-- Using all available rosidl_typesupport_cpp: rosidl_typesupport_fastrtps_cpp;rosidl_typesupport_introspection_cpp
-- Found python_cmake_module: 0.10.0 (/opt/ros/humble/share/python_cmake_module/cmake)
-- Using PYTHON_EXECUTABLE: /usr/bin/python3
-- Using PYTHON_INCLUDE_DIRS: /usr/include/python3.10
-- Using PYTHON_LIBRARIES: /usr/lib/aarch64-linux-gnu/libpython3.10.so
-- Found ament_lint_auto: 0.12.12 (/opt/ros/humble/share/ament_lint_auto/cmake)
-- Added test 'cppcheck' to perform static code analysis on C / C++ code
-- Configured cppcheck include dirs: $<BUILD_INTERFACE:/home/zhenzhen/ros2/robodog-yunnan-elec/ros2_tools/include>
-- Configured cppcheck exclude dirs and/or files: 
-- Added test 'lint_cmake' to check CMake code style
-- Added test 'uncrustify' to check C / C++ code style
-- Configured uncrustify additional arguments: 
-- Added test 'xmllint' to check XML markup files
-- Configuring done
-- Generating done
-- Build files have been written to: /home/zhenzhen/ros2/robodog-yunnan-elec/build/ros2_tools
Consolidate compiler generated dependencies of target ground_camera_node
Consolidate compiler generated dependencies of target ros2_tools__rosidl_generator_c
[  2%] Built target ros2_tools__cpp
Consolidate compiler generated dependencies of target lidar_to_px4_bridge
[  7%] Built target ground_camera_node
[ 15%] Built target ros2_tools__rosidl_generator_c
[ 15%] Built target ament_cmake_python_symlink_ros2_tools
[ 17%] Built target ros2_tools__rs
[ 22%] Built target lidar_to_px4_bridge
Consolidate compiler generated dependencies of target d435_node
Consolidate compiler generated dependencies of target ros2_tools__rosidl_typesupport_fastrtps_c
Consolidate compiler generated dependencies of target ros2_tools__rosidl_typesupport_fastrtps_cpp
Consolidate compiler generated dependencies of target ros2_tools__rosidl_typesupport_c
Consolidate compiler generated dependencies of target ros2_tools__rosidl_typesupport_introspection_c
Consolidate compiler generated dependencies of target ros2_tools__rosidl_typesupport_introspection_cpp
[ 30%] Built target ros2_tools__rosidl_typesupport_fastrtps_c
[ 35%] Built target d435_node
[ 42%] Built target ros2_tools__rosidl_typesupport_fastrtps_cpp
[ 52%] Built target ros2_tools__rosidl_typesupport_c
[ 57%] Built target ros2_tools__rosidl_typesupport_introspection_cpp
[ 65%] Built target ros2_tools__rosidl_typesupport_introspection_c
Consolidate compiler generated dependencies of target ros2_tools__rosidl_typesupport_cpp
[ 72%] Built target ros2_tools__rosidl_typesupport_cpp
Consolidate compiler generated dependencies of target lidar_data_node
[ 72%] Built target ros2_tools
[ 77%] Built target lidar_data_node
[ 80%] Built target ros2_tools__py
Consolidate compiler generated dependencies of target ros2_tools__rosidl_generator_py
[ 85%] Built target ros2_tools__rosidl_generator_py
Consolidate compiler generated dependencies of target ros2_tools__rosidl_typesupport_introspection_c__pyext
Consolidate compiler generated dependencies of target ros2_tools__rosidl_typesupport_c__pyext
Consolidate compiler generated dependencies of target ros2_tools__rosidl_typesupport_fastrtps_c__pyext
[ 92%] Built target ros2_tools__rosidl_typesupport_c__pyext
[100%] Built target ros2_tools__rosidl_typesupport_fastrtps_c__pyext
[ 95%] Built target ros2_tools__rosidl_typesupport_introspection_c__pyext
running egg_info
writing ros2_tools.egg-info/PKG-INFO
writing dependency_links to ros2_tools.egg-info/dependency_links.txt
writing top-level names to ros2_tools.egg-info/top_level.txt
reading manifest file 'ros2_tools.egg-info/SOURCES.txt'
writing manifest file 'ros2_tools.egg-info/SOURCES.txt'
[100%] Built target ament_cmake_python_build_ros2_tools_egg
-- Install configuration: ""
-- Execute custom install script
-- Up-to-date symlink: /home/zhenzhen/ros2/robodog-yunnan-elec/install/ros2_tools/share/ament_index/resource_index/rosidl_interfaces/ros2_tools
-- Up-to-date symlink: /home/zhenzhen/ros2/robodog-yunnan-elec/install/ros2_tools/include/ros2_tools/ros2_tools/msg/detail/lidar_pose__functions.h
-- Up-to-date symlink: /home/zhenzhen/ros2/robodog-yunnan-elec/install/ros2_tools/include/ros2_tools/ros2_tools/msg/detail/lidar_pose__struct.h
-- Up-to-date symlink: /home/zhenzhen/ros2/robodog-yunnan-elec/install/ros2_tools/include/ros2_tools/ros2_tools/msg/detail/lidar_pose__type_support.h
-- Up-to-date symlink: /home/zhenzhen/ros2/robodog-yunnan-elec/install/ros2_tools/include/ros2_tools/ros2_tools/msg/lidar_pose.h
-- Up-to-date symlink: /home/zhenzhen/ros2/robodog-yunnan-elec/install/ros2_tools/include/ros2_tools/ros2_tools/msg/rosidl_generator_c__visibility_control.h
-- Up-to-date symlink: /home/zhenzhen/ros2/robodog-yunnan-elec/install/ros2_tools/share/ros2_tools/environment/library_path.sh
-- Up-to-date symlink: /home/zhenzhen/ros2/robodog-yunnan-elec/install/ros2_tools/share/ros2_tools/environment/library_path.dsv
-- Up-to-date symlink: /home/zhenzhen/ros2/robodog-yunnan-elec/install/ros2_tools/include/ros2_tools/ros2_tools/msg/detail/lidar_pose__rosidl_typesupport_fastrtps_c.h
-- Up-to-date symlink: /home/zhenzhen/ros2/robodog-yunnan-elec/install/ros2_tools/include/ros2_tools/ros2_tools/msg/rosidl_typesupport_fastrtps_c__visibility_control.h
-- Up-to-date symlink: /home/zhenzhen/ros2/robodog-yunnan-elec/install/ros2_tools/include/ros2_tools/ros2_tools/msg/detail/lidar_pose__builder.hpp
-- Up-to-date symlink: /home/zhenzhen/ros2/robodog-yunnan-elec/install/ros2_tools/include/ros2_tools/ros2_tools/msg/detail/lidar_pose__struct.hpp
-- Up-to-date symlink: /home/zhenzhen/ros2/robodog-yunnan-elec/install/ros2_tools/include/ros2_tools/ros2_tools/msg/detail/lidar_pose__traits.hpp
-- Up-to-date symlink: /home/zhenzhen/ros2/robodog-yunnan-elec/install/ros2_tools/include/ros2_tools/ros2_tools/msg/detail/lidar_pose__type_support.hpp
-- Up-to-date symlink: /home/zhenzhen/ros2/robodog-yunnan-elec/install/ros2_tools/include/ros2_tools/ros2_tools/msg/lidar_pose.hpp
-- Up-to-date symlink: /home/zhenzhen/ros2/robodog-yunnan-elec/install/ros2_tools/include/ros2_tools/ros2_tools/msg/rosidl_generator_cpp__visibility_control.hpp
-- Up-to-date symlink: /home/zhenzhen/ros2/robodog-yunnan-elec/install/ros2_tools/include/ros2_tools/ros2_tools/msg/detail/lidar_pose__rosidl_typesupport_fastrtps_cpp.hpp
-- Up-to-date symlink: /home/zhenzhen/ros2/robodog-yunnan-elec/install/ros2_tools/include/ros2_tools/ros2_tools/msg/rosidl_typesupport_fastrtps_cpp__visibility_control.h
-- Up-to-date symlink: /home/zhenzhen/ros2/robodog-yunnan-elec/install/ros2_tools/include/ros2_tools/ros2_tools/msg/detail/lidar_pose__rosidl_typesupport_introspection_c.h
-- Up-to-date symlink: /home/zhenzhen/ros2/robodog-yunnan-elec/install/ros2_tools/include/ros2_tools/ros2_tools/msg/rosidl_typesupport_introspection_c__visibility_control.h
-- Up-to-date symlink: /home/zhenzhen/ros2/robodog-yunnan-elec/install/ros2_tools/include/ros2_tools/ros2_tools/msg/detail/lidar_pose__rosidl_typesupport_introspection_cpp.hpp
-- Up-to-date symlink: /home/zhenzhen/ros2/robodog-yunnan-elec/install/ros2_tools/share/ament_index/resource_index/rust_packages/ros2_tools
-- Up-to-date symlink: /home/zhenzhen/ros2/robodog-yunnan-elec/install/ros2_tools/share/ros2_tools/rust/Cargo.toml
-- Up-to-date symlink: /home/zhenzhen/ros2/robodog-yunnan-elec/install/ros2_tools/share/ros2_tools/rust/build.rs
-- Up-to-date symlink: /home/zhenzhen/ros2/robodog-yunnan-elec/install/ros2_tools/share/ros2_tools/rust/src/lib.rs
-- Up-to-date symlink: /home/zhenzhen/ros2/robodog-yunnan-elec/install/ros2_tools/share/ros2_tools/rust/src/msg.rs
-- Up-to-date symlink: /home/zhenzhen/ros2/robodog-yunnan-elec/install/ros2_tools/share/ros2_tools/environment/pythonpath.sh
-- Up-to-date symlink: /home/zhenzhen/ros2/robodog-yunnan-elec/install/ros2_tools/share/ros2_tools/environment/pythonpath.dsv
-- Up-to-date symlink: /home/zhenzhen/ros2/robodog-yunnan-elec/install/ros2_tools/local/lib/python3.10/dist-packages/ros2_tools-0.0.0-py3.10.egg-info/PKG-INFO
-- Up-to-date symlink: /home/zhenzhen/ros2/robodog-yunnan-elec/install/ros2_tools/local/lib/python3.10/dist-packages/ros2_tools-0.0.0-py3.10.egg-info/SOURCES.txt
-- Up-to-date symlink: /home/zhenzhen/ros2/robodog-yunnan-elec/install/ros2_tools/local/lib/python3.10/dist-packages/ros2_tools-0.0.0-py3.10.egg-info/dependency_links.txt
-- Up-to-date symlink: /home/zhenzhen/ros2/robodog-yunnan-elec/install/ros2_tools/local/lib/python3.10/dist-packages/ros2_tools-0.0.0-py3.10.egg-info/top_level.txt
-- Up-to-date symlink: /home/zhenzhen/ros2/robodog-yunnan-elec/install/ros2_tools/local/lib/python3.10/dist-packages/ros2_tools/__init__.py
-- Up-to-date symlink: /home/zhenzhen/ros2/robodog-yunnan-elec/install/ros2_tools/local/lib/python3.10/dist-packages/ros2_tools/_ros2_tools_s.ep.rosidl_typesupport_c.c
-- Up-to-date symlink: /home/zhenzhen/ros2/robodog-yunnan-elec/install/ros2_tools/local/lib/python3.10/dist-packages/ros2_tools/_ros2_tools_s.ep.rosidl_typesupport_fastrtps_c.c
-- Up-to-date symlink: /home/zhenzhen/ros2/robodog-yunnan-elec/install/ros2_tools/local/lib/python3.10/dist-packages/ros2_tools/_ros2_tools_s.ep.rosidl_typesupport_introspection_c.c
-- Up-to-date symlink: /home/zhenzhen/ros2/robodog-yunnan-elec/install/ros2_tools/local/lib/python3.10/dist-packages/ros2_tools/libros2_tools__rosidl_generator_py.so
-- Up-to-date symlink: /home/zhenzhen/ros2/robodog-yunnan-elec/install/ros2_tools/local/lib/python3.10/dist-packages/ros2_tools/msg/__init__.py
-- Up-to-date symlink: /home/zhenzhen/ros2/robodog-yunnan-elec/install/ros2_tools/local/lib/python3.10/dist-packages/ros2_tools/msg/_lidar_pose.py
-- Up-to-date symlink: /home/zhenzhen/ros2/robodog-yunnan-elec/install/ros2_tools/local/lib/python3.10/dist-packages/ros2_tools/msg/_lidar_pose_s.c
-- Up-to-date symlink: /home/zhenzhen/ros2/robodog-yunnan-elec/install/ros2_tools/local/lib/python3.10/dist-packages/ros2_tools/ros2_tools_s__rosidl_typesupport_c.cpython-310-aarch64-linux-gnu.so
-- Up-to-date symlink: /home/zhenzhen/ros2/robodog-yunnan-elec/install/ros2_tools/local/lib/python3.10/dist-packages/ros2_tools/ros2_tools_s__rosidl_typesupport_fastrtps_c.cpython-310-aarch64-linux-gnu.so
-- Up-to-date symlink: /home/zhenzhen/ros2/robodog-yunnan-elec/install/ros2_tools/local/lib/python3.10/dist-packages/ros2_tools/ros2_tools_s__rosidl_typesupport_introspection_c.cpython-310-aarch64-linux-gnu.so
-- Up-to-date symlink: /home/zhenzhen/ros2/robodog-yunnan-elec/install/ros2_tools/local/lib/python3.10/dist-packages/ros2_tools/ros2_tools_s__rosidl_typesupport_fastrtps_c.cpython-310-aarch64-linux-gnu.so
-- Up-to-date symlink: /home/zhenzhen/ros2/robodog-yunnan-elec/install/ros2_tools/local/lib/python3.10/dist-packages/ros2_tools/ros2_tools_s__rosidl_typesupport_introspection_c.cpython-310-aarch64-linux-gnu.so
-- Up-to-date symlink: /home/zhenzhen/ros2/robodog-yunnan-elec/install/ros2_tools/local/lib/python3.10/dist-packages/ros2_tools/ros2_tools_s__rosidl_typesupport_c.cpython-310-aarch64-linux-gnu.so
-- Up-to-date symlink: /home/zhenzhen/ros2/robodog-yunnan-elec/install/ros2_tools/share/ros2_tools/msg/LidarPose.idl
-- Up-to-date symlink: /home/zhenzhen/ros2/robodog-yunnan-elec/install/ros2_tools/share/ros2_tools/msg/LidarPose.msg
-- Up-to-date symlink: /home/zhenzhen/ros2/robodog-yunnan-elec/install/ros2_tools/lib/ros2_tools/lidar_data_node
-- Up-to-date symlink: /home/zhenzhen/ros2/robodog-yunnan-elec/install/ros2_tools/lib/ros2_tools/lidar_to_px4_bridge
-- Up-to-date symlink: /home/zhenzhen/ros2/robodog-yunnan-elec/install/ros2_tools/lib/ros2_tools/ground_camera_node
-- Up-to-date symlink: /home/zhenzhen/ros2/robodog-yunnan-elec/install/ros2_tools/lib/ros2_tools/lidar_to_px4_bridge
-- Up-to-date symlink: /home/zhenzhen/ros2/robodog-yunnan-elec/install/ros2_tools/share/ros2_tools/msg/LidarPose.msg
-- Up-to-date symlink: /home/zhenzhen/ros2/robodog-yunnan-elec/install/ros2_tools/share/ament_index/resource_index/package_run_dependencies/ros2_tools
-- Up-to-date symlink: /home/zhenzhen/ros2/robodog-yunnan-elec/install/ros2_tools/share/ament_index/resource_index/parent_prefix_path/ros2_tools
-- Up-to-date symlink: /home/zhenzhen/ros2/robodog-yunnan-elec/install/ros2_tools/share/ros2_tools/environment/ament_prefix_path.sh
-- Up-to-date symlink: /home/zhenzhen/ros2/robodog-yunnan-elec/install/ros2_tools/share/ros2_tools/environment/ament_prefix_path.dsv
-- Up-to-date symlink: /home/zhenzhen/ros2/robodog-yunnan-elec/install/ros2_tools/share/ros2_tools/environment/path.sh
-- Up-to-date symlink: /home/zhenzhen/ros2/robodog-yunnan-elec/install/ros2_tools/share/ros2_tools/environment/path.dsv
-- Up-to-date symlink: /home/zhenzhen/ros2/robodog-yunnan-elec/install/ros2_tools/share/ros2_tools/local_setup.bash
-- Up-to-date symlink: /home/zhenzhen/ros2/robodog-yunnan-elec/install/ros2_tools/share/ros2_tools/local_setup.sh
-- Up-to-date symlink: /home/zhenzhen/ros2/robodog-yunnan-elec/install/ros2_tools/share/ros2_tools/local_setup.zsh
-- Up-to-date symlink: /home/zhenzhen/ros2/robodog-yunnan-elec/install/ros2_tools/share/ros2_tools/local_setup.dsv
-- Symlinking: /home/zhenzhen/ros2/robodog-yunnan-elec/install/ros2_tools/share/ros2_tools/package.dsv
-- Up-to-date symlink: /home/zhenzhen/ros2/robodog-yunnan-elec/install/ros2_tools/share/ament_index/resource_index/packages/ros2_tools
-- Up-to-date symlink: /home/zhenzhen/ros2/robodog-yunnan-elec/install/ros2_tools/share/ros2_tools/cmake/rosidl_cmake-extras.cmake
-- Up-to-date symlink: /home/zhenzhen/ros2/robodog-yunnan-elec/install/ros2_tools/share/ros2_tools/cmake/ament_cmake_export_include_directories-extras.cmake
-- Up-to-date symlink: /home/zhenzhen/ros2/robodog-yunnan-elec/install/ros2_tools/share/ros2_tools/cmake/ament_cmake_export_libraries-extras.cmake
-- Up-to-date symlink: /home/zhenzhen/ros2/robodog-yunnan-elec/install/ros2_tools/share/ros2_tools/cmake/ament_cmake_export_targets-extras.cmake
-- Up-to-date symlink: /home/zhenzhen/ros2/robodog-yunnan-elec/install/ros2_tools/share/ros2_tools/cmake/rosidl_cmake_export_typesupport_targets-extras.cmake
-- Up-to-date symlink: /home/zhenzhen/ros2/robodog-yunnan-elec/install/ros2_tools/share/ros2_tools/cmake/ament_cmake_export_dependencies-extras.cmake
-- Up-to-date symlink: /home/zhenzhen/ros2/robodog-yunnan-elec/install/ros2_tools/share/ros2_tools/cmake/rosidl_cmake_export_typesupport_libraries-extras.cmake
-- Up-to-date symlink: /home/zhenzhen/ros2/robodog-yunnan-elec/install/ros2_tools/share/ros2_tools/cmake/ros2_toolsConfig.cmake
-- Up-to-date symlink: /home/zhenzhen/ros2/robodog-yunnan-elec/install/ros2_tools/share/ros2_tools/cmake/ros2_toolsConfig-version.cmake
-- Up-to-date symlink: /home/zhenzhen/ros2/robodog-yunnan-elec/install/ros2_tools/share/ros2_tools/package.xml
-- Up-to-date: /home/zhenzhen/ros2/robodog-yunnan-elec/install/ros2_tools/lib/libros2_tools__rosidl_generator_c.so
-- Up-to-date: /home/zhenzhen/ros2/robodog-yunnan-elec/install/ros2_tools/lib/libros2_tools__rosidl_typesupport_fastrtps_c.so
-- Up-to-date: /home/zhenzhen/ros2/robodog-yunnan-elec/install/ros2_tools/lib/libros2_tools__rosidl_typesupport_fastrtps_cpp.so
-- Up-to-date: /home/zhenzhen/ros2/robodog-yunnan-elec/install/ros2_tools/lib/libros2_tools__rosidl_typesupport_introspection_c.so
-- Up-to-date: /home/zhenzhen/ros2/robodog-yunnan-elec/install/ros2_tools/lib/libros2_tools__rosidl_typesupport_c.so
-- Up-to-date: /home/zhenzhen/ros2/robodog-yunnan-elec/install/ros2_tools/lib/libros2_tools__rosidl_typesupport_introspection_cpp.so
-- Up-to-date: /home/zhenzhen/ros2/robodog-yunnan-elec/install/ros2_tools/lib/libros2_tools__rosidl_typesupport_cpp.so
Listing '/home/zhenzhen/ros2/robodog-yunnan-elec/install/ros2_tools/local/lib/python3.10/dist-packages/ros2_tools'...
Compiling '/home/zhenzhen/ros2/robodog-yunnan-elec/install/ros2_tools/local/lib/python3.10/dist-packages/ros2_tools/__init__.py'...
Listing '/home/zhenzhen/ros2/robodog-yunnan-elec/install/ros2_tools/local/lib/python3.10/dist-packages/ros2_tools/msg'...
-- Up-to-date: /home/zhenzhen/ros2/robodog-yunnan-elec/install/ros2_tools/lib/libros2_tools__rosidl_generator_py.so
-- Up-to-date: /home/zhenzhen/ros2/robodog-yunnan-elec/install/ros2_tools/share/ros2_tools/cmake/export_ros2_tools__rosidl_generator_cExport.cmake
-- Up-to-date: /home/zhenzhen/ros2/robodog-yunnan-elec/install/ros2_tools/share/ros2_tools/cmake/export_ros2_tools__rosidl_generator_cExport-noconfig.cmake
-- Up-to-date: /home/zhenzhen/ros2/robodog-yunnan-elec/install/ros2_tools/share/ros2_tools/cmake/export_ros2_tools__rosidl_typesupport_fastrtps_cExport.cmake
-- Up-to-date: /home/zhenzhen/ros2/robodog-yunnan-elec/install/ros2_tools/share/ros2_tools/cmake/export_ros2_tools__rosidl_typesupport_fastrtps_cExport-noconfig.cmake
-- Up-to-date: /home/zhenzhen/ros2/robodog-yunnan-elec/install/ros2_tools/share/ros2_tools/cmake/export_ros2_tools__rosidl_generator_cppExport.cmake
-- Up-to-date: /home/zhenzhen/ros2/robodog-yunnan-elec/install/ros2_tools/share/ros2_tools/cmake/export_ros2_tools__rosidl_typesupport_fastrtps_cppExport.cmake
-- Up-to-date: /home/zhenzhen/ros2/robodog-yunnan-elec/install/ros2_tools/share/ros2_tools/cmake/export_ros2_tools__rosidl_typesupport_fastrtps_cppExport-noconfig.cmake
-- Up-to-date: /home/zhenzhen/ros2/robodog-yunnan-elec/install/ros2_tools/share/ros2_tools/cmake/ros2_tools__rosidl_typesupport_introspection_cExport.cmake
-- Up-to-date: /home/zhenzhen/ros2/robodog-yunnan-elec/install/ros2_tools/share/ros2_tools/cmake/ros2_tools__rosidl_typesupport_introspection_cExport-noconfig.cmake
-- Up-to-date: /home/zhenzhen/ros2/robodog-yunnan-elec/install/ros2_tools/share/ros2_tools/cmake/ros2_tools__rosidl_typesupport_cExport.cmake
-- Up-to-date: /home/zhenzhen/ros2/robodog-yunnan-elec/install/ros2_tools/share/ros2_tools/cmake/ros2_tools__rosidl_typesupport_cExport-noconfig.cmake
-- Up-to-date: /home/zhenzhen/ros2/robodog-yunnan-elec/install/ros2_tools/share/ros2_tools/cmake/ros2_tools__rosidl_typesupport_introspection_cppExport.cmake
-- Up-to-date: /home/zhenzhen/ros2/robodog-yunnan-elec/install/ros2_tools/share/ros2_tools/cmake/ros2_tools__rosidl_typesupport_introspection_cppExport-noconfig.cmake
-- Up-to-date: /home/zhenzhen/ros2/robodog-yunnan-elec/install/ros2_tools/share/ros2_tools/cmake/ros2_tools__rosidl_typesupport_cppExport.cmake
-- Up-to-date: /home/zhenzhen/ros2/robodog-yunnan-elec/install/ros2_tools/share/ros2_tools/cmake/ros2_tools__rosidl_typesupport_cppExport-noconfig.cmake
-- Up-to-date: /home/zhenzhen/ros2/robodog-yunnan-elec/install/ros2_tools/share/ros2_tools/cmake/export_ros2_tools__rosidl_generator_pyExport.cmake
-- Up-to-date: /home/zhenzhen/ros2/robodog-yunnan-elec/install/ros2_tools/share/ros2_tools/cmake/export_ros2_tools__rosidl_generator_pyExport-noconfig.cmake
