[0.027s] Invoking command in '/home/zhenzhen/ros2/robodog-yunnan-elec/build/ros2_tools': CMAKE_PREFIX_PATH=${CMAKE_PREFIX_PATH}:/home/zhenzhen/ros2/Quadcopter/install/yolip:/home/zhenzhen/ros2/Quadcopter/install/vision_py:/home/zhenzhen/ros2/ros2_rust/install/examples_worker_demo:/home/zhenzhen/ros2/ros2_rust/install/examples_rclrs_minimal_pub_sub:/home/zhenzhen/ros2/ros2_rust/install/examples_rclrs_minimal_client_service:/home/zhenzhen/ros2/ros2_rust/install/examples_parameter_demo:/home/zhenzhen/ros2/ros2_rust/install/examples_logging_demo:/home/zhenzhen/ros2/ros2_rust/install/sensor_msgs_py:/home/zhenzhen/ros2/ros2_rust/install/rust_pubsub:/home/zhenzhen/ros2/ros2_rust/install/examples_rclrs_message_demo:/home/zhenzhen/ros2/ros2_rust/install/rosidl_runtime_rs:/home/zhenzhen/ros2/ros2_rust/install/rclrs:/opt/ros/humble /usr/bin/cmake /home/zhenzhen/ros2/robodog-yunnan-elec/ros2_tools -DCMAKE_INSTALL_PREFIX=/home/zhenzhen/ros2/robodog-yunnan-elec/install/ros2_tools
[0.049s] -- Found ament_cmake: 1.3.11 (/opt/ros/humble/share/ament_cmake/cmake)
[0.328s] -- Override CMake install command with custom implementation using symlinks instead of copying resources
[0.341s] -- Found rclcpp: 16.0.12 (/opt/ros/humble/share/rclcpp/cmake)
[0.407s] -- Found rosidl_generator_c: 3.1.6 (/opt/ros/humble/share/rosidl_generator_c/cmake)
[0.411s] -- Found rosidl_adapter: 3.1.6 (/opt/ros/humble/share/rosidl_adapter/cmake)
[0.421s] -- Found rosidl_generator_cpp: 3.1.6 (/opt/ros/humble/share/rosidl_generator_cpp/cmake)
[0.439s] -- Using all available rosidl_typesupport_c: rosidl_typesupport_fastrtps_c;rosidl_typesupport_introspection_c
[0.462s] -- Using all available rosidl_typesupport_cpp: rosidl_typesupport_fastrtps_cpp;rosidl_typesupport_introspection_cpp
[0.513s] -- Found rmw_implementation_cmake: 6.1.2 (/opt/ros/humble/share/rmw_implementation_cmake/cmake)
[0.518s] -- Found rmw_fastrtps_cpp: 6.2.7 (/opt/ros/humble/share/rmw_fastrtps_cpp/cmake)
[0.714s] -- Using RMW implementation 'rmw_fastrtps_cpp' as default
[0.787s] -- Found rosidl_default_generators: 1.2.0 (/home/zhenzhen/ros2/ros2_rust/install/rosidl_default_generators/share/rosidl_default_generators/cmake)
[0.809s] -- Found geometry_msgs: 4.9.0 (/home/zhenzhen/ros2/ros2_rust/install/geometry_msgs/share/geometry_msgs/cmake)
[0.826s] -- Found tf2: 0.25.13 (/opt/ros/humble/share/tf2/cmake)
[0.831s] -- Found tf2_geometry_msgs: 0.25.13 (/opt/ros/humble/share/tf2_geometry_msgs/cmake)
[0.836s] -- Found eigen3_cmake_module: 0.1.1 (/opt/ros/humble/share/eigen3_cmake_module/cmake)
[0.838s] -- Ensuring Eigen3 include directory is part of orocos-kdl CMake target
[0.956s] -- Found nav_msgs: 4.9.0 (/home/zhenzhen/ros2/ros2_rust/install/nav_msgs/share/nav_msgs/cmake)
[0.980s] -- Found sensor_msgs: 4.9.0 (/home/zhenzhen/ros2/ros2_rust/install/sensor_msgs/share/sensor_msgs/cmake)
[1.013s] -- Found cv_bridge: 3.2.1 (/opt/ros/humble/share/cv_bridge/cmake)
[1.588s] -- Found ament_cmake_ros: 0.10.0 (/opt/ros/humble/share/ament_cmake_ros/cmake)
[2.352s] -- Using all available rosidl_typesupport_c: rosidl_typesupport_fastrtps_c;rosidl_typesupport_introspection_c
[2.659s] -- Using all available rosidl_typesupport_cpp: rosidl_typesupport_fastrtps_cpp;rosidl_typesupport_introspection_cpp
[2.883s] -- Found python_cmake_module: 0.10.0 (/opt/ros/humble/share/python_cmake_module/cmake)
[2.946s] -- Using PYTHON_EXECUTABLE: /usr/bin/python3
[2.946s] -- Using PYTHON_INCLUDE_DIRS: /usr/include/python3.10
[2.946s] -- Using PYTHON_LIBRARIES: /usr/lib/aarch64-linux-gnu/libpython3.10.so
[3.051s] -- Found ament_lint_auto: 0.12.12 (/opt/ros/humble/share/ament_lint_auto/cmake)
[3.068s] -- Added test 'cppcheck' to perform static code analysis on C / C++ code
[3.069s] -- Configured cppcheck include dirs: $<BUILD_INTERFACE:/home/zhenzhen/ros2/robodog-yunnan-elec/ros2_tools/include>
[3.069s] -- Configured cppcheck exclude dirs and/or files: 
[3.069s] -- Added test 'lint_cmake' to check CMake code style
[3.070s] -- Added test 'uncrustify' to check C / C++ code style
[3.071s] -- Configured uncrustify additional arguments: 
[3.071s] -- Added test 'xmllint' to check XML markup files
[3.075s] -- Configuring done
[3.185s] -- Generating done
[3.214s] -- Build files have been written to: /home/zhenzhen/ros2/robodog-yunnan-elec/build/ros2_tools
[3.249s] Invoked command in '/home/zhenzhen/ros2/robodog-yunnan-elec/build/ros2_tools' returned '0': CMAKE_PREFIX_PATH=${CMAKE_PREFIX_PATH}:/home/zhenzhen/ros2/Quadcopter/install/yolip:/home/zhenzhen/ros2/Quadcopter/install/vision_py:/home/zhenzhen/ros2/ros2_rust/install/examples_worker_demo:/home/zhenzhen/ros2/ros2_rust/install/examples_rclrs_minimal_pub_sub:/home/zhenzhen/ros2/ros2_rust/install/examples_rclrs_minimal_client_service:/home/zhenzhen/ros2/ros2_rust/install/examples_parameter_demo:/home/zhenzhen/ros2/ros2_rust/install/examples_logging_demo:/home/zhenzhen/ros2/ros2_rust/install/sensor_msgs_py:/home/zhenzhen/ros2/ros2_rust/install/rust_pubsub:/home/zhenzhen/ros2/ros2_rust/install/examples_rclrs_message_demo:/home/zhenzhen/ros2/ros2_rust/install/rosidl_runtime_rs:/home/zhenzhen/ros2/ros2_rust/install/rclrs:/opt/ros/humble /usr/bin/cmake /home/zhenzhen/ros2/robodog-yunnan-elec/ros2_tools -DCMAKE_INSTALL_PREFIX=/home/zhenzhen/ros2/robodog-yunnan-elec/install/ros2_tools
[3.255s] Invoking command in '/home/zhenzhen/ros2/robodog-yunnan-elec/build/ros2_tools': CMAKE_PREFIX_PATH=${CMAKE_PREFIX_PATH}:/home/zhenzhen/ros2/Quadcopter/install/yolip:/home/zhenzhen/ros2/Quadcopter/install/vision_py:/home/zhenzhen/ros2/ros2_rust/install/examples_worker_demo:/home/zhenzhen/ros2/ros2_rust/install/examples_rclrs_minimal_pub_sub:/home/zhenzhen/ros2/ros2_rust/install/examples_rclrs_minimal_client_service:/home/zhenzhen/ros2/ros2_rust/install/examples_parameter_demo:/home/zhenzhen/ros2/ros2_rust/install/examples_logging_demo:/home/zhenzhen/ros2/ros2_rust/install/sensor_msgs_py:/home/zhenzhen/ros2/ros2_rust/install/rust_pubsub:/home/zhenzhen/ros2/ros2_rust/install/examples_rclrs_message_demo:/home/zhenzhen/ros2/ros2_rust/install/rosidl_runtime_rs:/home/zhenzhen/ros2/ros2_rust/install/rclrs:/opt/ros/humble /usr/bin/cmake --build /home/zhenzhen/ros2/robodog-yunnan-elec/build/ros2_tools -- -j6 -l6
[3.367s] Consolidate compiler generated dependencies of target ground_camera_node
[3.370s] Consolidate compiler generated dependencies of target ros2_tools__rosidl_generator_c
[3.384s] [  2%] Built target ros2_tools__cpp
[3.400s] Consolidate compiler generated dependencies of target lidar_to_px4_bridge
[3.406s] [  7%] Built target ground_camera_node
[3.412s] [ 15%] Built target ros2_tools__rosidl_generator_c
[3.418s] [ 15%] Built target ament_cmake_python_symlink_ros2_tools
[3.430s] [ 17%] Built target ros2_tools__rs
[3.451s] [ 22%] Built target lidar_to_px4_bridge
[3.454s] Consolidate compiler generated dependencies of target d435_node
[3.455s] Consolidate compiler generated dependencies of target ros2_tools__rosidl_typesupport_fastrtps_c
[3.469s] Consolidate compiler generated dependencies of target ros2_tools__rosidl_typesupport_fastrtps_cpp
[3.482s] Consolidate compiler generated dependencies of target ros2_tools__rosidl_typesupport_c
[3.483s] Consolidate compiler generated dependencies of target ros2_tools__rosidl_typesupport_introspection_c
[3.491s] Consolidate compiler generated dependencies of target ros2_tools__rosidl_typesupport_introspection_cpp
[3.504s] [ 30%] Built target ros2_tools__rosidl_typesupport_fastrtps_c
[3.511s] [ 35%] Built target d435_node
[3.513s] [ 42%] Built target ros2_tools__rosidl_typesupport_fastrtps_cpp
[3.522s] [ 52%] Built target ros2_tools__rosidl_typesupport_c
[3.522s] [ 57%] Built target ros2_tools__rosidl_typesupport_introspection_cpp
[3.530s] [ 65%] Built target ros2_tools__rosidl_typesupport_introspection_c
[3.534s] Consolidate compiler generated dependencies of target ros2_tools__rosidl_typesupport_cpp
[3.562s] [ 72%] Built target ros2_tools__rosidl_typesupport_cpp
[3.598s] Consolidate compiler generated dependencies of target lidar_data_node
[3.614s] [ 72%] Built target ros2_tools
[3.630s] [ 77%] Built target lidar_data_node
[3.668s] [ 80%] Built target ros2_tools__py
[3.701s] Consolidate compiler generated dependencies of target ros2_tools__rosidl_generator_py
[3.733s] [ 85%] Built target ros2_tools__rosidl_generator_py
[3.761s] Consolidate compiler generated dependencies of target ros2_tools__rosidl_typesupport_introspection_c__pyext
[3.764s] Consolidate compiler generated dependencies of target ros2_tools__rosidl_typesupport_c__pyext
[3.764s] Consolidate compiler generated dependencies of target ros2_tools__rosidl_typesupport_fastrtps_c__pyext
[3.790s] [ 92%] Built target ros2_tools__rosidl_typesupport_c__pyext
[3.790s] [100%] Built target ros2_tools__rosidl_typesupport_fastrtps_c__pyext
[3.790s] [ 95%] Built target ros2_tools__rosidl_typesupport_introspection_c__pyext
[4.026s] running egg_info
[4.027s] writing ros2_tools.egg-info/PKG-INFO
[4.028s] writing dependency_links to ros2_tools.egg-info/dependency_links.txt
[4.028s] writing top-level names to ros2_tools.egg-info/top_level.txt
[4.034s] reading manifest file 'ros2_tools.egg-info/SOURCES.txt'
[4.035s] writing manifest file 'ros2_tools.egg-info/SOURCES.txt'
[4.109s] [100%] Built target ament_cmake_python_build_ros2_tools_egg
[4.139s] Invoked command in '/home/zhenzhen/ros2/robodog-yunnan-elec/build/ros2_tools' returned '0': CMAKE_PREFIX_PATH=${CMAKE_PREFIX_PATH}:/home/zhenzhen/ros2/Quadcopter/install/yolip:/home/zhenzhen/ros2/Quadcopter/install/vision_py:/home/zhenzhen/ros2/ros2_rust/install/examples_worker_demo:/home/zhenzhen/ros2/ros2_rust/install/examples_rclrs_minimal_pub_sub:/home/zhenzhen/ros2/ros2_rust/install/examples_rclrs_minimal_client_service:/home/zhenzhen/ros2/ros2_rust/install/examples_parameter_demo:/home/zhenzhen/ros2/ros2_rust/install/examples_logging_demo:/home/zhenzhen/ros2/ros2_rust/install/sensor_msgs_py:/home/zhenzhen/ros2/ros2_rust/install/rust_pubsub:/home/zhenzhen/ros2/ros2_rust/install/examples_rclrs_message_demo:/home/zhenzhen/ros2/ros2_rust/install/rosidl_runtime_rs:/home/zhenzhen/ros2/ros2_rust/install/rclrs:/opt/ros/humble /usr/bin/cmake --build /home/zhenzhen/ros2/robodog-yunnan-elec/build/ros2_tools -- -j6 -l6
[4.169s] Invoking command in '/home/zhenzhen/ros2/robodog-yunnan-elec/build/ros2_tools': CMAKE_PREFIX_PATH=${CMAKE_PREFIX_PATH}:/home/zhenzhen/ros2/Quadcopter/install/yolip:/home/zhenzhen/ros2/Quadcopter/install/vision_py:/home/zhenzhen/ros2/ros2_rust/install/examples_worker_demo:/home/zhenzhen/ros2/ros2_rust/install/examples_rclrs_minimal_pub_sub:/home/zhenzhen/ros2/ros2_rust/install/examples_rclrs_minimal_client_service:/home/zhenzhen/ros2/ros2_rust/install/examples_parameter_demo:/home/zhenzhen/ros2/ros2_rust/install/examples_logging_demo:/home/zhenzhen/ros2/ros2_rust/install/sensor_msgs_py:/home/zhenzhen/ros2/ros2_rust/install/rust_pubsub:/home/zhenzhen/ros2/ros2_rust/install/examples_rclrs_message_demo:/home/zhenzhen/ros2/ros2_rust/install/rosidl_runtime_rs:/home/zhenzhen/ros2/ros2_rust/install/rclrs:/opt/ros/humble /usr/bin/cmake --install /home/zhenzhen/ros2/robodog-yunnan-elec/build/ros2_tools
[4.189s] -- Install configuration: ""
[4.190s] -- Execute custom install script
[4.190s] -- Up-to-date symlink: /home/zhenzhen/ros2/robodog-yunnan-elec/install/ros2_tools/share/ament_index/resource_index/rosidl_interfaces/ros2_tools
[4.191s] -- Up-to-date symlink: /home/zhenzhen/ros2/robodog-yunnan-elec/install/ros2_tools/include/ros2_tools/ros2_tools/msg/detail/lidar_pose__functions.h
[4.191s] -- Up-to-date symlink: /home/zhenzhen/ros2/robodog-yunnan-elec/install/ros2_tools/include/ros2_tools/ros2_tools/msg/detail/lidar_pose__struct.h
[4.192s] -- Up-to-date symlink: /home/zhenzhen/ros2/robodog-yunnan-elec/install/ros2_tools/include/ros2_tools/ros2_tools/msg/detail/lidar_pose__type_support.h
[4.193s] -- Up-to-date symlink: /home/zhenzhen/ros2/robodog-yunnan-elec/install/ros2_tools/include/ros2_tools/ros2_tools/msg/lidar_pose.h
[4.193s] -- Up-to-date symlink: /home/zhenzhen/ros2/robodog-yunnan-elec/install/ros2_tools/include/ros2_tools/ros2_tools/msg/rosidl_generator_c__visibility_control.h
[4.194s] -- Up-to-date symlink: /home/zhenzhen/ros2/robodog-yunnan-elec/install/ros2_tools/share/ros2_tools/environment/library_path.sh
[4.194s] -- Up-to-date symlink: /home/zhenzhen/ros2/robodog-yunnan-elec/install/ros2_tools/share/ros2_tools/environment/library_path.dsv
[4.194s] -- Up-to-date symlink: /home/zhenzhen/ros2/robodog-yunnan-elec/install/ros2_tools/include/ros2_tools/ros2_tools/msg/detail/lidar_pose__rosidl_typesupport_fastrtps_c.h
[4.194s] -- Up-to-date symlink: /home/zhenzhen/ros2/robodog-yunnan-elec/install/ros2_tools/include/ros2_tools/ros2_tools/msg/rosidl_typesupport_fastrtps_c__visibility_control.h
[4.194s] -- Up-to-date symlink: /home/zhenzhen/ros2/robodog-yunnan-elec/install/ros2_tools/include/ros2_tools/ros2_tools/msg/detail/lidar_pose__builder.hpp
[4.195s] -- Up-to-date symlink: /home/zhenzhen/ros2/robodog-yunnan-elec/install/ros2_tools/include/ros2_tools/ros2_tools/msg/detail/lidar_pose__struct.hpp
[4.195s] -- Up-to-date symlink: /home/zhenzhen/ros2/robodog-yunnan-elec/install/ros2_tools/include/ros2_tools/ros2_tools/msg/detail/lidar_pose__traits.hpp
[4.195s] -- Up-to-date symlink: /home/zhenzhen/ros2/robodog-yunnan-elec/install/ros2_tools/include/ros2_tools/ros2_tools/msg/detail/lidar_pose__type_support.hpp
[4.195s] -- Up-to-date symlink: /home/zhenzhen/ros2/robodog-yunnan-elec/install/ros2_tools/include/ros2_tools/ros2_tools/msg/lidar_pose.hpp
[4.195s] -- Up-to-date symlink: /home/zhenzhen/ros2/robodog-yunnan-elec/install/ros2_tools/include/ros2_tools/ros2_tools/msg/rosidl_generator_cpp__visibility_control.hpp
[4.196s] -- Up-to-date symlink: /home/zhenzhen/ros2/robodog-yunnan-elec/install/ros2_tools/include/ros2_tools/ros2_tools/msg/detail/lidar_pose__rosidl_typesupport_fastrtps_cpp.hpp
[4.196s] -- Up-to-date symlink: /home/zhenzhen/ros2/robodog-yunnan-elec/install/ros2_tools/include/ros2_tools/ros2_tools/msg/rosidl_typesupport_fastrtps_cpp__visibility_control.h
[4.196s] -- Up-to-date symlink: /home/zhenzhen/ros2/robodog-yunnan-elec/install/ros2_tools/include/ros2_tools/ros2_tools/msg/detail/lidar_pose__rosidl_typesupport_introspection_c.h
[4.197s] -- Up-to-date symlink: /home/zhenzhen/ros2/robodog-yunnan-elec/install/ros2_tools/include/ros2_tools/ros2_tools/msg/rosidl_typesupport_introspection_c__visibility_control.h
[4.197s] -- Up-to-date symlink: /home/zhenzhen/ros2/robodog-yunnan-elec/install/ros2_tools/include/ros2_tools/ros2_tools/msg/detail/lidar_pose__rosidl_typesupport_introspection_cpp.hpp
[4.197s] -- Up-to-date symlink: /home/zhenzhen/ros2/robodog-yunnan-elec/install/ros2_tools/share/ament_index/resource_index/rust_packages/ros2_tools
[4.198s] -- Up-to-date symlink: /home/zhenzhen/ros2/robodog-yunnan-elec/install/ros2_tools/share/ros2_tools/rust/Cargo.toml
[4.198s] -- Up-to-date symlink: /home/zhenzhen/ros2/robodog-yunnan-elec/install/ros2_tools/share/ros2_tools/rust/build.rs
[4.199s] -- Up-to-date symlink: /home/zhenzhen/ros2/robodog-yunnan-elec/install/ros2_tools/share/ros2_tools/rust/src/lib.rs
[4.199s] -- Up-to-date symlink: /home/zhenzhen/ros2/robodog-yunnan-elec/install/ros2_tools/share/ros2_tools/rust/src/msg.rs
[4.199s] -- Up-to-date symlink: /home/zhenzhen/ros2/robodog-yunnan-elec/install/ros2_tools/share/ros2_tools/environment/pythonpath.sh
[4.199s] -- Up-to-date symlink: /home/zhenzhen/ros2/robodog-yunnan-elec/install/ros2_tools/share/ros2_tools/environment/pythonpath.dsv
[4.200s] -- Up-to-date symlink: /home/zhenzhen/ros2/robodog-yunnan-elec/install/ros2_tools/local/lib/python3.10/dist-packages/ros2_tools-0.0.0-py3.10.egg-info/PKG-INFO
[4.200s] -- Up-to-date symlink: /home/zhenzhen/ros2/robodog-yunnan-elec/install/ros2_tools/local/lib/python3.10/dist-packages/ros2_tools-0.0.0-py3.10.egg-info/SOURCES.txt
[4.200s] -- Up-to-date symlink: /home/zhenzhen/ros2/robodog-yunnan-elec/install/ros2_tools/local/lib/python3.10/dist-packages/ros2_tools-0.0.0-py3.10.egg-info/dependency_links.txt
[4.201s] -- Up-to-date symlink: /home/zhenzhen/ros2/robodog-yunnan-elec/install/ros2_tools/local/lib/python3.10/dist-packages/ros2_tools-0.0.0-py3.10.egg-info/top_level.txt
[4.201s] -- Up-to-date symlink: /home/zhenzhen/ros2/robodog-yunnan-elec/install/ros2_tools/local/lib/python3.10/dist-packages/ros2_tools/__init__.py
[4.202s] -- Up-to-date symlink: /home/zhenzhen/ros2/robodog-yunnan-elec/install/ros2_tools/local/lib/python3.10/dist-packages/ros2_tools/_ros2_tools_s.ep.rosidl_typesupport_c.c
[4.202s] -- Up-to-date symlink: /home/zhenzhen/ros2/robodog-yunnan-elec/install/ros2_tools/local/lib/python3.10/dist-packages/ros2_tools/_ros2_tools_s.ep.rosidl_typesupport_fastrtps_c.c
[4.202s] -- Up-to-date symlink: /home/zhenzhen/ros2/robodog-yunnan-elec/install/ros2_tools/local/lib/python3.10/dist-packages/ros2_tools/_ros2_tools_s.ep.rosidl_typesupport_introspection_c.c
[4.202s] -- Up-to-date symlink: /home/zhenzhen/ros2/robodog-yunnan-elec/install/ros2_tools/local/lib/python3.10/dist-packages/ros2_tools/libros2_tools__rosidl_generator_py.so
[4.203s] -- Up-to-date symlink: /home/zhenzhen/ros2/robodog-yunnan-elec/install/ros2_tools/local/lib/python3.10/dist-packages/ros2_tools/msg/__init__.py
[4.203s] -- Up-to-date symlink: /home/zhenzhen/ros2/robodog-yunnan-elec/install/ros2_tools/local/lib/python3.10/dist-packages/ros2_tools/msg/_lidar_pose.py
[4.203s] -- Up-to-date symlink: /home/zhenzhen/ros2/robodog-yunnan-elec/install/ros2_tools/local/lib/python3.10/dist-packages/ros2_tools/msg/_lidar_pose_s.c
[4.203s] -- Up-to-date symlink: /home/zhenzhen/ros2/robodog-yunnan-elec/install/ros2_tools/local/lib/python3.10/dist-packages/ros2_tools/ros2_tools_s__rosidl_typesupport_c.cpython-310-aarch64-linux-gnu.so
[4.204s] -- Up-to-date symlink: /home/zhenzhen/ros2/robodog-yunnan-elec/install/ros2_tools/local/lib/python3.10/dist-packages/ros2_tools/ros2_tools_s__rosidl_typesupport_fastrtps_c.cpython-310-aarch64-linux-gnu.so
[4.204s] -- Up-to-date symlink: /home/zhenzhen/ros2/robodog-yunnan-elec/install/ros2_tools/local/lib/python3.10/dist-packages/ros2_tools/ros2_tools_s__rosidl_typesupport_introspection_c.cpython-310-aarch64-linux-gnu.so
[4.204s] -- Up-to-date symlink: /home/zhenzhen/ros2/robodog-yunnan-elec/install/ros2_tools/local/lib/python3.10/dist-packages/ros2_tools/ros2_tools_s__rosidl_typesupport_fastrtps_c.cpython-310-aarch64-linux-gnu.so
[4.204s] -- Up-to-date symlink: /home/zhenzhen/ros2/robodog-yunnan-elec/install/ros2_tools/local/lib/python3.10/dist-packages/ros2_tools/ros2_tools_s__rosidl_typesupport_introspection_c.cpython-310-aarch64-linux-gnu.so
[4.204s] -- Up-to-date symlink: /home/zhenzhen/ros2/robodog-yunnan-elec/install/ros2_tools/local/lib/python3.10/dist-packages/ros2_tools/ros2_tools_s__rosidl_typesupport_c.cpython-310-aarch64-linux-gnu.so
[4.205s] -- Up-to-date symlink: /home/zhenzhen/ros2/robodog-yunnan-elec/install/ros2_tools/share/ros2_tools/msg/LidarPose.idl
[4.205s] -- Up-to-date symlink: /home/zhenzhen/ros2/robodog-yunnan-elec/install/ros2_tools/share/ros2_tools/msg/LidarPose.msg
[4.205s] -- Up-to-date symlink: /home/zhenzhen/ros2/robodog-yunnan-elec/install/ros2_tools/lib/ros2_tools/lidar_data_node
[4.206s] -- Up-to-date symlink: /home/zhenzhen/ros2/robodog-yunnan-elec/install/ros2_tools/lib/ros2_tools/lidar_to_px4_bridge
[4.206s] -- Up-to-date symlink: /home/zhenzhen/ros2/robodog-yunnan-elec/install/ros2_tools/lib/ros2_tools/ground_camera_node
[4.206s] -- Up-to-date symlink: /home/zhenzhen/ros2/robodog-yunnan-elec/install/ros2_tools/lib/ros2_tools/lidar_to_px4_bridge
[4.209s] -- Up-to-date symlink: /home/zhenzhen/ros2/robodog-yunnan-elec/install/ros2_tools/share/ros2_tools/msg/LidarPose.msg
[4.209s] -- Up-to-date symlink: /home/zhenzhen/ros2/robodog-yunnan-elec/install/ros2_tools/share/ament_index/resource_index/package_run_dependencies/ros2_tools
[4.210s] -- Up-to-date symlink: /home/zhenzhen/ros2/robodog-yunnan-elec/install/ros2_tools/share/ament_index/resource_index/parent_prefix_path/ros2_tools
[4.210s] -- Up-to-date symlink: /home/zhenzhen/ros2/robodog-yunnan-elec/install/ros2_tools/share/ros2_tools/environment/ament_prefix_path.sh
[4.211s] -- Up-to-date symlink: /home/zhenzhen/ros2/robodog-yunnan-elec/install/ros2_tools/share/ros2_tools/environment/ament_prefix_path.dsv
[4.211s] -- Up-to-date symlink: /home/zhenzhen/ros2/robodog-yunnan-elec/install/ros2_tools/share/ros2_tools/environment/path.sh
[4.211s] -- Up-to-date symlink: /home/zhenzhen/ros2/robodog-yunnan-elec/install/ros2_tools/share/ros2_tools/environment/path.dsv
[4.211s] -- Up-to-date symlink: /home/zhenzhen/ros2/robodog-yunnan-elec/install/ros2_tools/share/ros2_tools/local_setup.bash
[4.211s] -- Up-to-date symlink: /home/zhenzhen/ros2/robodog-yunnan-elec/install/ros2_tools/share/ros2_tools/local_setup.sh
[4.212s] -- Up-to-date symlink: /home/zhenzhen/ros2/robodog-yunnan-elec/install/ros2_tools/share/ros2_tools/local_setup.zsh
[4.212s] -- Up-to-date symlink: /home/zhenzhen/ros2/robodog-yunnan-elec/install/ros2_tools/share/ros2_tools/local_setup.dsv
[4.212s] -- Symlinking: /home/zhenzhen/ros2/robodog-yunnan-elec/install/ros2_tools/share/ros2_tools/package.dsv
[4.232s] -- Up-to-date symlink: /home/zhenzhen/ros2/robodog-yunnan-elec/install/ros2_tools/share/ament_index/resource_index/packages/ros2_tools
[4.233s] -- Up-to-date symlink: /home/zhenzhen/ros2/robodog-yunnan-elec/install/ros2_tools/share/ros2_tools/cmake/rosidl_cmake-extras.cmake
[4.233s] -- Up-to-date symlink: /home/zhenzhen/ros2/robodog-yunnan-elec/install/ros2_tools/share/ros2_tools/cmake/ament_cmake_export_include_directories-extras.cmake
[4.233s] -- Up-to-date symlink: /home/zhenzhen/ros2/robodog-yunnan-elec/install/ros2_tools/share/ros2_tools/cmake/ament_cmake_export_libraries-extras.cmake
[4.233s] -- Up-to-date symlink: /home/zhenzhen/ros2/robodog-yunnan-elec/install/ros2_tools/share/ros2_tools/cmake/ament_cmake_export_targets-extras.cmake
[4.234s] -- Up-to-date symlink: /home/zhenzhen/ros2/robodog-yunnan-elec/install/ros2_tools/share/ros2_tools/cmake/rosidl_cmake_export_typesupport_targets-extras.cmake
[4.234s] -- Up-to-date symlink: /home/zhenzhen/ros2/robodog-yunnan-elec/install/ros2_tools/share/ros2_tools/cmake/ament_cmake_export_dependencies-extras.cmake
[4.234s] -- Up-to-date symlink: /home/zhenzhen/ros2/robodog-yunnan-elec/install/ros2_tools/share/ros2_tools/cmake/rosidl_cmake_export_typesupport_libraries-extras.cmake
[4.234s] -- Up-to-date symlink: /home/zhenzhen/ros2/robodog-yunnan-elec/install/ros2_tools/share/ros2_tools/cmake/ros2_toolsConfig.cmake
[4.234s] -- Up-to-date symlink: /home/zhenzhen/ros2/robodog-yunnan-elec/install/ros2_tools/share/ros2_tools/cmake/ros2_toolsConfig-version.cmake
[4.234s] -- Up-to-date symlink: /home/zhenzhen/ros2/robodog-yunnan-elec/install/ros2_tools/share/ros2_tools/package.xml
[4.235s] -- Up-to-date: /home/zhenzhen/ros2/robodog-yunnan-elec/install/ros2_tools/lib/libros2_tools__rosidl_generator_c.so
[4.235s] -- Up-to-date: /home/zhenzhen/ros2/robodog-yunnan-elec/install/ros2_tools/lib/libros2_tools__rosidl_typesupport_fastrtps_c.so
[4.235s] -- Up-to-date: /home/zhenzhen/ros2/robodog-yunnan-elec/install/ros2_tools/lib/libros2_tools__rosidl_typesupport_fastrtps_cpp.so
[4.236s] -- Up-to-date: /home/zhenzhen/ros2/robodog-yunnan-elec/install/ros2_tools/lib/libros2_tools__rosidl_typesupport_introspection_c.so
[4.236s] -- Up-to-date: /home/zhenzhen/ros2/robodog-yunnan-elec/install/ros2_tools/lib/libros2_tools__rosidl_typesupport_c.so
[4.236s] -- Up-to-date: /home/zhenzhen/ros2/robodog-yunnan-elec/install/ros2_tools/lib/libros2_tools__rosidl_typesupport_introspection_cpp.so
[4.237s] -- Up-to-date: /home/zhenzhen/ros2/robodog-yunnan-elec/install/ros2_tools/lib/libros2_tools__rosidl_typesupport_cpp.so
[4.323s] Listing '/home/zhenzhen/ros2/robodog-yunnan-elec/install/ros2_tools/local/lib/python3.10/dist-packages/ros2_tools'...
[4.324s] Compiling '/home/zhenzhen/ros2/robodog-yunnan-elec/install/ros2_tools/local/lib/python3.10/dist-packages/ros2_tools/__init__.py'...
[4.324s] Listing '/home/zhenzhen/ros2/robodog-yunnan-elec/install/ros2_tools/local/lib/python3.10/dist-packages/ros2_tools/msg'...
[4.335s] -- Up-to-date: /home/zhenzhen/ros2/robodog-yunnan-elec/install/ros2_tools/lib/libros2_tools__rosidl_generator_py.so
[4.336s] -- Up-to-date: /home/zhenzhen/ros2/robodog-yunnan-elec/install/ros2_tools/share/ros2_tools/cmake/export_ros2_tools__rosidl_generator_cExport.cmake
[4.336s] -- Up-to-date: /home/zhenzhen/ros2/robodog-yunnan-elec/install/ros2_tools/share/ros2_tools/cmake/export_ros2_tools__rosidl_generator_cExport-noconfig.cmake
[4.337s] -- Up-to-date: /home/zhenzhen/ros2/robodog-yunnan-elec/install/ros2_tools/share/ros2_tools/cmake/export_ros2_tools__rosidl_typesupport_fastrtps_cExport.cmake
[4.337s] -- Up-to-date: /home/zhenzhen/ros2/robodog-yunnan-elec/install/ros2_tools/share/ros2_tools/cmake/export_ros2_tools__rosidl_typesupport_fastrtps_cExport-noconfig.cmake
[4.337s] -- Up-to-date: /home/zhenzhen/ros2/robodog-yunnan-elec/install/ros2_tools/share/ros2_tools/cmake/export_ros2_tools__rosidl_generator_cppExport.cmake
[4.337s] -- Up-to-date: /home/zhenzhen/ros2/robodog-yunnan-elec/install/ros2_tools/share/ros2_tools/cmake/export_ros2_tools__rosidl_typesupport_fastrtps_cppExport.cmake
[4.337s] -- Up-to-date: /home/zhenzhen/ros2/robodog-yunnan-elec/install/ros2_tools/share/ros2_tools/cmake/export_ros2_tools__rosidl_typesupport_fastrtps_cppExport-noconfig.cmake
[4.338s] -- Up-to-date: /home/zhenzhen/ros2/robodog-yunnan-elec/install/ros2_tools/share/ros2_tools/cmake/ros2_tools__rosidl_typesupport_introspection_cExport.cmake
[4.338s] -- Up-to-date: /home/zhenzhen/ros2/robodog-yunnan-elec/install/ros2_tools/share/ros2_tools/cmake/ros2_tools__rosidl_typesupport_introspection_cExport-noconfig.cmake
[4.338s] -- Up-to-date: /home/zhenzhen/ros2/robodog-yunnan-elec/install/ros2_tools/share/ros2_tools/cmake/ros2_tools__rosidl_typesupport_cExport.cmake
[4.338s] -- Up-to-date: /home/zhenzhen/ros2/robodog-yunnan-elec/install/ros2_tools/share/ros2_tools/cmake/ros2_tools__rosidl_typesupport_cExport-noconfig.cmake
[4.338s] -- Up-to-date: /home/zhenzhen/ros2/robodog-yunnan-elec/install/ros2_tools/share/ros2_tools/cmake/ros2_tools__rosidl_typesupport_introspection_cppExport.cmake
[4.338s] -- Up-to-date: /home/zhenzhen/ros2/robodog-yunnan-elec/install/ros2_tools/share/ros2_tools/cmake/ros2_tools__rosidl_typesupport_introspection_cppExport-noconfig.cmake
[4.339s] -- Up-to-date: /home/zhenzhen/ros2/robodog-yunnan-elec/install/ros2_tools/share/ros2_tools/cmake/ros2_tools__rosidl_typesupport_cppExport.cmake
[4.339s] -- Up-to-date: /home/zhenzhen/ros2/robodog-yunnan-elec/install/ros2_tools/share/ros2_tools/cmake/ros2_tools__rosidl_typesupport_cppExport-noconfig.cmake
[4.339s] -- Up-to-date: /home/zhenzhen/ros2/robodog-yunnan-elec/install/ros2_tools/share/ros2_tools/cmake/export_ros2_tools__rosidl_generator_pyExport.cmake
[4.339s] -- Up-to-date: /home/zhenzhen/ros2/robodog-yunnan-elec/install/ros2_tools/share/ros2_tools/cmake/export_ros2_tools__rosidl_generator_pyExport-noconfig.cmake
[4.343s] Invoked command in '/home/zhenzhen/ros2/robodog-yunnan-elec/build/ros2_tools' returned '0': CMAKE_PREFIX_PATH=${CMAKE_PREFIX_PATH}:/home/zhenzhen/ros2/Quadcopter/install/yolip:/home/zhenzhen/ros2/Quadcopter/install/vision_py:/home/zhenzhen/ros2/ros2_rust/install/examples_worker_demo:/home/zhenzhen/ros2/ros2_rust/install/examples_rclrs_minimal_pub_sub:/home/zhenzhen/ros2/ros2_rust/install/examples_rclrs_minimal_client_service:/home/zhenzhen/ros2/ros2_rust/install/examples_parameter_demo:/home/zhenzhen/ros2/ros2_rust/install/examples_logging_demo:/home/zhenzhen/ros2/ros2_rust/install/sensor_msgs_py:/home/zhenzhen/ros2/ros2_rust/install/rust_pubsub:/home/zhenzhen/ros2/ros2_rust/install/examples_rclrs_message_demo:/home/zhenzhen/ros2/ros2_rust/install/rosidl_runtime_rs:/home/zhenzhen/ros2/ros2_rust/install/rclrs:/opt/ros/humble /usr/bin/cmake --install /home/zhenzhen/ros2/robodog-yunnan-elec/build/ros2_tools
