In file included from /usr/include/c++/11/memory:76,
                 from /home/zhenzhen/ros2/robodog-yunnan-elec/core_2026/src/layer4_system/dog_system.hpp:3,
                 from /home/zhenzhen/ros2/robodog-yunnan-elec/core_2026/src/layer4_system/dog_system.cpp:1:
/usr/include/c++/11/bits/unique_ptr.h: In instantiation of ‘typename std::_MakeUniq<_Tp>::__single_object std::make_unique(_Args&& ...) [with _Tp = FlightController; _Args = {RobotDogHAL&, rclcpp::Logger, std::shared_ptr<rclcpp::Clock>, int, PidConfig&}; typename std::_MakeUniq<_Tp>::__single_object = std::unique_ptr<FlightController>]’:
/home/zhenzhen/ros2/robodog-yunnan-elec/core_2026/src/layer4_system/dog_system.cpp:16:45:   required from here
/usr/include/c++/11/bits/unique_ptr.h:962:30: error: no matching function for call to ‘FlightController::FlightController(RobotDogHAL&, rclcpp::Logger, std::shared_ptr<rclcpp::Clock>, int, PidConfig&)’
  962 |     { return unique_ptr<_Tp>(new _Tp(std::forward<_Args>(__args)...)); }
      |                              ^~~~~~~~~~~~~~~~~~~~~~~~~~~~~~~~~~~~~~~
In file included from /home/zhenzhen/ros2/robodog-yunnan-elec/core_2026/src/layer4_system/dog_system.hpp:8,
                 from /home/zhenzhen/ros2/robodog-yunnan-elec/core_2026/src/layer4_system/dog_system.cpp:1:
/home/zhenzhen/ros2/robodog-yunnan-elec/core_2026/src/layer2_control/flight_controller.hpp:42:5: note: candidate: ‘FlightController::FlightController(IStateProvider&, ICommandPublisher&, rclcpp::Logger, rclcpp::Clock::SharedPtr, int, PidConfig)’
   42 |     FlightController(IStateProvider&          state,
      |     ^~~~~~~~~~~~~~~~
/home/zhenzhen/ros2/robodog-yunnan-elec/core_2026/src/layer2_control/flight_controller.hpp:43:48: note:   no known conversion for argument 2 from ‘rclcpp::Logger’ to ‘ICommandPublisher&’
   43 |                      ICommandPublisher&        cmd,
      |                      ~~~~~~~~~~~~~~~~~~~~~~~~~~^~~
/home/zhenzhen/ros2/robodog-yunnan-elec/core_2026/src/layer2_control/flight_controller.hpp:32:7: note: candidate: ‘FlightController::FlightController(const FlightController&)’
   32 | class FlightController {
      |       ^~~~~~~~~~~~~~~~
/home/zhenzhen/ros2/robodog-yunnan-elec/core_2026/src/layer2_control/flight_controller.hpp:32:7: note:   candidate expects 1 argument, 5 provided
/home/zhenzhen/ros2/robodog-yunnan-elec/core_2026/src/layer2_control/flight_controller.hpp:32:7: note: candidate: ‘FlightController::FlightController(FlightController&&)’
/home/zhenzhen/ros2/robodog-yunnan-elec/core_2026/src/layer2_control/flight_controller.hpp:32:7: note:   candidate expects 1 argument, 5 provided
gmake[2]: *** [CMakeFiles/dog_node.dir/build.make:132: CMakeFiles/dog_node.dir/src/layer4_system/dog_system.cpp.o] Error 1
gmake[2]: *** Waiting for unfinished jobs....
gmake[1]: *** [CMakeFiles/Makefile2:221: CMakeFiles/dog_node.dir/all] Error 2
gmake[1]: *** Waiting for unfinished jobs....
gmake: *** [Makefile:146: all] Error 2
