-- Found ament_cmake: 1.3.11 (/opt/ros/humble/share/ament_cmake/cmake)
-- Override CMake install command with custom implementation using symlinks instead of copying resources
-- Found rclcpp: 16.0.12 (/opt/ros/humble/share/rclcpp/cmake)
-- Found rosidl_generator_c: 3.1.6 (/opt/ros/humble/share/rosidl_generator_c/cmake)
-- Found rosidl_adapter: 3.1.6 (/opt/ros/humble/share/rosidl_adapter/cmake)
-- Found rosidl_generator_cpp: 3.1.6 (/opt/ros/humble/share/rosidl_generator_cpp/cmake)
-- Using all available rosidl_typesupport_c: rosidl_typesupport_fastrtps_c;rosidl_typesupport_introspection_c
-- Using all available rosidl_typesupport_cpp: rosidl_typesupport_fastrtps_cpp;rosidl_typesupport_introspection_cpp
-- Found rmw_implementation_cmake: 6.1.2 (/opt/ros/humble/share/rmw_implementation_cmake/cmake)
-- Found rmw_fastrtps_cpp: 6.2.7 (/opt/ros/humble/share/rmw_fastrtps_cpp/cmake)
-- Using RMW implementation 'rmw_fastrtps_cpp' as default
-- Found geometry_msgs: 4.9.0 (/home/zhenzhen/ros2/ros2_rust/install/geometry_msgs/share/geometry_msgs/cmake)
-- Found nav_msgs: 4.9.0 (/home/zhenzhen/ros2/ros2_rust/install/nav_msgs/share/nav_msgs/cmake)
-- Found mavros_msgs: 2.10.0 (/home/zhenzhen/ros2/mavros/install/mavros_msgs/share/mavros_msgs/cmake)
-- Found ros2_tools: 0.0.0 (/home/zhenzhen/ros2/robodog-yunnan-elec/install/ros2_tools/share/ros2_tools/cmake)
-- Found messages: 0.0.0 (/home/zhenzhen/ros2/robodog-yunnan-elec/install/messages/share/messages/cmake)
-- Configuring done
-- Generating done
-- Build files have been written to: /home/zhenzhen/ros2/robodog-yunnan-elec/build/core_2026
[ 22%] Building CXX object CMakeFiles/dog_node.dir/src/layer1_hal/robot_dog_hal.cpp.o
[ 22%] Building CXX object CMakeFiles/dog_node.dir/src/layer2_control/pid_controller.cpp.o
[ 22%] Building CXX object CMakeFiles/quad_node.dir/src/layer1_hal/drone_hal.cpp.o
[ 27%] Building CXX object CMakeFiles/car_mission_node.dir/src/layer3_mission/car_mission_executor.cpp.o
[ 27%] Building CXX object CMakeFiles/test_max_curvature.dir/src/layer3_mission/test_max_curvature.cpp.o
[ 33%] Building CXX object CMakeFiles/quad_node.dir/src/layer2_control/pid_controller.cpp.o
[ 38%] Building CXX object CMakeFiles/quad_node.dir/src/layer2_control/flight_controller.cpp.o
[ 44%] Building CXX object CMakeFiles/dog_node.dir/src/layer2_control/flight_controller.cpp.o
[ 50%] Building CXX object CMakeFiles/dog_node.dir/src/layer3_mission/mission_executor.cpp.o
[ 55%] Building CXX object CMakeFiles/dog_node.dir/src/layer4_system/dog_system.cpp.o
[ 61%] Building CXX object CMakeFiles/dog_node.dir/src/main_dog.cpp.o
[ 66%] Building CXX object CMakeFiles/quad_node.dir/src/layer3_mission/mission_executor.cpp.o
[ 72%] Linking CXX executable car_mission_node
[ 72%] Built target car_mission_node
[ 77%] Building CXX object CMakeFiles/quad_node.dir/src/layer4_system/drone_system.cpp.o
[ 83%] Building CXX object CMakeFiles/quad_node.dir/src/main.cpp.o
[ 88%] Linking CXX executable test_max_curvature
[ 88%] Built target test_max_curvature
[ 94%] Linking CXX executable quad_node
[ 94%] Built target quad_node
