[0.030s] Invoking command in '/home/zhenzhen/ros2/robodog-yunnan-elec/build/core_2026': CMAKE_PREFIX_PATH=${CMAKE_PREFIX_PATH}:/home/zhenzhen/ros2/Quadcopter/install/yolip:/home/zhenzhen/ros2/Quadcopter/install/vision_py:/home/zhenzhen/ros2/ros2_rust/install/examples_worker_demo:/home/zhenzhen/ros2/ros2_rust/install/examples_rclrs_minimal_pub_sub:/home/zhenzhen/ros2/ros2_rust/install/examples_rclrs_minimal_client_service:/home/zhenzhen/ros2/ros2_rust/install/examples_parameter_demo:/home/zhenzhen/ros2/ros2_rust/install/examples_logging_demo:/home/zhenzhen/ros2/ros2_rust/install/sensor_msgs_py:/home/zhenzhen/ros2/ros2_rust/install/rust_pubsub:/home/zhenzhen/ros2/ros2_rust/install/examples_rclrs_message_demo:/home/zhenzhen/ros2/ros2_rust/install/rosidl_runtime_rs:/home/zhenzhen/ros2/ros2_rust/install/rclrs:/opt/ros/humble /usr/bin/cmake /home/zhenzhen/ros2/robodog-yunnan-elec/core_2026 -DCMAKE_INSTALL_PREFIX=/home/zhenzhen/ros2/robodog-yunnan-elec/install/core_2026
[0.055s] -- Found ament_cmake: 1.3.11 (/opt/ros/humble/share/ament_cmake/cmake)
[0.347s] -- Override CMake install command with custom implementation using symlinks instead of copying resources
[0.362s] -- Found rclcpp: 16.0.12 (/opt/ros/humble/share/rclcpp/cmake)
[0.420s] -- Found rosidl_generator_c: 3.1.6 (/opt/ros/humble/share/rosidl_generator_c/cmake)
[0.424s] -- Found rosidl_adapter: 3.1.6 (/opt/ros/humble/share/rosidl_adapter/cmake)
[0.433s] -- Found rosidl_generator_cpp: 3.1.6 (/opt/ros/humble/share/rosidl_generator_cpp/cmake)
[0.451s] -- Using all available rosidl_typesupport_c: rosidl_typesupport_fastrtps_c;rosidl_typesupport_introspection_c
[0.472s] -- Using all available rosidl_typesupport_cpp: rosidl_typesupport_fastrtps_cpp;rosidl_typesupport_introspection_cpp
[0.523s] -- Found rmw_implementation_cmake: 6.1.2 (/opt/ros/humble/share/rmw_implementation_cmake/cmake)
[0.527s] -- Found rmw_fastrtps_cpp: 6.2.7 (/opt/ros/humble/share/rmw_fastrtps_cpp/cmake)
[0.715s] -- Using RMW implementation 'rmw_fastrtps_cpp' as default
[0.792s] -- Found geometry_msgs: 4.9.0 (/home/zhenzhen/ros2/ros2_rust/install/geometry_msgs/share/geometry_msgs/cmake)
[0.809s] -- Found nav_msgs: 4.9.0 (/home/zhenzhen/ros2/ros2_rust/install/nav_msgs/share/nav_msgs/cmake)
[0.834s] -- Found mavros_msgs: 2.10.0 (/home/zhenzhen/ros2/mavros/install/mavros_msgs/share/mavros_msgs/cmake)
[0.935s] -- Found ros2_tools: 0.0.0 (/home/zhenzhen/ros2/robodog-yunnan-elec/install/ros2_tools/share/ros2_tools/cmake)
[0.948s] -- Found messages: 0.0.0 (/home/zhenzhen/ros2/robodog-yunnan-elec/install/messages/share/messages/cmake)
[1.186s] -- Configuring done
[1.258s] -- Generating done
[1.274s] -- Build files have been written to: /home/zhenzhen/ros2/robodog-yunnan-elec/build/core_2026
[1.296s] Invoked command in '/home/zhenzhen/ros2/robodog-yunnan-elec/build/core_2026' returned '0': CMAKE_PREFIX_PATH=${CMAKE_PREFIX_PATH}:/home/zhenzhen/ros2/Quadcopter/install/yolip:/home/zhenzhen/ros2/Quadcopter/install/vision_py:/home/zhenzhen/ros2/ros2_rust/install/examples_worker_demo:/home/zhenzhen/ros2/ros2_rust/install/examples_rclrs_minimal_pub_sub:/home/zhenzhen/ros2/ros2_rust/install/examples_rclrs_minimal_client_service:/home/zhenzhen/ros2/ros2_rust/install/examples_parameter_demo:/home/zhenzhen/ros2/ros2_rust/install/examples_logging_demo:/home/zhenzhen/ros2/ros2_rust/install/sensor_msgs_py:/home/zhenzhen/ros2/ros2_rust/install/rust_pubsub:/home/zhenzhen/ros2/ros2_rust/install/examples_rclrs_message_demo:/home/zhenzhen/ros2/ros2_rust/install/rosidl_runtime_rs:/home/zhenzhen/ros2/ros2_rust/install/rclrs:/opt/ros/humble /usr/bin/cmake /home/zhenzhen/ros2/robodog-yunnan-elec/core_2026 -DCMAKE_INSTALL_PREFIX=/home/zhenzhen/ros2/robodog-yunnan-elec/install/core_2026
[1.301s] Invoking command in '/home/zhenzhen/ros2/robodog-yunnan-elec/build/core_2026': CMAKE_PREFIX_PATH=${CMAKE_PREFIX_PATH}:/home/zhenzhen/ros2/Quadcopter/install/yolip:/home/zhenzhen/ros2/Quadcopter/install/vision_py:/home/zhenzhen/ros2/ros2_rust/install/examples_worker_demo:/home/zhenzhen/ros2/ros2_rust/install/examples_rclrs_minimal_pub_sub:/home/zhenzhen/ros2/ros2_rust/install/examples_rclrs_minimal_client_service:/home/zhenzhen/ros2/ros2_rust/install/examples_parameter_demo:/home/zhenzhen/ros2/ros2_rust/install/examples_logging_demo:/home/zhenzhen/ros2/ros2_rust/install/sensor_msgs_py:/home/zhenzhen/ros2/ros2_rust/install/rust_pubsub:/home/zhenzhen/ros2/ros2_rust/install/examples_rclrs_message_demo:/home/zhenzhen/ros2/ros2_rust/install/rosidl_runtime_rs:/home/zhenzhen/ros2/ros2_rust/install/rclrs:/opt/ros/humble /usr/bin/cmake --build /home/zhenzhen/ros2/robodog-yunnan-elec/build/core_2026 -- -j6 -l6
[1.432s] [ 22%] Building CXX object CMakeFiles/dog_node.dir/src/layer1_hal/robot_dog_hal.cpp.o
[1.432s] [ 22%] Building CXX object CMakeFiles/dog_node.dir/src/layer2_control/pid_controller.cpp.o
[1.432s] [ 22%] Building CXX object CMakeFiles/quad_node.dir/src/layer1_hal/drone_hal.cpp.o
[1.432s] [ 27%] Building CXX object CMakeFiles/car_mission_node.dir/src/layer3_mission/car_mission_executor.cpp.o
[1.434s] [ 27%] Building CXX object CMakeFiles/test_max_curvature.dir/src/layer3_mission/test_max_curvature.cpp.o
[1.437s] [ 33%] Building CXX object CMakeFiles/quad_node.dir/src/layer2_control/pid_controller.cpp.o
[2.004s] [ 38%] Building CXX object CMakeFiles/quad_node.dir/src/layer2_control/flight_controller.cpp.o
[2.126s] [ 44%] Building CXX object CMakeFiles/dog_node.dir/src/layer2_control/flight_controller.cpp.o
[8.188s] [ 50%] Building CXX object CMakeFiles/dog_node.dir/src/layer3_mission/mission_executor.cpp.o
[9.094s] [ 55%] Building CXX object CMakeFiles/dog_node.dir/src/layer4_system/dog_system.cpp.o
[14.269s] [ 61%] Building CXX object CMakeFiles/dog_node.dir/src/main_dog.cpp.o
[15.057s] In file included from /usr/include/c++/11/memory:76,
[15.057s]                  from /home/zhenzhen/ros2/robodog-yunnan-elec/core_2026/src/layer4_system/dog_system.hpp:3,
[15.058s]                  from /home/zhenzhen/ros2/robodog-yunnan-elec/core_2026/src/layer4_system/dog_system.cpp:1:
[15.058s] /usr/include/c++/11/bits/unique_ptr.h: In instantiation of ‘typename std::_MakeUniq<_Tp>::__single_object std::make_unique(_Args&& ...) [with _Tp = FlightController; _Args = {RobotDogHAL&, rclcpp::Logger, std::shared_ptr<rclcpp::Clock>, int, PidConfig&}; typename std::_MakeUniq<_Tp>::__single_object = std::unique_ptr<FlightController>]’:
[15.058s] /home/zhenzhen/ros2/robodog-yunnan-elec/core_2026/src/layer4_system/dog_system.cpp:16:45:   required from here
[15.058s] /usr/include/c++/11/bits/unique_ptr.h:962:30: error: no matching function for call to ‘FlightController::FlightController(RobotDogHAL&, rclcpp::Logger, std::shared_ptr<rclcpp::Clock>, int, PidConfig&)’
[15.058s]   962 |     { return unique_ptr<_Tp>(new _Tp(std::forward<_Args>(__args)...)); }
[15.058s]       |                              ^~~~~~~~~~~~~~~~~~~~~~~~~~~~~~~~~~~~~~~
[15.058s] In file included from /home/zhenzhen/ros2/robodog-yunnan-elec/core_2026/src/layer4_system/dog_system.hpp:8,
[15.058s]                  from /home/zhenzhen/ros2/robodog-yunnan-elec/core_2026/src/layer4_system/dog_system.cpp:1:
[15.058s] /home/zhenzhen/ros2/robodog-yunnan-elec/core_2026/src/layer2_control/flight_controller.hpp:42:5: note: candidate: ‘FlightController::FlightController(IStateProvider&, ICommandPublisher&, rclcpp::Logger, rclcpp::Clock::SharedPtr, int, PidConfig)’
[15.058s]    42 |     FlightController(IStateProvider&          state,
[15.059s]       |     ^~~~~~~~~~~~~~~~
[15.059s] /home/zhenzhen/ros2/robodog-yunnan-elec/core_2026/src/layer2_control/flight_controller.hpp:43:48: note:   no known conversion for argument 2 from ‘rclcpp::Logger’ to ‘ICommandPublisher&’
[15.059s]    43 |                      ICommandPublisher&        cmd,
[15.059s]       |                      ~~~~~~~~~~~~~~~~~~~~~~~~~~^~~
[15.059s] /home/zhenzhen/ros2/robodog-yunnan-elec/core_2026/src/layer2_control/flight_controller.hpp:32:7: note: candidate: ‘FlightController::FlightController(const FlightController&)’
[15.059s]    32 | class FlightController {
[15.059s]       |       ^~~~~~~~~~~~~~~~
[15.059s] /home/zhenzhen/ros2/robodog-yunnan-elec/core_2026/src/layer2_control/flight_controller.hpp:32:7: note:   candidate expects 1 argument, 5 provided
[15.059s] /home/zhenzhen/ros2/robodog-yunnan-elec/core_2026/src/layer2_control/flight_controller.hpp:32:7: note: candidate: ‘FlightController::FlightController(FlightController&&)’
[15.059s] /home/zhenzhen/ros2/robodog-yunnan-elec/core_2026/src/layer2_control/flight_controller.hpp:32:7: note:   candidate expects 1 argument, 5 provided
[16.107s] gmake[2]: *** [CMakeFiles/dog_node.dir/build.make:132: CMakeFiles/dog_node.dir/src/layer4_system/dog_system.cpp.o] Error 1
[16.107s] gmake[2]: *** Waiting for unfinished jobs....
[16.133s] [ 66%] Building CXX object CMakeFiles/quad_node.dir/src/layer3_mission/mission_executor.cpp.o
[19.142s] [ 72%] Linking CXX executable car_mission_node
[20.356s] [ 72%] Built target car_mission_node
[20.391s] [ 77%] Building CXX object CMakeFiles/quad_node.dir/src/layer4_system/drone_system.cpp.o
[20.807s] [ 83%] Building CXX object CMakeFiles/quad_node.dir/src/main.cpp.o
[22.240s] gmake[1]: *** [CMakeFiles/Makefile2:221: CMakeFiles/dog_node.dir/all] Error 2
[22.240s] gmake[1]: *** Waiting for unfinished jobs....
[32.634s] [ 88%] Linking CXX executable test_max_curvature
[34.348s] [ 88%] Built target test_max_curvature
[45.969s] [ 94%] Linking CXX executable quad_node
[48.585s] [ 94%] Built target quad_node
[48.586s] gmake: *** [Makefile:146: all] Error 2
[48.590s] Invoked command in '/home/zhenzhen/ros2/robodog-yunnan-elec/build/core_2026' returned '2': CMAKE_PREFIX_PATH=${CMAKE_PREFIX_PATH}:/home/zhenzhen/ros2/Quadcopter/install/yolip:/home/zhenzhen/ros2/Quadcopter/install/vision_py:/home/zhenzhen/ros2/ros2_rust/install/examples_worker_demo:/home/zhenzhen/ros2/ros2_rust/install/examples_rclrs_minimal_pub_sub:/home/zhenzhen/ros2/ros2_rust/install/examples_rclrs_minimal_client_service:/home/zhenzhen/ros2/ros2_rust/install/examples_parameter_demo:/home/zhenzhen/ros2/ros2_rust/install/examples_logging_demo:/home/zhenzhen/ros2/ros2_rust/install/sensor_msgs_py:/home/zhenzhen/ros2/ros2_rust/install/rust_pubsub:/home/zhenzhen/ros2/ros2_rust/install/examples_rclrs_message_demo:/home/zhenzhen/ros2/ros2_rust/install/rosidl_runtime_rs:/home/zhenzhen/ros2/ros2_rust/install/rclrs:/opt/ros/humble /usr/bin/cmake --build /home/zhenzhen/ros2/robodog-yunnan-elec/build/core_2026 -- -j6 -l6
