-- The C compiler identification is GNU 11.4.0
-- The CXX compiler identification is GNU 11.4.0
-- Detecting C compiler ABI info
-- Detecting C compiler ABI info - done
-- Check for working C compiler: /usr/bin/cc - skipped
-- Detecting C compile features
-- Detecting C compile features - done
-- Detecting CXX compiler ABI info
-- Detecting CXX compiler ABI info - done
-- Check for working CXX compiler: /usr/bin/c++ - skipped
-- Detecting CXX compile features
-- Detecting CXX compile features - done
-- Found ament_cmake: 1.3.11 (/opt/ros/humble/share/ament_cmake/cmake)
-- Found Python3: /usr/bin/python3 (found version "3.10.12") found components: Interpreter 
-- Override CMake install command with custom implementation using symlinks instead of copying resources
-- Found rclcpp: 16.0.12 (/opt/ros/humble/share/rclcpp/cmake)
-- Found rosidl_generator_c: 3.1.6 (/opt/ros/humble/share/rosidl_generator_c/cmake)
-- Found rosidl_adapter: 3.1.6 (/opt/ros/humble/share/rosidl_adapter/cmake)
-- Found rosidl_generator_cpp: 3.1.6 (/opt/ros/humble/share/rosidl_generator_cpp/cmake)
-- Using all available rosidl_typesupport_c: rosidl_typesupport_fastrtps_c;rosidl_typesupport_introspection_c
-- Using all available rosidl_typesupport_cpp: rosidl_typesupport_fastrtps_cpp;rosidl_typesupport_introspection_cpp
-- Found rmw_implementation_cmake: 6.1.2 (/opt/ros/humble/share/rmw_implementation_cmake/cmake)
-- Found rmw_fastrtps_cpp: 6.2.7 (/opt/ros/humble/share/rmw_fastrtps_cpp/cmake)
-- Found OpenSSL: /usr/lib/aarch64-linux-gnu/libcrypto.so (found version "3.0.2")  
-- Found FastRTPS: /opt/ros/humble/include  
-- Using RMW implementation 'rmw_fastrtps_cpp' as default
-- Looking for pthread.h
-- Looking for pthread.h - found
-- Performing Test CMAKE_HAVE_LIBC_PTHREAD
-- Performing Test CMAKE_HAVE_LIBC_PTHREAD - Success
-- Found Threads: TRUE  
-- Found rosidl_default_generators: 1.2.0 (/home/zhenzhen/ros2/ros2_rust/install/rosidl_default_generators/share/rosidl_default_generators/cmake)
-- Found sensor_msgs: 4.9.0 (/home/zhenzhen/ros2/ros2_rust/install/sensor_msgs/share/sensor_msgs/cmake)
-- Found ament_cmake_ros: 0.10.0 (/opt/ros/humble/share/ament_cmake_ros/cmake)
-- Using all available rosidl_typesupport_c: rosidl_typesupport_fastrtps_c;rosidl_typesupport_introspection_c
-- Using all available rosidl_typesupport_cpp: rosidl_typesupport_fastrtps_cpp;rosidl_typesupport_introspection_cpp
-- Found PythonInterp: /usr/bin/python3 (found suitable version "3.10.12", minimum required is "3.6") 
-- Found python_cmake_module: 0.10.0 (/opt/ros/humble/share/python_cmake_module/cmake)
-- Found PythonLibs: /usr/lib/aarch64-linux-gnu/libpython3.10.so (found suitable version "3.10.12", minimum required is "3.5") 
-- Using PYTHON_EXECUTABLE: /usr/bin/python3
-- Using PYTHON_INCLUDE_DIRS: /usr/include/python3.10
-- Using PYTHON_LIBRARIES: /usr/lib/aarch64-linux-gnu/libpython3.10.so
-- Found PythonExtra: .so  
-- Configuring done
-- Generating done
-- Build files have been written to: /home/zhenzhen/ros2/robodog-yunnan-elec/build/messages
[  0%] Generating C code for ROS interfaces
[  0%] Generating C++ code for ROS interfaces
[  1%] Generating Rust code for ROS interfaces
[  1%] Built target ament_cmake_python_symlink_messages
running egg_info
creating messages.egg-info
writing messages.egg-info/PKG-INFO
writing dependency_links to messages.egg-info/dependency_links.txt
writing top-level names to messages.egg-info/top_level.txt
writing manifest file 'messages.egg-info/SOURCES.txt'
reading manifest file 'messages.egg-info/SOURCES.txt'
writing manifest file 'messages.egg-info/SOURCES.txt'
[  1%] Built target ament_cmake_python_build_messages_egg
[  1%] Built target messages__rs
[  1%] Built target messages__cpp
[  2%] Generating C++ type support for eProsima Fast-RTPS
[  5%] Building C object CMakeFiles/messages__rosidl_generator_c.dir/rosidl_generator_c/messages/msg/detail/vision_msg__functions.c.o
[  6%] Generating C++ type support dispatch for ROS interfaces
[  4%] Building C object CMakeFiles/messages__rosidl_generator_c.dir/rosidl_generator_c/messages/msg/detail/smart_car_control_setpoint__functions.c.o
[  6%] Generating C++ introspection for ROS interfaces
[  6%] Building C object CMakeFiles/messages__rosidl_generator_c.dir/rosidl_generator_c/messages/msg/detail/vision__functions.c.o
[  7%] Building C object CMakeFiles/messages__rosidl_generator_c.dir/rosidl_generator_c/messages/msg/detail/smart_car_status__functions.c.o
[  8%] Building C object CMakeFiles/messages__rosidl_generator_c.dir/rosidl_generator_c/messages/msg/detail/smart_car_motion_state__functions.c.o
[  8%] Building C object CMakeFiles/messages__rosidl_generator_c.dir/rosidl_generator_c/messages/msg/detail/smart_car_motor_status__functions.c.o
[  9%] Building C object CMakeFiles/messages__rosidl_generator_c.dir/rosidl_generator_c/messages/msg/detail/smart_car_imu_status__functions.c.o
[ 10%] Building C object CMakeFiles/messages__rosidl_generator_c.dir/rosidl_generator_c/messages/msg/detail/smart_car_calib_status__functions.c.o
[ 10%] Building C object CMakeFiles/messages__rosidl_generator_c.dir/rosidl_generator_c/messages/msg/detail/platform_target__functions.c.o
[ 11%] Building C object CMakeFiles/messages__rosidl_generator_c.dir/rosidl_generator_c/messages/srv/detail/smart_car_command__functions.c.o
[ 12%] Building C object CMakeFiles/messages__rosidl_generator_c.dir/rosidl_generator_c/messages/srv/detail/smart_car_actuator_test__functions.c.o
[ 12%] Building C object CMakeFiles/messages__rosidl_generator_c.dir/rosidl_generator_c/messages/action/detail/takeoff__functions.c.o
[ 13%] Building C object CMakeFiles/messages__rosidl_generator_c.dir/rosidl_generator_c/messages/action/detail/go_to_target__functions.c.o
[ 14%] Building C object CMakeFiles/messages__rosidl_generator_c.dir/rosidl_generator_c/messages/action/detail/track_velocity__functions.c.o
[ 14%] Building C object CMakeFiles/messages__rosidl_generator_c.dir/rosidl_generator_c/messages/action/detail/land__functions.c.o
[ 15%] Building C object CMakeFiles/messages__rosidl_generator_c.dir/rosidl_generator_c/messages/action/detail/execute_mission__functions.c.o
[ 16%] Linking C shared library libmessages__rosidl_generator_c.so
[ 16%] Built target messages__rosidl_generator_c
[ 17%] Generating C type support for eProsima Fast-RTPS
[ 18%] Generating C introspection for ROS interfaces
[ 19%] Generating C type support dispatch for ROS interfaces
[ 19%] Building CXX object CMakeFiles/messages__rosidl_typesupport_cpp.dir/rosidl_typesupport_cpp/messages/msg/vision_msg__type_support.cpp.o
[ 20%] Building CXX object CMakeFiles/messages__rosidl_typesupport_cpp.dir/rosidl_typesupport_cpp/messages/msg/vision__type_support.cpp.o
[ 20%] Building CXX object CMakeFiles/messages__rosidl_typesupport_introspection_cpp.dir/rosidl_typesupport_introspection_cpp/messages/msg/detail/vision_msg__type_support.cpp.o
[ 21%] Building CXX object CMakeFiles/messages__rosidl_typesupport_cpp.dir/rosidl_typesupport_cpp/messages/msg/smart_car_control_setpoint__type_support.cpp.o
[ 21%] Building CXX object CMakeFiles/messages__rosidl_typesupport_cpp.dir/rosidl_typesupport_cpp/messages/msg/smart_car_status__type_support.cpp.o
[ 21%] Building CXX object CMakeFiles/messages__rosidl_typesupport_fastrtps_cpp.dir/rosidl_typesupport_fastrtps_cpp/messages/msg/detail/dds_fastrtps/vision_msg__type_support.cpp.o
[ 22%] Building CXX object CMakeFiles/messages__rosidl_typesupport_introspection_cpp.dir/rosidl_typesupport_introspection_cpp/messages/msg/detail/vision__type_support.cpp.o
[ 22%] Building CXX object CMakeFiles/messages__rosidl_typesupport_c.dir/rosidl_typesupport_c/messages/msg/vision_msg__type_support.cpp.o
[ 23%] Building CXX object CMakeFiles/messages__rosidl_typesupport_c.dir/rosidl_typesupport_c/messages/msg/vision__type_support.cpp.o
[ 23%] Building CXX object CMakeFiles/messages__rosidl_typesupport_c.dir/rosidl_typesupport_c/messages/msg/smart_car_control_setpoint__type_support.cpp.o
[ 24%] Building CXX object CMakeFiles/messages__rosidl_typesupport_c.dir/rosidl_typesupport_c/messages/msg/smart_car_status__type_support.cpp.o
[ 25%] Building CXX object CMakeFiles/messages__rosidl_typesupport_cpp.dir/rosidl_typesupport_cpp/messages/msg/smart_car_motion_state__type_support.cpp.o
[ 26%] Building CXX object CMakeFiles/messages__rosidl_typesupport_c.dir/rosidl_typesupport_c/messages/msg/smart_car_motion_state__type_support.cpp.o
[ 26%] Building CXX object CMakeFiles/messages__rosidl_typesupport_c.dir/rosidl_typesupport_c/messages/msg/smart_car_motor_status__type_support.cpp.o
[ 27%] Building CXX object CMakeFiles/messages__rosidl_typesupport_c.dir/rosidl_typesupport_c/messages/msg/smart_car_imu_status__type_support.cpp.o
[ 28%] Building CXX object CMakeFiles/messages__rosidl_typesupport_fastrtps_cpp.dir/rosidl_typesupport_fastrtps_cpp/messages/msg/detail/dds_fastrtps/vision__type_support.cpp.o
[ 29%] Building CXX object CMakeFiles/messages__rosidl_typesupport_c.dir/rosidl_typesupport_c/messages/msg/smart_car_calib_status__type_support.cpp.o
[ 30%] Building CXX object CMakeFiles/messages__rosidl_typesupport_introspection_cpp.dir/rosidl_typesupport_introspection_cpp/messages/msg/detail/smart_car_control_setpoint__type_support.cpp.o
[ 31%] Building CXX object CMakeFiles/messages__rosidl_typesupport_cpp.dir/rosidl_typesupport_cpp/messages/msg/smart_car_motor_status__type_support.cpp.o
[ 31%] Building CXX object CMakeFiles/messages__rosidl_typesupport_c.dir/rosidl_typesupport_c/messages/msg/platform_target__type_support.cpp.o
[ 31%] Building C object CMakeFiles/messages__rosidl_typesupport_introspection_c.dir/rosidl_typesupport_introspection_c/messages/msg/detail/vision_msg__type_support.c.o
[ 32%] Building CXX object CMakeFiles/messages__rosidl_typesupport_c.dir/rosidl_typesupport_c/messages/srv/smart_car_command__type_support.cpp.o
[ 33%] Building C object CMakeFiles/messages__rosidl_typesupport_introspection_c.dir/rosidl_typesupport_introspection_c/messages/msg/detail/vision__type_support.c.o
[ 34%] Building CXX object CMakeFiles/messages__rosidl_typesupport_c.dir/rosidl_typesupport_c/messages/srv/smart_car_actuator_test__type_support.cpp.o
[ 34%] Building C object CMakeFiles/messages__rosidl_typesupport_introspection_c.dir/rosidl_typesupport_introspection_c/messages/msg/detail/smart_car_control_setpoint__type_support.c.o
[ 34%] Building CXX object CMakeFiles/messages__rosidl_typesupport_c.dir/rosidl_typesupport_c/messages/action/takeoff__type_support.cpp.o
[ 35%] Building C object CMakeFiles/messages__rosidl_typesupport_introspection_c.dir/rosidl_typesupport_introspection_c/messages/msg/detail/smart_car_status__type_support.c.o
[ 35%] Building CXX object CMakeFiles/messages__rosidl_typesupport_fastrtps_c.dir/rosidl_typesupport_fastrtps_c/messages/msg/detail/vision_msg__type_support_c.cpp.o
[ 36%] Building CXX object CMakeFiles/messages__rosidl_typesupport_c.dir/rosidl_typesupport_c/messages/action/go_to_target__type_support.cpp.o
[ 37%] Building C object CMakeFiles/messages__rosidl_typesupport_introspection_c.dir/rosidl_typesupport_introspection_c/messages/msg/detail/smart_car_motion_state__type_support.c.o
[ 37%] Building CXX object CMakeFiles/messages__rosidl_typesupport_cpp.dir/rosidl_typesupport_cpp/messages/msg/smart_car_imu_status__type_support.cpp.o
[ 37%] Building C object CMakeFiles/messages__rosidl_typesupport_introspection_c.dir/rosidl_typesupport_introspection_c/messages/msg/detail/smart_car_motor_status__type_support.c.o
[ 38%] Building CXX object CMakeFiles/messages__rosidl_typesupport_c.dir/rosidl_typesupport_c/messages/action/track_velocity__type_support.cpp.o
[ 38%] Building CXX object CMakeFiles/messages__rosidl_typesupport_introspection_cpp.dir/rosidl_typesupport_introspection_cpp/messages/msg/detail/smart_car_status__type_support.cpp.o
[ 39%] Building C object CMakeFiles/messages__rosidl_typesupport_introspection_c.dir/rosidl_typesupport_introspection_c/messages/msg/detail/smart_car_imu_status__type_support.c.o
[ 39%] Building CXX object CMakeFiles/messages__rosidl_typesupport_c.dir/rosidl_typesupport_c/messages/action/land__type_support.cpp.o
[ 40%] Building C object CMakeFiles/messages__rosidl_typesupport_introspection_c.dir/rosidl_typesupport_introspection_c/messages/msg/detail/smart_car_calib_status__type_support.c.o
[ 42%] Building CXX object CMakeFiles/messages__rosidl_typesupport_fastrtps_cpp.dir/rosidl_typesupport_fastrtps_cpp/messages/msg/detail/dds_fastrtps/smart_car_control_setpoint__type_support.cpp.o
[ 42%] Building CXX object CMakeFiles/messages__rosidl_typesupport_c.dir/rosidl_typesupport_c/messages/action/execute_mission__type_support.cpp.o
[ 42%] Building C object CMakeFiles/messages__rosidl_typesupport_introspection_c.dir/rosidl_typesupport_introspection_c/messages/msg/detail/platform_target__type_support.c.o
[ 43%] Building CXX object CMakeFiles/messages__rosidl_typesupport_cpp.dir/rosidl_typesupport_cpp/messages/msg/smart_car_calib_status__type_support.cpp.o
[ 44%] Building C object CMakeFiles/messages__rosidl_typesupport_introspection_c.dir/rosidl_typesupport_introspection_c/messages/srv/detail/smart_car_command__type_support.c.o
[ 45%] Linking CXX shared library libmessages__rosidl_typesupport_c.so
[ 46%] Building C object CMakeFiles/messages__rosidl_typesupport_introspection_c.dir/rosidl_typesupport_introspection_c/messages/srv/detail/smart_car_actuator_test__type_support.c.o
[ 46%] Building C object CMakeFiles/messages__rosidl_typesupport_introspection_c.dir/rosidl_typesupport_introspection_c/messages/action/detail/takeoff__type_support.c.o
[ 46%] Built target messages__rosidl_typesupport_c
[ 47%] Building CXX object CMakeFiles/messages__rosidl_typesupport_cpp.dir/rosidl_typesupport_cpp/messages/msg/platform_target__type_support.cpp.o
[ 48%] Building CXX object CMakeFiles/messages__rosidl_typesupport_fastrtps_c.dir/rosidl_typesupport_fastrtps_c/messages/msg/detail/vision__type_support_c.cpp.o
[ 49%] Building C object CMakeFiles/messages__rosidl_typesupport_introspection_c.dir/rosidl_typesupport_introspection_c/messages/action/detail/go_to_target__type_support.c.o
[ 50%] Building CXX object CMakeFiles/messages__rosidl_typesupport_introspection_cpp.dir/rosidl_typesupport_introspection_cpp/messages/msg/detail/smart_car_motion_state__type_support.cpp.o
[ 51%] Building C object CMakeFiles/messages__rosidl_typesupport_introspection_c.dir/rosidl_typesupport_introspection_c/messages/action/detail/track_velocity__type_support.c.o
[ 51%] Building C object CMakeFiles/messages__rosidl_typesupport_introspection_c.dir/rosidl_typesupport_introspection_c/messages/action/detail/land__type_support.c.o
[ 52%] Building CXX object CMakeFiles/messages__rosidl_typesupport_introspection_cpp.dir/rosidl_typesupport_introspection_cpp/messages/msg/detail/smart_car_motor_status__type_support.cpp.o
[ 52%] Building CXX object CMakeFiles/messages__rosidl_typesupport_fastrtps_cpp.dir/rosidl_typesupport_fastrtps_cpp/messages/msg/detail/dds_fastrtps/smart_car_status__type_support.cpp.o
[ 52%] Building CXX object CMakeFiles/messages__rosidl_typesupport_cpp.dir/rosidl_typesupport_cpp/messages/srv/smart_car_command__type_support.cpp.o
[ 53%] Building C object CMakeFiles/messages__rosidl_typesupport_introspection_c.dir/rosidl_typesupport_introspection_c/messages/action/detail/execute_mission__type_support.c.o
[ 54%] Linking C shared library libmessages__rosidl_typesupport_introspection_c.so
[ 54%] Building CXX object CMakeFiles/messages__rosidl_typesupport_fastrtps_c.dir/rosidl_typesupport_fastrtps_c/messages/msg/detail/smart_car_control_setpoint__type_support_c.cpp.o
[ 54%] Built target messages__rosidl_typesupport_introspection_c
[ 55%] Building CXX object CMakeFiles/messages__rosidl_typesupport_fastrtps_c.dir/rosidl_typesupport_fastrtps_c/messages/msg/detail/smart_car_status__type_support_c.cpp.o
[ 55%] Building CXX object CMakeFiles/messages__rosidl_typesupport_introspection_cpp.dir/rosidl_typesupport_introspection_cpp/messages/msg/detail/smart_car_imu_status__type_support.cpp.o
[ 56%] Building CXX object CMakeFiles/messages__rosidl_typesupport_cpp.dir/rosidl_typesupport_cpp/messages/srv/smart_car_actuator_test__type_support.cpp.o
[ 57%] Building CXX object CMakeFiles/messages__rosidl_typesupport_fastrtps_cpp.dir/rosidl_typesupport_fastrtps_cpp/messages/msg/detail/dds_fastrtps/smart_car_motion_state__type_support.cpp.o
[ 58%] Building CXX object CMakeFiles/messages__rosidl_typesupport_introspection_cpp.dir/rosidl_typesupport_introspection_cpp/messages/msg/detail/smart_car_calib_status__type_support.cpp.o
[ 59%] Building CXX object CMakeFiles/messages__rosidl_typesupport_fastrtps_c.dir/rosidl_typesupport_fastrtps_c/messages/msg/detail/smart_car_motion_state__type_support_c.cpp.o
[ 60%] Building CXX object CMakeFiles/messages__rosidl_typesupport_cpp.dir/rosidl_typesupport_cpp/messages/action/takeoff__type_support.cpp.o
[ 60%] Building CXX object CMakeFiles/messages__rosidl_typesupport_fastrtps_c.dir/rosidl_typesupport_fastrtps_c/messages/msg/detail/smart_car_motor_status__type_support_c.cpp.o
[ 60%] Building CXX object CMakeFiles/messages__rosidl_typesupport_cpp.dir/rosidl_typesupport_cpp/messages/action/go_to_target__type_support.cpp.o
[ 61%] Building CXX object CMakeFiles/messages__rosidl_typesupport_introspection_cpp.dir/rosidl_typesupport_introspection_cpp/messages/msg/detail/platform_target__type_support.cpp.o
[ 62%] Building CXX object CMakeFiles/messages__rosidl_typesupport_fastrtps_c.dir/rosidl_typesupport_fastrtps_c/messages/msg/detail/smart_car_imu_status__type_support_c.cpp.o
[ 63%] Building CXX object CMakeFiles/messages__rosidl_typesupport_fastrtps_cpp.dir/rosidl_typesupport_fastrtps_cpp/messages/msg/detail/dds_fastrtps/smart_car_motor_status__type_support.cpp.o
[ 64%] Building CXX object CMakeFiles/messages__rosidl_typesupport_fastrtps_c.dir/rosidl_typesupport_fastrtps_c/messages/msg/detail/smart_car_calib_status__type_support_c.cpp.o
[ 64%] Building CXX object CMakeFiles/messages__rosidl_typesupport_introspection_cpp.dir/rosidl_typesupport_introspection_cpp/messages/srv/detail/smart_car_command__type_support.cpp.o
[ 64%] Building CXX object CMakeFiles/messages__rosidl_typesupport_fastrtps_c.dir/rosidl_typesupport_fastrtps_c/messages/msg/detail/platform_target__type_support_c.cpp.o
[ 65%] Building CXX object CMakeFiles/messages__rosidl_typesupport_fastrtps_c.dir/rosidl_typesupport_fastrtps_c/messages/srv/detail/smart_car_command__type_support_c.cpp.o
[ 66%] Building CXX object CMakeFiles/messages__rosidl_typesupport_cpp.dir/rosidl_typesupport_cpp/messages/action/track_velocity__type_support.cpp.o
[ 66%] Building CXX object CMakeFiles/messages__rosidl_typesupport_fastrtps_cpp.dir/rosidl_typesupport_fastrtps_cpp/messages/msg/detail/dds_fastrtps/smart_car_imu_status__type_support.cpp.o
[ 67%] Building CXX object CMakeFiles/messages__rosidl_typesupport_fastrtps_c.dir/rosidl_typesupport_fastrtps_c/messages/srv/detail/smart_car_actuator_test__type_support_c.cpp.o
[ 67%] Building CXX object CMakeFiles/messages__rosidl_typesupport_fastrtps_c.dir/rosidl_typesupport_fastrtps_c/messages/action/detail/takeoff__type_support_c.cpp.o
[ 68%] Building CXX object CMakeFiles/messages__rosidl_typesupport_introspection_cpp.dir/rosidl_typesupport_introspection_cpp/messages/srv/detail/smart_car_actuator_test__type_support.cpp.o
[ 69%] Building CXX object CMakeFiles/messages__rosidl_typesupport_fastrtps_c.dir/rosidl_typesupport_fastrtps_c/messages/action/detail/go_to_target__type_support_c.cpp.o
[ 70%] Building CXX object CMakeFiles/messages__rosidl_typesupport_fastrtps_c.dir/rosidl_typesupport_fastrtps_c/messages/action/detail/track_velocity__type_support_c.cpp.o
[ 71%] Building CXX object CMakeFiles/messages__rosidl_typesupport_cpp.dir/rosidl_typesupport_cpp/messages/action/land__type_support.cpp.o
[ 71%] Building CXX object CMakeFiles/messages__rosidl_typesupport_fastrtps_c.dir/rosidl_typesupport_fastrtps_c/messages/action/detail/land__type_support_c.cpp.o
[ 72%] Building CXX object CMakeFiles/messages__rosidl_typesupport_fastrtps_cpp.dir/rosidl_typesupport_fastrtps_cpp/messages/msg/detail/dds_fastrtps/smart_car_calib_status__type_support.cpp.o
[ 73%] Building CXX object CMakeFiles/messages__rosidl_typesupport_introspection_cpp.dir/rosidl_typesupport_introspection_cpp/messages/action/detail/takeoff__type_support.cpp.o
[ 74%] Building CXX object CMakeFiles/messages__rosidl_typesupport_fastrtps_cpp.dir/rosidl_typesupport_fastrtps_cpp/messages/msg/detail/dds_fastrtps/platform_target__type_support.cpp.o
[ 74%] Building CXX object CMakeFiles/messages__rosidl_typesupport_cpp.dir/rosidl_typesupport_cpp/messages/action/execute_mission__type_support.cpp.o
[ 75%] Building CXX object CMakeFiles/messages__rosidl_typesupport_fastrtps_c.dir/rosidl_typesupport_fastrtps_c/messages/action/detail/execute_mission__type_support_c.cpp.o
[ 75%] Building CXX object CMakeFiles/messages__rosidl_typesupport_fastrtps_cpp.dir/rosidl_typesupport_fastrtps_cpp/messages/srv/detail/dds_fastrtps/smart_car_command__type_support.cpp.o
[ 76%] Building CXX object CMakeFiles/messages__rosidl_typesupport_fastrtps_cpp.dir/rosidl_typesupport_fastrtps_cpp/messages/srv/detail/dds_fastrtps/smart_car_actuator_test__type_support.cpp.o
[ 77%] Building CXX object CMakeFiles/messages__rosidl_typesupport_fastrtps_cpp.dir/rosidl_typesupport_fastrtps_cpp/messages/action/detail/dds_fastrtps/takeoff__type_support.cpp.o
[ 77%] Building CXX object CMakeFiles/messages__rosidl_typesupport_introspection_cpp.dir/rosidl_typesupport_introspection_cpp/messages/action/detail/go_to_target__type_support.cpp.o
[ 78%] Linking CXX shared library libmessages__rosidl_typesupport_fastrtps_c.so
[ 78%] Built target messages__rosidl_typesupport_fastrtps_c
[ 78%] Building CXX object CMakeFiles/messages__rosidl_typesupport_fastrtps_cpp.dir/rosidl_typesupport_fastrtps_cpp/messages/action/detail/dds_fastrtps/go_to_target__type_support.cpp.o
[ 79%] Building CXX object CMakeFiles/messages__rosidl_typesupport_fastrtps_cpp.dir/rosidl_typesupport_fastrtps_cpp/messages/action/detail/dds_fastrtps/track_velocity__type_support.cpp.o
[ 80%] Linking CXX shared library libmessages__rosidl_typesupport_cpp.so
[ 80%] Built target messages__rosidl_typesupport_cpp
[ 81%] Building CXX object CMakeFiles/messages__rosidl_typesupport_introspection_cpp.dir/rosidl_typesupport_introspection_cpp/messages/action/detail/track_velocity__type_support.cpp.o
[ 82%] Building CXX object CMakeFiles/messages__rosidl_typesupport_introspection_cpp.dir/rosidl_typesupport_introspection_cpp/messages/action/detail/land__type_support.cpp.o
[ 82%] Building CXX object CMakeFiles/messages__rosidl_typesupport_fastrtps_cpp.dir/rosidl_typesupport_fastrtps_cpp/messages/action/detail/dds_fastrtps/execute_mission__type_support.cpp.o
[ 83%] Building CXX object CMakeFiles/messages__rosidl_typesupport_fastrtps_cpp.dir/rosidl_typesupport_fastrtps_cpp/messages/action/detail/dds_fastrtps/land__type_support.cpp.o
[ 83%] Building CXX object CMakeFiles/messages__rosidl_typesupport_introspection_cpp.dir/rosidl_typesupport_introspection_cpp/messages/action/detail/execute_mission__type_support.cpp.o
[ 84%] Linking CXX shared library libmessages__rosidl_typesupport_fastrtps_cpp.so
[ 84%] Built target messages__rosidl_typesupport_fastrtps_cpp
[ 85%] Linking CXX shared library libmessages__rosidl_typesupport_introspection_cpp.so
[ 85%] Built target messages__rosidl_typesupport_introspection_cpp
[ 85%] Built target messages
[ 86%] Generating Python code for ROS interfaces
[ 86%] Built target messages__py
[ 88%] Building C object CMakeFiles/messages__rosidl_generator_py.dir/rosidl_generator_py/messages/msg/_smart_car_control_setpoint_s.c.o
[ 88%] Building C object CMakeFiles/messages__rosidl_generator_py.dir/rosidl_generator_py/messages/msg/_vision_msg_s.c.o
[ 88%] Building C object CMakeFiles/messages__rosidl_generator_py.dir/rosidl_generator_py/messages/msg/_vision_s.c.o
[ 91%] Building C object CMakeFiles/messages__rosidl_generator_py.dir/rosidl_generator_py/messages/msg/_smart_car_motion_state_s.c.o
[ 91%] Building C object CMakeFiles/messages__rosidl_generator_py.dir/rosidl_generator_py/messages/msg/_smart_car_motor_status_s.c.o
[ 91%] Building C object CMakeFiles/messages__rosidl_generator_py.dir/rosidl_generator_py/messages/msg/_smart_car_calib_status_s.c.o
[ 93%] Building C object CMakeFiles/messages__rosidl_generator_py.dir/rosidl_generator_py/messages/srv/_smart_car_command_s.c.o
[ 93%] Building C object CMakeFiles/messages__rosidl_generator_py.dir/rosidl_generator_py/messages/msg/_platform_target_s.c.o
[ 93%] Building C object CMakeFiles/messages__rosidl_generator_py.dir/rosidl_generator_py/messages/srv/_smart_car_actuator_test_s.c.o
[ 94%] Building C object CMakeFiles/messages__rosidl_generator_py.dir/rosidl_generator_py/messages/action/_takeoff_s.c.o
[ 94%] Building C object CMakeFiles/messages__rosidl_generator_py.dir/rosidl_generator_py/messages/action/_go_to_target_s.c.o
[ 95%] Building C object CMakeFiles/messages__rosidl_generator_py.dir/rosidl_generator_py/messages/action/_track_velocity_s.c.o
[ 95%] Building C object CMakeFiles/messages__rosidl_generator_py.dir/rosidl_generator_py/messages/msg/_smart_car_imu_status_s.c.o
[ 96%] Building C object CMakeFiles/messages__rosidl_generator_py.dir/rosidl_generator_py/messages/action/_land_s.c.o
[ 96%] Building C object CMakeFiles/messages__rosidl_generator_py.dir/rosidl_generator_py/messages/action/_execute_mission_s.c.o
[ 96%] Building C object CMakeFiles/messages__rosidl_generator_py.dir/rosidl_generator_py/messages/msg/_smart_car_status_s.c.o
[ 97%] Linking C shared library rosidl_generator_py/messages/libmessages__rosidl_generator_py.so
[ 97%] Built target messages__rosidl_generator_py
[ 97%] Building C object CMakeFiles/messages__rosidl_typesupport_fastrtps_c__pyext.dir/rosidl_generator_py/messages/_messages_s.ep.rosidl_typesupport_fastrtps_c.c.o
[ 97%] Building C object CMakeFiles/messages__rosidl_typesupport_c__pyext.dir/rosidl_generator_py/messages/_messages_s.ep.rosidl_typesupport_c.c.o
[ 97%] Building C object CMakeFiles/messages__rosidl_typesupport_introspection_c__pyext.dir/rosidl_generator_py/messages/_messages_s.ep.rosidl_typesupport_introspection_c.c.o
[ 98%] Linking C shared library rosidl_generator_py/messages/messages_s__rosidl_typesupport_fastrtps_c.cpython-310-aarch64-linux-gnu.so
[ 99%] Linking C shared library rosidl_generator_py/messages/messages_s__rosidl_typesupport_c.cpython-310-aarch64-linux-gnu.so
[100%] Linking C shared library rosidl_generator_py/messages/messages_s__rosidl_typesupport_introspection_c.cpython-310-aarch64-linux-gnu.so
[100%] Built target messages__rosidl_typesupport_fastrtps_c__pyext
[100%] Built target messages__rosidl_typesupport_c__pyext
[100%] Built target messages__rosidl_typesupport_introspection_c__pyext
