[0.027s] Invoking command in '/home/zhenzhen/ros2/robodog-yunnan-elec/build/core_2026': AMENT_PREFIX_PATH=/home/zhenzhen/ros2/robodog-yunnan-elec/install/ros2_tools:${AMENT_PREFIX_PATH} CMAKE_PREFIX_PATH=/home/zhenzhen/ros2/robodog-yunnan-elec/install/ros2_tools:/home/zhenzhen/ros2/Point-LIO/install/point_lio:/home/zhenzhen/ros2/Quadcopter/install/core_2026:/home/zhenzhen/ros2/Quadcopter/install/ros2_tools:/home/zhenzhen/ros2/Quadcopter/install/messages:/home/zhenzhen/ros2/Quadcopter/install/cv_tools:/home/zhenzhen/ros2/ws_livox/install/livox_ros_driver2:/home/zhenzhen/ros2/mavros/install/mavros_extras:/home/zhenzhen/ros2/mavros/install/mavros:/home/zhenzhen/ros2/mavros/install/mavros_msgs:/home/zhenzhen/ros2/mavros/install/libmavconn:/home/zhenzhen/ros2/mavros/install/geographic_info:/home/zhenzhen/ros2/mavros/install/geodesy:/home/zhenzhen/ros2/mavros/install/geographic_msgs:/home/zhenzhen/ros2/ros2_rust/install/common_interfaces:/home/zhenzhen/ros2/ros2_rust/install/visualization_msgs:/home/zhenzhen/ros2/ros2_rust/install/test_msgs:/home/zhenzhen/ros2/ros2_rust/install/example_interfaces:/home/zhenzhen/ros2/ros2_rust/install/action_msgs:/home/zhenzhen/ros2/ros2_rust/install/unique_identifier_msgs:/home/zhenzhen/ros2/ros2_rust/install/trajectory_msgs:/home/zhenzhen/ros2/ros2_rust/install/test_interface_files:/home/zhenzhen/ros2/ros2_rust/install/stereo_msgs:/home/zhenzhen/ros2/ros2_rust/install/std_srvs:/home/zhenzhen/ros2/ros2_rust/install/shape_msgs:/home/zhenzhen/ros2/ros2_rust/install/sensor_msgs:/home/zhenzhen/ros2/ros2_rust/install/nav_msgs:/home/zhenzhen/ros2/ros2_rust/install/diagnostic_msgs:/home/zhenzhen/ros2/ros2_rust/install/geometry_msgs:/home/zhenzhen/ros2/ros2_rust/install/actionlib_msgs:/home/zhenzhen/ros2/ros2_rust/install/std_msgs:/home/zhenzhen/ros2/ros2_rust/install/statistics_msgs:/home/zhenzhen/ros2/ros2_rust/install/rosgraph_msgs:/home/zhenzhen/ros2/ros2_rust/install/rclrs_example_msgs:/home/zhenzhen/ros2/ros2_rust/install/composition_interfaces:/home/zhenzhen/ros2/ros2_rust/install/rcl_interfaces:/home/zhenzhen/ros2/ros2_rust/install/lifecycle_msgs:/home/zhenzhen/ros2/ros2_rust/install/builtin_interfaces:/home/zhenzhen/ros2/ros2_rust/install/rosidl_default_runtime:/home/zhenzhen/ros2/ros2_rust/install/rosidl_default_generators:/home/zhenzhen/ros2/ros2_rust/install/rosidl_generator_rs:/home/zhenzhen/ros2/Quadcopter/install/yolip:/home/zhenzhen/ros2/Quadcopter/install/vision_py:/home/zhenzhen/ros2/ros2_rust/install/examples_worker_demo:/home/zhenzhen/ros2/ros2_rust/install/examples_rclrs_minimal_pub_sub:/home/zhenzhen/ros2/ros2_rust/install/examples_rclrs_minimal_client_service:/home/zhenzhen/ros2/ros2_rust/install/examples_parameter_demo:/home/zhenzhen/ros2/ros2_rust/install/examples_logging_demo:/home/zhenzhen/ros2/ros2_rust/install/sensor_msgs_py:/home/zhenzhen/ros2/ros2_rust/install/rust_pubsub:/home/zhenzhen/ros2/ros2_rust/install/examples_rclrs_message_demo:/home/zhenzhen/ros2/ros2_rust/install/rosidl_runtime_rs:/home/zhenzhen/ros2/ros2_rust/install/rclrs:/opt/ros/humble LD_LIBRARY_PATH=/home/zhenzhen/ros2/robodog-yunnan-elec/install/ros2_tools/lib:${LD_LIBRARY_PATH} PYTHONPATH=/home/zhenzhen/ros2/robodog-yunnan-elec/install/ros2_tools/local/lib/python3.10/dist-packages:${PYTHONPATH} /usr/bin/cmake /home/zhenzhen/ros2/robodog-yunnan-elec/core_2026 -DAMENT_CMAKE_SYMLINK_INSTALL=1 -DCMAKE_INSTALL_PREFIX=/home/zhenzhen/ros2/robodog-yunnan-elec/install/core_2026
[0.134s] -- The C compiler identification is GNU 11.4.0
[0.230s] -- The CXX compiler identification is GNU 11.4.0
[0.243s] -- Detecting C compiler ABI info
[0.384s] -- Detecting C compiler ABI info - done
[0.390s] -- Check for working C compiler: /usr/bin/cc - skipped
[0.390s] -- Detecting C compile features
[0.391s] -- Detecting C compile features - done
[0.396s] -- Detecting CXX compiler ABI info
[0.549s] -- Detecting CXX compiler ABI info - done
[0.560s] -- Check for working CXX compiler: /usr/bin/c++ - skipped
[0.561s] -- Detecting CXX compile features
[0.561s] -- Detecting CXX compile features - done
[0.573s] -- Found ament_cmake: 1.3.11 (/opt/ros/humble/share/ament_cmake/cmake)
[0.946s] -- Found Python3: /usr/bin/python3 (found version "3.10.12") found components: Interpreter 
[1.099s] -- Override CMake install command with custom implementation using symlinks instead of copying resources
[1.230s] -- Found rclcpp: 16.0.12 (/opt/ros/humble/share/rclcpp/cmake)
[1.365s] -- Found rosidl_generator_c: 3.1.6 (/opt/ros/humble/share/rosidl_generator_c/cmake)
[1.385s] -- Found rosidl_adapter: 3.1.6 (/opt/ros/humble/share/rosidl_adapter/cmake)
[1.411s] -- Found rosidl_generator_cpp: 3.1.6 (/opt/ros/humble/share/rosidl_generator_cpp/cmake)
[1.445s] -- Using all available rosidl_typesupport_c: rosidl_typesupport_fastrtps_c;rosidl_typesupport_introspection_c
[1.491s] -- Using all available rosidl_typesupport_cpp: rosidl_typesupport_fastrtps_cpp;rosidl_typesupport_introspection_cpp
[1.623s] -- Found rmw_implementation_cmake: 6.1.2 (/opt/ros/humble/share/rmw_implementation_cmake/cmake)
[1.636s] -- Found rmw_fastrtps_cpp: 6.2.7 (/opt/ros/humble/share/rmw_fastrtps_cpp/cmake)
[1.833s] -- Found OpenSSL: /usr/lib/aarch64-linux-gnu/libcrypto.so (found version "3.0.2")  
[1.890s] -- Found FastRTPS: /opt/ros/humble/include  
[1.979s] -- Using RMW implementation 'rmw_fastrtps_cpp' as default
[2.013s] -- Looking for pthread.h
[2.157s] -- Looking for pthread.h - found
[2.158s] -- Performing Test CMAKE_HAVE_LIBC_PTHREAD
[2.303s] -- Performing Test CMAKE_HAVE_LIBC_PTHREAD - Success
[2.305s] -- Found Threads: TRUE  
[2.413s] -- Found geometry_msgs: 4.9.0 (/home/zhenzhen/ros2/ros2_rust/install/geometry_msgs/share/geometry_msgs/cmake)
[2.436s] -- Found nav_msgs: 4.9.0 (/home/zhenzhen/ros2/ros2_rust/install/nav_msgs/share/nav_msgs/cmake)
[2.463s] -- Found mavros_msgs: 2.10.0 (/home/zhenzhen/ros2/mavros/install/mavros_msgs/share/mavros_msgs/cmake)
[2.582s] -- Found ros2_tools: 0.0.0 (/home/zhenzhen/ros2/robodog-yunnan-elec/install/ros2_tools/share/ros2_tools/cmake)
[2.617s] CMake Error at CMakeLists.txt:20 (find_package):
[2.617s]   By not providing "Findmessages.cmake" in CMAKE_MODULE_PATH this project has
[2.617s]   asked CMake to find a package configuration file provided by "messages",
[2.618s]   but CMake did not find one.
[2.618s] 
[2.618s]   Could not find a package configuration file provided by "messages" with any
[2.618s]   of the following names:
[2.618s] 
[2.618s]     messagesConfig.cmake
[2.618s]     messages-config.cmake
[2.618s] 
[2.618s]   Add the installation prefix of "messages" to CMAKE_PREFIX_PATH or set
[2.618s]   "messages_DIR" to a directory containing one of the above files.  If
[2.619s]   "messages" provides a separate development package or SDK, be sure it has
[2.619s]   been installed.
[2.619s] 
[2.619s] 
[2.619s] -- Configuring incomplete, errors occurred!
[2.619s] See also "/home/zhenzhen/ros2/robodog-yunnan-elec/build/core_2026/CMakeFiles/CMakeOutput.log".
[2.645s] Invoked command in '/home/zhenzhen/ros2/robodog-yunnan-elec/build/core_2026' returned '1': AMENT_PREFIX_PATH=/home/zhenzhen/ros2/robodog-yunnan-elec/install/ros2_tools:${AMENT_PREFIX_PATH} CMAKE_PREFIX_PATH=/home/zhenzhen/ros2/robodog-yunnan-elec/install/ros2_tools:/home/zhenzhen/ros2/Point-LIO/install/point_lio:/home/zhenzhen/ros2/Quadcopter/install/core_2026:/home/zhenzhen/ros2/Quadcopter/install/ros2_tools:/home/zhenzhen/ros2/Quadcopter/install/messages:/home/zhenzhen/ros2/Quadcopter/install/cv_tools:/home/zhenzhen/ros2/ws_livox/install/livox_ros_driver2:/home/zhenzhen/ros2/mavros/install/mavros_extras:/home/zhenzhen/ros2/mavros/install/mavros:/home/zhenzhen/ros2/mavros/install/mavros_msgs:/home/zhenzhen/ros2/mavros/install/libmavconn:/home/zhenzhen/ros2/mavros/install/geographic_info:/home/zhenzhen/ros2/mavros/install/geodesy:/home/zhenzhen/ros2/mavros/install/geographic_msgs:/home/zhenzhen/ros2/ros2_rust/install/common_interfaces:/home/zhenzhen/ros2/ros2_rust/install/visualization_msgs:/home/zhenzhen/ros2/ros2_rust/install/test_msgs:/home/zhenzhen/ros2/ros2_rust/install/example_interfaces:/home/zhenzhen/ros2/ros2_rust/install/action_msgs:/home/zhenzhen/ros2/ros2_rust/install/unique_identifier_msgs:/home/zhenzhen/ros2/ros2_rust/install/trajectory_msgs:/home/zhenzhen/ros2/ros2_rust/install/test_interface_files:/home/zhenzhen/ros2/ros2_rust/install/stereo_msgs:/home/zhenzhen/ros2/ros2_rust/install/std_srvs:/home/zhenzhen/ros2/ros2_rust/install/shape_msgs:/home/zhenzhen/ros2/ros2_rust/install/sensor_msgs:/home/zhenzhen/ros2/ros2_rust/install/nav_msgs:/home/zhenzhen/ros2/ros2_rust/install/diagnostic_msgs:/home/zhenzhen/ros2/ros2_rust/install/geometry_msgs:/home/zhenzhen/ros2/ros2_rust/install/actionlib_msgs:/home/zhenzhen/ros2/ros2_rust/install/std_msgs:/home/zhenzhen/ros2/ros2_rust/install/statistics_msgs:/home/zhenzhen/ros2/ros2_rust/install/rosgraph_msgs:/home/zhenzhen/ros2/ros2_rust/install/rclrs_example_msgs:/home/zhenzhen/ros2/ros2_rust/install/composition_interfaces:/home/zhenzhen/ros2/ros2_rust/install/rcl_interfaces:/home/zhenzhen/ros2/ros2_rust/install/lifecycle_msgs:/home/zhenzhen/ros2/ros2_rust/install/builtin_interfaces:/home/zhenzhen/ros2/ros2_rust/install/rosidl_default_runtime:/home/zhenzhen/ros2/ros2_rust/install/rosidl_default_generators:/home/zhenzhen/ros2/ros2_rust/install/rosidl_generator_rs:/home/zhenzhen/ros2/Quadcopter/install/yolip:/home/zhenzhen/ros2/Quadcopter/install/vision_py:/home/zhenzhen/ros2/ros2_rust/install/examples_worker_demo:/home/zhenzhen/ros2/ros2_rust/install/examples_rclrs_minimal_pub_sub:/home/zhenzhen/ros2/ros2_rust/install/examples_rclrs_minimal_client_service:/home/zhenzhen/ros2/ros2_rust/install/examples_parameter_demo:/home/zhenzhen/ros2/ros2_rust/install/examples_logging_demo:/home/zhenzhen/ros2/ros2_rust/install/sensor_msgs_py:/home/zhenzhen/ros2/ros2_rust/install/rust_pubsub:/home/zhenzhen/ros2/ros2_rust/install/examples_rclrs_message_demo:/home/zhenzhen/ros2/ros2_rust/install/rosidl_runtime_rs:/home/zhenzhen/ros2/ros2_rust/install/rclrs:/opt/ros/humble LD_LIBRARY_PATH=/home/zhenzhen/ros2/robodog-yunnan-elec/install/ros2_tools/lib:${LD_LIBRARY_PATH} PYTHONPATH=/home/zhenzhen/ros2/robodog-yunnan-elec/install/ros2_tools/local/lib/python3.10/dist-packages:${PYTHONPATH} /usr/bin/cmake /home/zhenzhen/ros2/robodog-yunnan-elec/core_2026 -DAMENT_CMAKE_SYMLINK_INSTALL=1 -DCMAKE_INSTALL_PREFIX=/home/zhenzhen/ros2/robodog-yunnan-elec/install/core_2026
