-- Found ament_cmake: 1.3.11 (/opt/ros/humble/share/ament_cmake/cmake)
-- Override CMake install command with custom implementation using symlinks instead of copying resources
-- Found rclcpp: 16.0.12 (/opt/ros/humble/share/rclcpp/cmake)
-- Found rosidl_generator_c: 3.1.6 (/opt/ros/humble/share/rosidl_generator_c/cmake)
-- Found rosidl_adapter: 3.1.6 (/opt/ros/humble/share/rosidl_adapter/cmake)
-- Found rosidl_generator_cpp: 3.1.6 (/opt/ros/humble/share/rosidl_generator_cpp/cmake)
-- Using all available rosidl_typesupport_c: rosidl_typesupport_fastrtps_c;rosidl_typesupport_introspection_c
-- Using all available rosidl_typesupport_cpp: rosidl_typesupport_fastrtps_cpp;rosidl_typesupport_introspection_cpp
-- Found rmw_implementation_cmake: 6.1.2 (/opt/ros/humble/share/rmw_implementation_cmake/cmake)
-- Found rmw_fastrtps_cpp: 6.2.7 (/opt/ros/humble/share/rmw_fastrtps_cpp/cmake)
-- Using RMW implementation 'rmw_fastrtps_cpp' as default
-- Found rosidl_default_generators: 1.2.0 (/home/zhenzhen/ros2/ros2_rust/install/rosidl_default_generators/share/rosidl_default_generators/cmake)
-- Found sensor_msgs: 4.9.0 (/home/zhenzhen/ros2/ros2_rust/install/sensor_msgs/share/sensor_msgs/cmake)
-- Found ament_cmake_ros: 0.10.0 (/opt/ros/humble/share/ament_cmake_ros/cmake)
-- Using all available rosidl_typesupport_c: rosidl_typesupport_fastrtps_c;rosidl_typesupport_introspection_c
-- Using all available rosidl_typesupport_cpp: rosidl_typesupport_fastrtps_cpp;rosidl_typesupport_introspection_cpp
-- Found python_cmake_module: 0.10.0 (/opt/ros/humble/share/python_cmake_module/cmake)
-- Using PYTHON_EXECUTABLE: /usr/bin/python3
-- Using PYTHON_INCLUDE_DIRS: /usr/include/python3.10
-- Using PYTHON_LIBRARIES: /usr/lib/aarch64-linux-gnu/libpython3.10.so
-- Configuring done
-- Generating done
-- Build files have been written to: /home/zhenzhen/ros2/robodog-yunnan-elec/build/messages
Consolidate compiler generated dependencies of target messages__rosidl_generator_c
[  1%] Built target messages__rs
[  1%] Built target messages__cpp
[  2%] Built target ament_cmake_python_symlink_messages
[ 13%] Built target messages__rosidl_generator_c
Consolidate compiler generated dependencies of target messages__rosidl_typesupport_introspection_c
Consolidate compiler generated dependencies of target messages__rosidl_typesupport_introspection_cpp
Consolidate compiler generated dependencies of target messages__rosidl_typesupport_fastrtps_cpp
Consolidate compiler generated dependencies of target messages__rosidl_typesupport_cpp
Consolidate compiler generated dependencies of target messages__rosidl_typesupport_fastrtps_c
[ 25%] Built target messages__rosidl_typesupport_introspection_c
[ 37%] Built target messages__rosidl_typesupport_introspection_cpp
[ 49%] Built target messages__rosidl_typesupport_fastrtps_cpp
[ 61%] Built target messages__rosidl_typesupport_fastrtps_c
[ 73%] Built target messages__rosidl_typesupport_cpp
Consolidate compiler generated dependencies of target messages__rosidl_typesupport_c
[ 85%] Built target messages__rosidl_typesupport_c
[ 85%] Built target messages
[ 86%] Built target messages__py
Consolidate compiler generated dependencies of target messages__rosidl_generator_py
[ 97%] Built target messages__rosidl_generator_py
Consolidate compiler generated dependencies of target messages__rosidl_typesupport_c__pyext
Consolidate compiler generated dependencies of target messages__rosidl_typesupport_introspection_c__pyext
Consolidate compiler generated dependencies of target messages__rosidl_typesupport_fastrtps_c__pyext
[ 99%] Built target messages__rosidl_typesupport_introspection_c__pyext
[ 99%] Built target messages__rosidl_typesupport_fastrtps_c__pyext
[100%] Built target messages__rosidl_typesupport_c__pyext
running egg_info
writing messages.egg-info/PKG-INFO
writing dependency_links to messages.egg-info/dependency_links.txt
writing top-level names to messages.egg-info/top_level.txt
reading manifest file 'messages.egg-info/SOURCES.txt'
writing manifest file 'messages.egg-info/SOURCES.txt'
[100%] Built target ament_cmake_python_build_messages_egg
-- Install configuration: ""
-- Execute custom install script
-- Symlinking: /home/zhenzhen/ros2/robodog-yunnan-elec/install/messages/share/ament_index/resource_index/rosidl_interfaces/messages
-- Symlinking: /home/zhenzhen/ros2/robodog-yunnan-elec/install/messages/include/messages/messages/action/detail/execute_mission__functions.h
-- Symlinking: /home/zhenzhen/ros2/robodog-yunnan-elec/install/messages/include/messages/messages/action/detail/execute_mission__struct.h
-- Symlinking: /home/zhenzhen/ros2/robodog-yunnan-elec/install/messages/include/messages/messages/action/detail/execute_mission__type_support.h
-- Symlinking: /home/zhenzhen/ros2/robodog-yunnan-elec/install/messages/include/messages/messages/action/detail/go_to_target__functions.h
-- Symlinking: /home/zhenzhen/ros2/robodog-yunnan-elec/install/messages/include/messages/messages/action/detail/go_to_target__struct.h
-- Symlinking: /home/zhenzhen/ros2/robodog-yunnan-elec/install/messages/include/messages/messages/action/detail/go_to_target__type_support.h
-- Symlinking: /home/zhenzhen/ros2/robodog-yunnan-elec/install/messages/include/messages/messages/action/detail/land__functions.h
-- Symlinking: /home/zhenzhen/ros2/robodog-yunnan-elec/install/messages/include/messages/messages/action/detail/land__struct.h
-- Symlinking: /home/zhenzhen/ros2/robodog-yunnan-elec/install/messages/include/messages/messages/action/detail/land__type_support.h
-- Symlinking: /home/zhenzhen/ros2/robodog-yunnan-elec/install/messages/include/messages/messages/action/detail/takeoff__functions.h
-- Symlinking: /home/zhenzhen/ros2/robodog-yunnan-elec/install/messages/include/messages/messages/action/detail/takeoff__struct.h
-- Symlinking: /home/zhenzhen/ros2/robodog-yunnan-elec/install/messages/include/messages/messages/action/detail/takeoff__type_support.h
-- Symlinking: /home/zhenzhen/ros2/robodog-yunnan-elec/install/messages/include/messages/messages/action/detail/track_velocity__functions.h
-- Symlinking: /home/zhenzhen/ros2/robodog-yunnan-elec/install/messages/include/messages/messages/action/detail/track_velocity__struct.h
-- Symlinking: /home/zhenzhen/ros2/robodog-yunnan-elec/install/messages/include/messages/messages/action/detail/track_velocity__type_support.h
-- Symlinking: /home/zhenzhen/ros2/robodog-yunnan-elec/install/messages/include/messages/messages/action/execute_mission.h
-- Symlinking: /home/zhenzhen/ros2/robodog-yunnan-elec/install/messages/include/messages/messages/action/go_to_target.h
-- Symlinking: /home/zhenzhen/ros2/robodog-yunnan-elec/install/messages/include/messages/messages/action/land.h
-- Symlinking: /home/zhenzhen/ros2/robodog-yunnan-elec/install/messages/include/messages/messages/action/takeoff.h
-- Symlinking: /home/zhenzhen/ros2/robodog-yunnan-elec/install/messages/include/messages/messages/action/track_velocity.h
-- Symlinking: /home/zhenzhen/ros2/robodog-yunnan-elec/install/messages/include/messages/messages/msg/detail/platform_target__functions.h
-- Symlinking: /home/zhenzhen/ros2/robodog-yunnan-elec/install/messages/include/messages/messages/msg/detail/platform_target__struct.h
-- Symlinking: /home/zhenzhen/ros2/robodog-yunnan-elec/install/messages/include/messages/messages/msg/detail/platform_target__type_support.h
-- Symlinking: /home/zhenzhen/ros2/robodog-yunnan-elec/install/messages/include/messages/messages/msg/detail/smart_car_calib_status__functions.h
-- Symlinking: /home/zhenzhen/ros2/robodog-yunnan-elec/install/messages/include/messages/messages/msg/detail/smart_car_calib_status__struct.h
-- Symlinking: /home/zhenzhen/ros2/robodog-yunnan-elec/install/messages/include/messages/messages/msg/detail/smart_car_calib_status__type_support.h
-- Symlinking: /home/zhenzhen/ros2/robodog-yunnan-elec/install/messages/include/messages/messages/msg/detail/smart_car_control_setpoint__functions.h
-- Symlinking: /home/zhenzhen/ros2/robodog-yunnan-elec/install/messages/include/messages/messages/msg/detail/smart_car_control_setpoint__struct.h
-- Symlinking: /home/zhenzhen/ros2/robodog-yunnan-elec/install/messages/include/messages/messages/msg/detail/smart_car_control_setpoint__type_support.h
-- Symlinking: /home/zhenzhen/ros2/robodog-yunnan-elec/install/messages/include/messages/messages/msg/detail/smart_car_imu_status__functions.h
-- Symlinking: /home/zhenzhen/ros2/robodog-yunnan-elec/install/messages/include/messages/messages/msg/detail/smart_car_imu_status__struct.h
-- Symlinking: /home/zhenzhen/ros2/robodog-yunnan-elec/install/messages/include/messages/messages/msg/detail/smart_car_imu_status__type_support.h
-- Symlinking: /home/zhenzhen/ros2/robodog-yunnan-elec/install/messages/include/messages/messages/msg/detail/smart_car_motion_state__functions.h
-- Symlinking: /home/zhenzhen/ros2/robodog-yunnan-elec/install/messages/include/messages/messages/msg/detail/smart_car_motion_state__struct.h
-- Symlinking: /home/zhenzhen/ros2/robodog-yunnan-elec/install/messages/include/messages/messages/msg/detail/smart_car_motion_state__type_support.h
-- Symlinking: /home/zhenzhen/ros2/robodog-yunnan-elec/install/messages/include/messages/messages/msg/detail/smart_car_motor_status__functions.h
-- Symlinking: /home/zhenzhen/ros2/robodog-yunnan-elec/install/messages/include/messages/messages/msg/detail/smart_car_motor_status__struct.h
-- Symlinking: /home/zhenzhen/ros2/robodog-yunnan-elec/install/messages/include/messages/messages/msg/detail/smart_car_motor_status__type_support.h
-- Symlinking: /home/zhenzhen/ros2/robodog-yunnan-elec/install/messages/include/messages/messages/msg/detail/smart_car_status__functions.h
-- Symlinking: /home/zhenzhen/ros2/robodog-yunnan-elec/install/messages/include/messages/messages/msg/detail/smart_car_status__struct.h
-- Symlinking: /home/zhenzhen/ros2/robodog-yunnan-elec/install/messages/include/messages/messages/msg/detail/smart_car_status__type_support.h
-- Symlinking: /home/zhenzhen/ros2/robodog-yunnan-elec/install/messages/include/messages/messages/msg/detail/vision__functions.h
-- Symlinking: /home/zhenzhen/ros2/robodog-yunnan-elec/install/messages/include/messages/messages/msg/detail/vision__struct.h
-- Symlinking: /home/zhenzhen/ros2/robodog-yunnan-elec/install/messages/include/messages/messages/msg/detail/vision__type_support.h
-- Symlinking: /home/zhenzhen/ros2/robodog-yunnan-elec/install/messages/include/messages/messages/msg/detail/vision_msg__functions.h
-- Symlinking: /home/zhenzhen/ros2/robodog-yunnan-elec/install/messages/include/messages/messages/msg/detail/vision_msg__struct.h
-- Symlinking: /home/zhenzhen/ros2/robodog-yunnan-elec/install/messages/include/messages/messages/msg/detail/vision_msg__type_support.h
-- Symlinking: /home/zhenzhen/ros2/robodog-yunnan-elec/install/messages/include/messages/messages/msg/platform_target.h
-- Symlinking: /home/zhenzhen/ros2/robodog-yunnan-elec/install/messages/include/messages/messages/msg/rosidl_generator_c__visibility_control.h
-- Symlinking: /home/zhenzhen/ros2/robodog-yunnan-elec/install/messages/include/messages/messages/msg/smart_car_calib_status.h
-- Symlinking: /home/zhenzhen/ros2/robodog-yunnan-elec/install/messages/include/messages/messages/msg/smart_car_control_setpoint.h
-- Symlinking: /home/zhenzhen/ros2/robodog-yunnan-elec/install/messages/include/messages/messages/msg/smart_car_imu_status.h
-- Symlinking: /home/zhenzhen/ros2/robodog-yunnan-elec/install/messages/include/messages/messages/msg/smart_car_motion_state.h
-- Symlinking: /home/zhenzhen/ros2/robodog-yunnan-elec/install/messages/include/messages/messages/msg/smart_car_motor_status.h
-- Symlinking: /home/zhenzhen/ros2/robodog-yunnan-elec/install/messages/include/messages/messages/msg/smart_car_status.h
-- Symlinking: /home/zhenzhen/ros2/robodog-yunnan-elec/install/messages/include/messages/messages/msg/vision.h
-- Symlinking: /home/zhenzhen/ros2/robodog-yunnan-elec/install/messages/include/messages/messages/msg/vision_msg.h
-- Symlinking: /home/zhenzhen/ros2/robodog-yunnan-elec/install/messages/include/messages/messages/srv/detail/smart_car_actuator_test__functions.h
-- Symlinking: /home/zhenzhen/ros2/robodog-yunnan-elec/install/messages/include/messages/messages/srv/detail/smart_car_actuator_test__struct.h
-- Symlinking: /home/zhenzhen/ros2/robodog-yunnan-elec/install/messages/include/messages/messages/srv/detail/smart_car_actuator_test__type_support.h
-- Symlinking: /home/zhenzhen/ros2/robodog-yunnan-elec/install/messages/include/messages/messages/srv/detail/smart_car_command__functions.h
-- Symlinking: /home/zhenzhen/ros2/robodog-yunnan-elec/install/messages/include/messages/messages/srv/detail/smart_car_command__struct.h
-- Symlinking: /home/zhenzhen/ros2/robodog-yunnan-elec/install/messages/include/messages/messages/srv/detail/smart_car_command__type_support.h
-- Symlinking: /home/zhenzhen/ros2/robodog-yunnan-elec/install/messages/include/messages/messages/srv/smart_car_actuator_test.h
-- Symlinking: /home/zhenzhen/ros2/robodog-yunnan-elec/install/messages/include/messages/messages/srv/smart_car_command.h
-- Symlinking: /home/zhenzhen/ros2/robodog-yunnan-elec/install/messages/share/messages/environment/library_path.sh
-- Symlinking: /home/zhenzhen/ros2/robodog-yunnan-elec/install/messages/share/messages/environment/library_path.dsv
-- Symlinking: /home/zhenzhen/ros2/robodog-yunnan-elec/install/messages/include/messages/messages/action/detail/execute_mission__rosidl_typesupport_fastrtps_c.h
-- Symlinking: /home/zhenzhen/ros2/robodog-yunnan-elec/install/messages/include/messages/messages/action/detail/go_to_target__rosidl_typesupport_fastrtps_c.h
-- Symlinking: /home/zhenzhen/ros2/robodog-yunnan-elec/install/messages/include/messages/messages/action/detail/land__rosidl_typesupport_fastrtps_c.h
-- Symlinking: /home/zhenzhen/ros2/robodog-yunnan-elec/install/messages/include/messages/messages/action/detail/takeoff__rosidl_typesupport_fastrtps_c.h
-- Symlinking: /home/zhenzhen/ros2/robodog-yunnan-elec/install/messages/include/messages/messages/action/detail/track_velocity__rosidl_typesupport_fastrtps_c.h
-- Symlinking: /home/zhenzhen/ros2/robodog-yunnan-elec/install/messages/include/messages/messages/msg/detail/platform_target__rosidl_typesupport_fastrtps_c.h
-- Symlinking: /home/zhenzhen/ros2/robodog-yunnan-elec/install/messages/include/messages/messages/msg/detail/smart_car_calib_status__rosidl_typesupport_fastrtps_c.h
-- Symlinking: /home/zhenzhen/ros2/robodog-yunnan-elec/install/messages/include/messages/messages/msg/detail/smart_car_control_setpoint__rosidl_typesupport_fastrtps_c.h
-- Symlinking: /home/zhenzhen/ros2/robodog-yunnan-elec/install/messages/include/messages/messages/msg/detail/smart_car_imu_status__rosidl_typesupport_fastrtps_c.h
-- Symlinking: /home/zhenzhen/ros2/robodog-yunnan-elec/install/messages/include/messages/messages/msg/detail/smart_car_motion_state__rosidl_typesupport_fastrtps_c.h
-- Symlinking: /home/zhenzhen/ros2/robodog-yunnan-elec/install/messages/include/messages/messages/msg/detail/smart_car_motor_status__rosidl_typesupport_fastrtps_c.h
-- Symlinking: /home/zhenzhen/ros2/robodog-yunnan-elec/install/messages/include/messages/messages/msg/detail/smart_car_status__rosidl_typesupport_fastrtps_c.h
-- Symlinking: /home/zhenzhen/ros2/robodog-yunnan-elec/install/messages/include/messages/messages/msg/detail/vision__rosidl_typesupport_fastrtps_c.h
-- Symlinking: /home/zhenzhen/ros2/robodog-yunnan-elec/install/messages/include/messages/messages/msg/detail/vision_msg__rosidl_typesupport_fastrtps_c.h
-- Symlinking: /home/zhenzhen/ros2/robodog-yunnan-elec/install/messages/include/messages/messages/msg/rosidl_typesupport_fastrtps_c__visibility_control.h
-- Symlinking: /home/zhenzhen/ros2/robodog-yunnan-elec/install/messages/include/messages/messages/srv/detail/smart_car_actuator_test__rosidl_typesupport_fastrtps_c.h
-- Symlinking: /home/zhenzhen/ros2/robodog-yunnan-elec/install/messages/include/messages/messages/srv/detail/smart_car_command__rosidl_typesupport_fastrtps_c.h
-- Symlinking: /home/zhenzhen/ros2/robodog-yunnan-elec/install/messages/include/messages/messages/action/detail/execute_mission__builder.hpp
-- Symlinking: /home/zhenzhen/ros2/robodog-yunnan-elec/install/messages/include/messages/messages/action/detail/execute_mission__struct.hpp
-- Symlinking: /home/zhenzhen/ros2/robodog-yunnan-elec/install/messages/include/messages/messages/action/detail/execute_mission__traits.hpp
-- Symlinking: /home/zhenzhen/ros2/robodog-yunnan-elec/install/messages/include/messages/messages/action/detail/execute_mission__type_support.hpp
-- Symlinking: /home/zhenzhen/ros2/robodog-yunnan-elec/install/messages/include/messages/messages/action/detail/go_to_target__builder.hpp
-- Symlinking: /home/zhenzhen/ros2/robodog-yunnan-elec/install/messages/include/messages/messages/action/detail/go_to_target__struct.hpp
-- Symlinking: /home/zhenzhen/ros2/robodog-yunnan-elec/install/messages/include/messages/messages/action/detail/go_to_target__traits.hpp
-- Symlinking: /home/zhenzhen/ros2/robodog-yunnan-elec/install/messages/include/messages/messages/action/detail/go_to_target__type_support.hpp
-- Symlinking: /home/zhenzhen/ros2/robodog-yunnan-elec/install/messages/include/messages/messages/action/detail/land__builder.hpp
-- Symlinking: /home/zhenzhen/ros2/robodog-yunnan-elec/install/messages/include/messages/messages/action/detail/land__struct.hpp
-- Symlinking: /home/zhenzhen/ros2/robodog-yunnan-elec/install/messages/include/messages/messages/action/detail/land__traits.hpp
-- Symlinking: /home/zhenzhen/ros2/robodog-yunnan-elec/install/messages/include/messages/messages/action/detail/land__type_support.hpp
-- Symlinking: /home/zhenzhen/ros2/robodog-yunnan-elec/install/messages/include/messages/messages/action/detail/takeoff__builder.hpp
-- Symlinking: /home/zhenzhen/ros2/robodog-yunnan-elec/install/messages/include/messages/messages/action/detail/takeoff__struct.hpp
-- Symlinking: /home/zhenzhen/ros2/robodog-yunnan-elec/install/messages/include/messages/messages/action/detail/takeoff__traits.hpp
-- Symlinking: /home/zhenzhen/ros2/robodog-yunnan-elec/install/messages/include/messages/messages/action/detail/takeoff__type_support.hpp
-- Symlinking: /home/zhenzhen/ros2/robodog-yunnan-elec/install/messages/include/messages/messages/action/detail/track_velocity__builder.hpp
-- Symlinking: /home/zhenzhen/ros2/robodog-yunnan-elec/install/messages/include/messages/messages/action/detail/track_velocity__struct.hpp
-- Symlinking: /home/zhenzhen/ros2/robodog-yunnan-elec/install/messages/include/messages/messages/action/detail/track_velocity__traits.hpp
-- Symlinking: /home/zhenzhen/ros2/robodog-yunnan-elec/install/messages/include/messages/messages/action/detail/track_velocity__type_support.hpp
-- Symlinking: /home/zhenzhen/ros2/robodog-yunnan-elec/install/messages/include/messages/messages/action/execute_mission.hpp
-- Symlinking: /home/zhenzhen/ros2/robodog-yunnan-elec/install/messages/include/messages/messages/action/go_to_target.hpp
-- Symlinking: /home/zhenzhen/ros2/robodog-yunnan-elec/install/messages/include/messages/messages/action/land.hpp
-- Symlinking: /home/zhenzhen/ros2/robodog-yunnan-elec/install/messages/include/messages/messages/action/takeoff.hpp
-- Symlinking: /home/zhenzhen/ros2/robodog-yunnan-elec/install/messages/include/messages/messages/action/track_velocity.hpp
-- Symlinking: /home/zhenzhen/ros2/robodog-yunnan-elec/install/messages/include/messages/messages/msg/detail/platform_target__builder.hpp
-- Symlinking: /home/zhenzhen/ros2/robodog-yunnan-elec/install/messages/include/messages/messages/msg/detail/platform_target__struct.hpp
-- Symlinking: /home/zhenzhen/ros2/robodog-yunnan-elec/install/messages/include/messages/messages/msg/detail/platform_target__traits.hpp
-- Symlinking: /home/zhenzhen/ros2/robodog-yunnan-elec/install/messages/include/messages/messages/msg/detail/platform_target__type_support.hpp
-- Symlinking: /home/zhenzhen/ros2/robodog-yunnan-elec/install/messages/include/messages/messages/msg/detail/smart_car_calib_status__builder.hpp
-- Symlinking: /home/zhenzhen/ros2/robodog-yunnan-elec/install/messages/include/messages/messages/msg/detail/smart_car_calib_status__struct.hpp
-- Symlinking: /home/zhenzhen/ros2/robodog-yunnan-elec/install/messages/include/messages/messages/msg/detail/smart_car_calib_status__traits.hpp
-- Symlinking: /home/zhenzhen/ros2/robodog-yunnan-elec/install/messages/include/messages/messages/msg/detail/smart_car_calib_status__type_support.hpp
-- Symlinking: /home/zhenzhen/ros2/robodog-yunnan-elec/install/messages/include/messages/messages/msg/detail/smart_car_control_setpoint__builder.hpp
-- Symlinking: /home/zhenzhen/ros2/robodog-yunnan-elec/install/messages/include/messages/messages/msg/detail/smart_car_control_setpoint__struct.hpp
-- Symlinking: /home/zhenzhen/ros2/robodog-yunnan-elec/install/messages/include/messages/messages/msg/detail/smart_car_control_setpoint__traits.hpp
-- Symlinking: /home/zhenzhen/ros2/robodog-yunnan-elec/install/messages/include/messages/messages/msg/detail/smart_car_control_setpoint__type_support.hpp
-- Symlinking: /home/zhenzhen/ros2/robodog-yunnan-elec/install/messages/include/messages/messages/msg/detail/smart_car_imu_status__builder.hpp
-- Symlinking: /home/zhenzhen/ros2/robodog-yunnan-elec/install/messages/include/messages/messages/msg/detail/smart_car_imu_status__struct.hpp
-- Symlinking: /home/zhenzhen/ros2/robodog-yunnan-elec/install/messages/include/messages/messages/msg/detail/smart_car_imu_status__traits.hpp
-- Symlinking: /home/zhenzhen/ros2/robodog-yunnan-elec/install/messages/include/messages/messages/msg/detail/smart_car_imu_status__type_support.hpp
-- Symlinking: /home/zhenzhen/ros2/robodog-yunnan-elec/install/messages/include/messages/messages/msg/detail/smart_car_motion_state__builder.hpp
-- Symlinking: /home/zhenzhen/ros2/robodog-yunnan-elec/install/messages/include/messages/messages/msg/detail/smart_car_motion_state__struct.hpp
-- Symlinking: /home/zhenzhen/ros2/robodog-yunnan-elec/install/messages/include/messages/messages/msg/detail/smart_car_motion_state__traits.hpp
-- Symlinking: /home/zhenzhen/ros2/robodog-yunnan-elec/install/messages/include/messages/messages/msg/detail/smart_car_motion_state__type_support.hpp
-- Symlinking: /home/zhenzhen/ros2/robodog-yunnan-elec/install/messages/include/messages/messages/msg/detail/smart_car_motor_status__builder.hpp
-- Symlinking: /home/zhenzhen/ros2/robodog-yunnan-elec/install/messages/include/messages/messages/msg/detail/smart_car_motor_status__struct.hpp
-- Symlinking: /home/zhenzhen/ros2/robodog-yunnan-elec/install/messages/include/messages/messages/msg/detail/smart_car_motor_status__traits.hpp
-- Symlinking: /home/zhenzhen/ros2/robodog-yunnan-elec/install/messages/include/messages/messages/msg/detail/smart_car_motor_status__type_support.hpp
-- Symlinking: /home/zhenzhen/ros2/robodog-yunnan-elec/install/messages/include/messages/messages/msg/detail/smart_car_status__builder.hpp
-- Symlinking: /home/zhenzhen/ros2/robodog-yunnan-elec/install/messages/include/messages/messages/msg/detail/smart_car_status__struct.hpp
-- Symlinking: /home/zhenzhen/ros2/robodog-yunnan-elec/install/messages/include/messages/messages/msg/detail/smart_car_status__traits.hpp
-- Symlinking: /home/zhenzhen/ros2/robodog-yunnan-elec/install/messages/include/messages/messages/msg/detail/smart_car_status__type_support.hpp
-- Symlinking: /home/zhenzhen/ros2/robodog-yunnan-elec/install/messages/include/messages/messages/msg/detail/vision__builder.hpp
-- Symlinking: /home/zhenzhen/ros2/robodog-yunnan-elec/install/messages/include/messages/messages/msg/detail/vision__struct.hpp
-- Symlinking: /home/zhenzhen/ros2/robodog-yunnan-elec/install/messages/include/messages/messages/msg/detail/vision__traits.hpp
-- Symlinking: /home/zhenzhen/ros2/robodog-yunnan-elec/install/messages/include/messages/messages/msg/detail/vision__type_support.hpp
-- Symlinking: /home/zhenzhen/ros2/robodog-yunnan-elec/install/messages/include/messages/messages/msg/detail/vision_msg__builder.hpp
-- Symlinking: /home/zhenzhen/ros2/robodog-yunnan-elec/install/messages/include/messages/messages/msg/detail/vision_msg__struct.hpp
-- Symlinking: /home/zhenzhen/ros2/robodog-yunnan-elec/install/messages/include/messages/messages/msg/detail/vision_msg__traits.hpp
-- Symlinking: /home/zhenzhen/ros2/robodog-yunnan-elec/install/messages/include/messages/messages/msg/detail/vision_msg__type_support.hpp
-- Symlinking: /home/zhenzhen/ros2/robodog-yunnan-elec/install/messages/include/messages/messages/msg/platform_target.hpp
-- Symlinking: /home/zhenzhen/ros2/robodog-yunnan-elec/install/messages/include/messages/messages/msg/rosidl_generator_cpp__visibility_control.hpp
-- Symlinking: /home/zhenzhen/ros2/robodog-yunnan-elec/install/messages/include/messages/messages/msg/smart_car_calib_status.hpp
-- Symlinking: /home/zhenzhen/ros2/robodog-yunnan-elec/install/messages/include/messages/messages/msg/smart_car_control_setpoint.hpp
-- Symlinking: /home/zhenzhen/ros2/robodog-yunnan-elec/install/messages/include/messages/messages/msg/smart_car_imu_status.hpp
-- Symlinking: /home/zhenzhen/ros2/robodog-yunnan-elec/install/messages/include/messages/messages/msg/smart_car_motion_state.hpp
-- Symlinking: /home/zhenzhen/ros2/robodog-yunnan-elec/install/messages/include/messages/messages/msg/smart_car_motor_status.hpp
-- Symlinking: /home/zhenzhen/ros2/robodog-yunnan-elec/install/messages/include/messages/messages/msg/smart_car_status.hpp
-- Symlinking: /home/zhenzhen/ros2/robodog-yunnan-elec/install/messages/include/messages/messages/msg/vision.hpp
-- Symlinking: /home/zhenzhen/ros2/robodog-yunnan-elec/install/messages/include/messages/messages/msg/vision_msg.hpp
-- Symlinking: /home/zhenzhen/ros2/robodog-yunnan-elec/install/messages/include/messages/messages/srv/detail/smart_car_actuator_test__builder.hpp
-- Symlinking: /home/zhenzhen/ros2/robodog-yunnan-elec/install/messages/include/messages/messages/srv/detail/smart_car_actuator_test__struct.hpp
-- Symlinking: /home/zhenzhen/ros2/robodog-yunnan-elec/install/messages/include/messages/messages/srv/detail/smart_car_actuator_test__traits.hpp
-- Symlinking: /home/zhenzhen/ros2/robodog-yunnan-elec/install/messages/include/messages/messages/srv/detail/smart_car_actuator_test__type_support.hpp
-- Symlinking: /home/zhenzhen/ros2/robodog-yunnan-elec/install/messages/include/messages/messages/srv/detail/smart_car_command__builder.hpp
-- Symlinking: /home/zhenzhen/ros2/robodog-yunnan-elec/install/messages/include/messages/messages/srv/detail/smart_car_command__struct.hpp
-- Symlinking: /home/zhenzhen/ros2/robodog-yunnan-elec/install/messages/include/messages/messages/srv/detail/smart_car_command__traits.hpp
-- Symlinking: /home/zhenzhen/ros2/robodog-yunnan-elec/install/messages/include/messages/messages/srv/detail/smart_car_command__type_support.hpp
-- Symlinking: /home/zhenzhen/ros2/robodog-yunnan-elec/install/messages/include/messages/messages/srv/smart_car_actuator_test.hpp
-- Symlinking: /home/zhenzhen/ros2/robodog-yunnan-elec/install/messages/include/messages/messages/srv/smart_car_command.hpp
-- Symlinking: /home/zhenzhen/ros2/robodog-yunnan-elec/install/messages/include/messages/messages/action/detail/execute_mission__rosidl_typesupport_fastrtps_cpp.hpp
-- Symlinking: /home/zhenzhen/ros2/robodog-yunnan-elec/install/messages/include/messages/messages/action/detail/go_to_target__rosidl_typesupport_fastrtps_cpp.hpp
-- Symlinking: /home/zhenzhen/ros2/robodog-yunnan-elec/install/messages/include/messages/messages/action/detail/land__rosidl_typesupport_fastrtps_cpp.hpp
-- Symlinking: /home/zhenzhen/ros2/robodog-yunnan-elec/install/messages/include/messages/messages/action/detail/takeoff__rosidl_typesupport_fastrtps_cpp.hpp
-- Symlinking: /home/zhenzhen/ros2/robodog-yunnan-elec/install/messages/include/messages/messages/action/detail/track_velocity__rosidl_typesupport_fastrtps_cpp.hpp
-- Symlinking: /home/zhenzhen/ros2/robodog-yunnan-elec/install/messages/include/messages/messages/msg/detail/platform_target__rosidl_typesupport_fastrtps_cpp.hpp
-- Symlinking: /home/zhenzhen/ros2/robodog-yunnan-elec/install/messages/include/messages/messages/msg/detail/smart_car_calib_status__rosidl_typesupport_fastrtps_cpp.hpp
-- Symlinking: /home/zhenzhen/ros2/robodog-yunnan-elec/install/messages/include/messages/messages/msg/detail/smart_car_control_setpoint__rosidl_typesupport_fastrtps_cpp.hpp
-- Symlinking: /home/zhenzhen/ros2/robodog-yunnan-elec/install/messages/include/messages/messages/msg/detail/smart_car_imu_status__rosidl_typesupport_fastrtps_cpp.hpp
-- Symlinking: /home/zhenzhen/ros2/robodog-yunnan-elec/install/messages/include/messages/messages/msg/detail/smart_car_motion_state__rosidl_typesupport_fastrtps_cpp.hpp
-- Symlinking: /home/zhenzhen/ros2/robodog-yunnan-elec/install/messages/include/messages/messages/msg/detail/smart_car_motor_status__rosidl_typesupport_fastrtps_cpp.hpp
-- Symlinking: /home/zhenzhen/ros2/robodog-yunnan-elec/install/messages/include/messages/messages/msg/detail/smart_car_status__rosidl_typesupport_fastrtps_cpp.hpp
-- Symlinking: /home/zhenzhen/ros2/robodog-yunnan-elec/install/messages/include/messages/messages/msg/detail/vision__rosidl_typesupport_fastrtps_cpp.hpp
-- Symlinking: /home/zhenzhen/ros2/robodog-yunnan-elec/install/messages/include/messages/messages/msg/detail/vision_msg__rosidl_typesupport_fastrtps_cpp.hpp
-- Symlinking: /home/zhenzhen/ros2/robodog-yunnan-elec/install/messages/include/messages/messages/msg/rosidl_typesupport_fastrtps_cpp__visibility_control.h
-- Symlinking: /home/zhenzhen/ros2/robodog-yunnan-elec/install/messages/include/messages/messages/srv/detail/smart_car_actuator_test__rosidl_typesupport_fastrtps_cpp.hpp
-- Symlinking: /home/zhenzhen/ros2/robodog-yunnan-elec/install/messages/include/messages/messages/srv/detail/smart_car_command__rosidl_typesupport_fastrtps_cpp.hpp
-- Symlinking: /home/zhenzhen/ros2/robodog-yunnan-elec/install/messages/include/messages/messages/action/detail/execute_mission__rosidl_typesupport_introspection_c.h
-- Symlinking: /home/zhenzhen/ros2/robodog-yunnan-elec/install/messages/include/messages/messages/action/detail/go_to_target__rosidl_typesupport_introspection_c.h
-- Symlinking: /home/zhenzhen/ros2/robodog-yunnan-elec/install/messages/include/messages/messages/action/detail/land__rosidl_typesupport_introspection_c.h
-- Symlinking: /home/zhenzhen/ros2/robodog-yunnan-elec/install/messages/include/messages/messages/action/detail/takeoff__rosidl_typesupport_introspection_c.h
-- Symlinking: /home/zhenzhen/ros2/robodog-yunnan-elec/install/messages/include/messages/messages/action/detail/track_velocity__rosidl_typesupport_introspection_c.h
-- Symlinking: /home/zhenzhen/ros2/robodog-yunnan-elec/install/messages/include/messages/messages/msg/detail/platform_target__rosidl_typesupport_introspection_c.h
-- Symlinking: /home/zhenzhen/ros2/robodog-yunnan-elec/install/messages/include/messages/messages/msg/detail/smart_car_calib_status__rosidl_typesupport_introspection_c.h
-- Symlinking: /home/zhenzhen/ros2/robodog-yunnan-elec/install/messages/include/messages/messages/msg/detail/smart_car_control_setpoint__rosidl_typesupport_introspection_c.h
-- Symlinking: /home/zhenzhen/ros2/robodog-yunnan-elec/install/messages/include/messages/messages/msg/detail/smart_car_imu_status__rosidl_typesupport_introspection_c.h
-- Symlinking: /home/zhenzhen/ros2/robodog-yunnan-elec/install/messages/include/messages/messages/msg/detail/smart_car_motion_state__rosidl_typesupport_introspection_c.h
-- Symlinking: /home/zhenzhen/ros2/robodog-yunnan-elec/install/messages/include/messages/messages/msg/detail/smart_car_motor_status__rosidl_typesupport_introspection_c.h
-- Symlinking: /home/zhenzhen/ros2/robodog-yunnan-elec/install/messages/include/messages/messages/msg/detail/smart_car_status__rosidl_typesupport_introspection_c.h
-- Symlinking: /home/zhenzhen/ros2/robodog-yunnan-elec/install/messages/include/messages/messages/msg/detail/vision__rosidl_typesupport_introspection_c.h
-- Symlinking: /home/zhenzhen/ros2/robodog-yunnan-elec/install/messages/include/messages/messages/msg/detail/vision_msg__rosidl_typesupport_introspection_c.h
-- Symlinking: /home/zhenzhen/ros2/robodog-yunnan-elec/install/messages/include/messages/messages/msg/rosidl_typesupport_introspection_c__visibility_control.h
-- Symlinking: /home/zhenzhen/ros2/robodog-yunnan-elec/install/messages/include/messages/messages/srv/detail/smart_car_actuator_test__rosidl_typesupport_introspection_c.h
-- Symlinking: /home/zhenzhen/ros2/robodog-yunnan-elec/install/messages/include/messages/messages/srv/detail/smart_car_command__rosidl_typesupport_introspection_c.h
-- Symlinking: /home/zhenzhen/ros2/robodog-yunnan-elec/install/messages/include/messages/messages/action/detail/execute_mission__rosidl_typesupport_introspection_cpp.hpp
-- Symlinking: /home/zhenzhen/ros2/robodog-yunnan-elec/install/messages/include/messages/messages/action/detail/go_to_target__rosidl_typesupport_introspection_cpp.hpp
-- Symlinking: /home/zhenzhen/ros2/robodog-yunnan-elec/install/messages/include/messages/messages/action/detail/land__rosidl_typesupport_introspection_cpp.hpp
-- Symlinking: /home/zhenzhen/ros2/robodog-yunnan-elec/install/messages/include/messages/messages/action/detail/takeoff__rosidl_typesupport_introspection_cpp.hpp
-- Symlinking: /home/zhenzhen/ros2/robodog-yunnan-elec/install/messages/include/messages/messages/action/detail/track_velocity__rosidl_typesupport_introspection_cpp.hpp
-- Symlinking: /home/zhenzhen/ros2/robodog-yunnan-elec/install/messages/include/messages/messages/msg/detail/platform_target__rosidl_typesupport_introspection_cpp.hpp
-- Symlinking: /home/zhenzhen/ros2/robodog-yunnan-elec/install/messages/include/messages/messages/msg/detail/smart_car_calib_status__rosidl_typesupport_introspection_cpp.hpp
-- Symlinking: /home/zhenzhen/ros2/robodog-yunnan-elec/install/messages/include/messages/messages/msg/detail/smart_car_control_setpoint__rosidl_typesupport_introspection_cpp.hpp
-- Symlinking: /home/zhenzhen/ros2/robodog-yunnan-elec/install/messages/include/messages/messages/msg/detail/smart_car_imu_status__rosidl_typesupport_introspection_cpp.hpp
-- Symlinking: /home/zhenzhen/ros2/robodog-yunnan-elec/install/messages/include/messages/messages/msg/detail/smart_car_motion_state__rosidl_typesupport_introspection_cpp.hpp
-- Symlinking: /home/zhenzhen/ros2/robodog-yunnan-elec/install/messages/include/messages/messages/msg/detail/smart_car_motor_status__rosidl_typesupport_introspection_cpp.hpp
-- Symlinking: /home/zhenzhen/ros2/robodog-yunnan-elec/install/messages/include/messages/messages/msg/detail/smart_car_status__rosidl_typesupport_introspection_cpp.hpp
-- Symlinking: /home/zhenzhen/ros2/robodog-yunnan-elec/install/messages/include/messages/messages/msg/detail/vision__rosidl_typesupport_introspection_cpp.hpp
-- Symlinking: /home/zhenzhen/ros2/robodog-yunnan-elec/install/messages/include/messages/messages/msg/detail/vision_msg__rosidl_typesupport_introspection_cpp.hpp
-- Symlinking: /home/zhenzhen/ros2/robodog-yunnan-elec/install/messages/include/messages/messages/srv/detail/smart_car_actuator_test__rosidl_typesupport_introspection_cpp.hpp
-- Symlinking: /home/zhenzhen/ros2/robodog-yunnan-elec/install/messages/include/messages/messages/srv/detail/smart_car_command__rosidl_typesupport_introspection_cpp.hpp
-- Symlinking: /home/zhenzhen/ros2/robodog-yunnan-elec/install/messages/share/ament_index/resource_index/rust_packages/messages
-- Symlinking: /home/zhenzhen/ros2/robodog-yunnan-elec/install/messages/share/messages/rust/Cargo.toml
-- Symlinking: /home/zhenzhen/ros2/robodog-yunnan-elec/install/messages/share/messages/rust/build.rs
-- Symlinking: /home/zhenzhen/ros2/robodog-yunnan-elec/install/messages/share/messages/rust/src/action.rs
-- Symlinking: /home/zhenzhen/ros2/robodog-yunnan-elec/install/messages/share/messages/rust/src/lib.rs
-- Symlinking: /home/zhenzhen/ros2/robodog-yunnan-elec/install/messages/share/messages/rust/src/msg.rs
-- Symlinking: /home/zhenzhen/ros2/robodog-yunnan-elec/install/messages/share/messages/rust/src/srv.rs
-- Symlinking: /home/zhenzhen/ros2/robodog-yunnan-elec/install/messages/share/messages/environment/pythonpath.sh
-- Symlinking: /home/zhenzhen/ros2/robodog-yunnan-elec/install/messages/share/messages/environment/pythonpath.dsv
-- Symlinking: /home/zhenzhen/ros2/robodog-yunnan-elec/install/messages/local/lib/python3.10/dist-packages/messages-0.0.0-py3.10.egg-info/PKG-INFO
-- Symlinking: /home/zhenzhen/ros2/robodog-yunnan-elec/install/messages/local/lib/python3.10/dist-packages/messages-0.0.0-py3.10.egg-info/SOURCES.txt
-- Symlinking: /home/zhenzhen/ros2/robodog-yunnan-elec/install/messages/local/lib/python3.10/dist-packages/messages-0.0.0-py3.10.egg-info/dependency_links.txt
-- Symlinking: /home/zhenzhen/ros2/robodog-yunnan-elec/install/messages/local/lib/python3.10/dist-packages/messages-0.0.0-py3.10.egg-info/top_level.txt
-- Symlinking: /home/zhenzhen/ros2/robodog-yunnan-elec/install/messages/local/lib/python3.10/dist-packages/messages/__init__.py
-- Symlinking: /home/zhenzhen/ros2/robodog-yunnan-elec/install/messages/local/lib/python3.10/dist-packages/messages/_messages_s.ep.rosidl_typesupport_c.c
-- Symlinking: /home/zhenzhen/ros2/robodog-yunnan-elec/install/messages/local/lib/python3.10/dist-packages/messages/_messages_s.ep.rosidl_typesupport_fastrtps_c.c
-- Symlinking: /home/zhenzhen/ros2/robodog-yunnan-elec/install/messages/local/lib/python3.10/dist-packages/messages/_messages_s.ep.rosidl_typesupport_introspection_c.c
-- Symlinking: /home/zhenzhen/ros2/robodog-yunnan-elec/install/messages/local/lib/python3.10/dist-packages/messages/action/__init__.py
-- Symlinking: /home/zhenzhen/ros2/robodog-yunnan-elec/install/messages/local/lib/python3.10/dist-packages/messages/action/_execute_mission.py
-- Symlinking: /home/zhenzhen/ros2/robodog-yunnan-elec/install/messages/local/lib/python3.10/dist-packages/messages/action/_execute_mission_s.c
-- Symlinking: /home/zhenzhen/ros2/robodog-yunnan-elec/install/messages/local/lib/python3.10/dist-packages/messages/action/_go_to_target.py
-- Symlinking: /home/zhenzhen/ros2/robodog-yunnan-elec/install/messages/local/lib/python3.10/dist-packages/messages/action/_go_to_target_s.c
-- Symlinking: /home/zhenzhen/ros2/robodog-yunnan-elec/install/messages/local/lib/python3.10/dist-packages/messages/action/_land.py
-- Symlinking: /home/zhenzhen/ros2/robodog-yunnan-elec/install/messages/local/lib/python3.10/dist-packages/messages/action/_land_s.c
-- Symlinking: /home/zhenzhen/ros2/robodog-yunnan-elec/install/messages/local/lib/python3.10/dist-packages/messages/action/_takeoff.py
-- Symlinking: /home/zhenzhen/ros2/robodog-yunnan-elec/install/messages/local/lib/python3.10/dist-packages/messages/action/_takeoff_s.c
-- Symlinking: /home/zhenzhen/ros2/robodog-yunnan-elec/install/messages/local/lib/python3.10/dist-packages/messages/action/_track_velocity.py
-- Symlinking: /home/zhenzhen/ros2/robodog-yunnan-elec/install/messages/local/lib/python3.10/dist-packages/messages/action/_track_velocity_s.c
-- Symlinking: /home/zhenzhen/ros2/robodog-yunnan-elec/install/messages/local/lib/python3.10/dist-packages/messages/libmessages__rosidl_generator_py.so
-- Symlinking: /home/zhenzhen/ros2/robodog-yunnan-elec/install/messages/local/lib/python3.10/dist-packages/messages/messages_s__rosidl_typesupport_c.cpython-310-aarch64-linux-gnu.so
-- Symlinking: /home/zhenzhen/ros2/robodog-yunnan-elec/install/messages/local/lib/python3.10/dist-packages/messages/messages_s__rosidl_typesupport_fastrtps_c.cpython-310-aarch64-linux-gnu.so
-- Symlinking: /home/zhenzhen/ros2/robodog-yunnan-elec/install/messages/local/lib/python3.10/dist-packages/messages/messages_s__rosidl_typesupport_introspection_c.cpython-310-aarch64-linux-gnu.so
-- Symlinking: /home/zhenzhen/ros2/robodog-yunnan-elec/install/messages/local/lib/python3.10/dist-packages/messages/msg/__init__.py
-- Symlinking: /home/zhenzhen/ros2/robodog-yunnan-elec/install/messages/local/lib/python3.10/dist-packages/messages/msg/_platform_target.py
-- Symlinking: /home/zhenzhen/ros2/robodog-yunnan-elec/install/messages/local/lib/python3.10/dist-packages/messages/msg/_platform_target_s.c
-- Symlinking: /home/zhenzhen/ros2/robodog-yunnan-elec/install/messages/local/lib/python3.10/dist-packages/messages/msg/_smart_car_calib_status.py
-- Symlinking: /home/zhenzhen/ros2/robodog-yunnan-elec/install/messages/local/lib/python3.10/dist-packages/messages/msg/_smart_car_calib_status_s.c
-- Symlinking: /home/zhenzhen/ros2/robodog-yunnan-elec/install/messages/local/lib/python3.10/dist-packages/messages/msg/_smart_car_control_setpoint.py
-- Symlinking: /home/zhenzhen/ros2/robodog-yunnan-elec/install/messages/local/lib/python3.10/dist-packages/messages/msg/_smart_car_control_setpoint_s.c
-- Symlinking: /home/zhenzhen/ros2/robodog-yunnan-elec/install/messages/local/lib/python3.10/dist-packages/messages/msg/_smart_car_imu_status.py
-- Symlinking: /home/zhenzhen/ros2/robodog-yunnan-elec/install/messages/local/lib/python3.10/dist-packages/messages/msg/_smart_car_imu_status_s.c
-- Symlinking: /home/zhenzhen/ros2/robodog-yunnan-elec/install/messages/local/lib/python3.10/dist-packages/messages/msg/_smart_car_motion_state.py
-- Symlinking: /home/zhenzhen/ros2/robodog-yunnan-elec/install/messages/local/lib/python3.10/dist-packages/messages/msg/_smart_car_motion_state_s.c
-- Symlinking: /home/zhenzhen/ros2/robodog-yunnan-elec/install/messages/local/lib/python3.10/dist-packages/messages/msg/_smart_car_motor_status.py
-- Symlinking: /home/zhenzhen/ros2/robodog-yunnan-elec/install/messages/local/lib/python3.10/dist-packages/messages/msg/_smart_car_motor_status_s.c
-- Symlinking: /home/zhenzhen/ros2/robodog-yunnan-elec/install/messages/local/lib/python3.10/dist-packages/messages/msg/_smart_car_status.py
-- Symlinking: /home/zhenzhen/ros2/robodog-yunnan-elec/install/messages/local/lib/python3.10/dist-packages/messages/msg/_smart_car_status_s.c
-- Symlinking: /home/zhenzhen/ros2/robodog-yunnan-elec/install/messages/local/lib/python3.10/dist-packages/messages/msg/_vision.py
-- Symlinking: /home/zhenzhen/ros2/robodog-yunnan-elec/install/messages/local/lib/python3.10/dist-packages/messages/msg/_vision_msg.py
-- Symlinking: /home/zhenzhen/ros2/robodog-yunnan-elec/install/messages/local/lib/python3.10/dist-packages/messages/msg/_vision_msg_s.c
-- Symlinking: /home/zhenzhen/ros2/robodog-yunnan-elec/install/messages/local/lib/python3.10/dist-packages/messages/msg/_vision_s.c
-- Symlinking: /home/zhenzhen/ros2/robodog-yunnan-elec/install/messages/local/lib/python3.10/dist-packages/messages/srv/__init__.py
-- Symlinking: /home/zhenzhen/ros2/robodog-yunnan-elec/install/messages/local/lib/python3.10/dist-packages/messages/srv/_smart_car_actuator_test.py
-- Symlinking: /home/zhenzhen/ros2/robodog-yunnan-elec/install/messages/local/lib/python3.10/dist-packages/messages/srv/_smart_car_actuator_test_s.c
-- Symlinking: /home/zhenzhen/ros2/robodog-yunnan-elec/install/messages/local/lib/python3.10/dist-packages/messages/srv/_smart_car_command.py
-- Symlinking: /home/zhenzhen/ros2/robodog-yunnan-elec/install/messages/local/lib/python3.10/dist-packages/messages/srv/_smart_car_command_s.c
-- Up-to-date symlink: /home/zhenzhen/ros2/robodog-yunnan-elec/install/messages/local/lib/python3.10/dist-packages/messages/messages_s__rosidl_typesupport_fastrtps_c.cpython-310-aarch64-linux-gnu.so
-- Up-to-date symlink: /home/zhenzhen/ros2/robodog-yunnan-elec/install/messages/local/lib/python3.10/dist-packages/messages/messages_s__rosidl_typesupport_introspection_c.cpython-310-aarch64-linux-gnu.so
-- Up-to-date symlink: /home/zhenzhen/ros2/robodog-yunnan-elec/install/messages/local/lib/python3.10/dist-packages/messages/messages_s__rosidl_typesupport_c.cpython-310-aarch64-linux-gnu.so
-- Symlinking: /home/zhenzhen/ros2/robodog-yunnan-elec/install/messages/share/messages/msg/VisionMsg.idl
-- Symlinking: /home/zhenzhen/ros2/robodog-yunnan-elec/install/messages/share/messages/msg/Vision.idl
-- Symlinking: /home/zhenzhen/ros2/robodog-yunnan-elec/install/messages/share/messages/msg/SmartCarControlSetpoint.idl
-- Symlinking: /home/zhenzhen/ros2/robodog-yunnan-elec/install/messages/share/messages/msg/SmartCarStatus.idl
-- Symlinking: /home/zhenzhen/ros2/robodog-yunnan-elec/install/messages/share/messages/msg/SmartCarMotionState.idl
-- Symlinking: /home/zhenzhen/ros2/robodog-yunnan-elec/install/messages/share/messages/msg/SmartCarMotorStatus.idl
-- Symlinking: /home/zhenzhen/ros2/robodog-yunnan-elec/install/messages/share/messages/msg/SmartCarImuStatus.idl
-- Symlinking: /home/zhenzhen/ros2/robodog-yunnan-elec/install/messages/share/messages/msg/SmartCarCalibStatus.idl
-- Symlinking: /home/zhenzhen/ros2/robodog-yunnan-elec/install/messages/share/messages/msg/PlatformTarget.idl
-- Symlinking: /home/zhenzhen/ros2/robodog-yunnan-elec/install/messages/share/messages/srv/SmartCarCommand.idl
-- Symlinking: /home/zhenzhen/ros2/robodog-yunnan-elec/install/messages/share/messages/srv/SmartCarActuatorTest.idl
-- Symlinking: /home/zhenzhen/ros2/robodog-yunnan-elec/install/messages/share/messages/action/Takeoff.idl
-- Symlinking: /home/zhenzhen/ros2/robodog-yunnan-elec/install/messages/share/messages/action/GoToTarget.idl
-- Symlinking: /home/zhenzhen/ros2/robodog-yunnan-elec/install/messages/share/messages/action/TrackVelocity.idl
-- Symlinking: /home/zhenzhen/ros2/robodog-yunnan-elec/install/messages/share/messages/action/Land.idl
-- Symlinking: /home/zhenzhen/ros2/robodog-yunnan-elec/install/messages/share/messages/action/ExecuteMission.idl
-- Symlinking: /home/zhenzhen/ros2/robodog-yunnan-elec/install/messages/share/messages/msg/VisionMsg.msg
-- Symlinking: /home/zhenzhen/ros2/robodog-yunnan-elec/install/messages/share/messages/msg/Vision.msg
-- Symlinking: /home/zhenzhen/ros2/robodog-yunnan-elec/install/messages/share/messages/msg/SmartCarControlSetpoint.msg
-- Symlinking: /home/zhenzhen/ros2/robodog-yunnan-elec/install/messages/share/messages/msg/SmartCarStatus.msg
-- Symlinking: /home/zhenzhen/ros2/robodog-yunnan-elec/install/messages/share/messages/msg/SmartCarMotionState.msg
-- Symlinking: /home/zhenzhen/ros2/robodog-yunnan-elec/install/messages/share/messages/msg/SmartCarMotorStatus.msg
-- Symlinking: /home/zhenzhen/ros2/robodog-yunnan-elec/install/messages/share/messages/msg/SmartCarImuStatus.msg
-- Symlinking: /home/zhenzhen/ros2/robodog-yunnan-elec/install/messages/share/messages/msg/SmartCarCalibStatus.msg
-- Symlinking: /home/zhenzhen/ros2/robodog-yunnan-elec/install/messages/share/messages/msg/PlatformTarget.msg
-- Symlinking: /home/zhenzhen/ros2/robodog-yunnan-elec/install/messages/share/messages/srv/SmartCarCommand.srv
-- Symlinking: /home/zhenzhen/ros2/robodog-yunnan-elec/install/messages/share/messages/srv/SmartCarCommand_Request.msg
-- Symlinking: /home/zhenzhen/ros2/robodog-yunnan-elec/install/messages/share/messages/srv/SmartCarCommand_Response.msg
-- Symlinking: /home/zhenzhen/ros2/robodog-yunnan-elec/install/messages/share/messages/srv/SmartCarActuatorTest.srv
-- Symlinking: /home/zhenzhen/ros2/robodog-yunnan-elec/install/messages/share/messages/srv/SmartCarActuatorTest_Request.msg
-- Symlinking: /home/zhenzhen/ros2/robodog-yunnan-elec/install/messages/share/messages/srv/SmartCarActuatorTest_Response.msg
-- Symlinking: /home/zhenzhen/ros2/robodog-yunnan-elec/install/messages/share/messages/action/Takeoff.action
-- Symlinking: /home/zhenzhen/ros2/robodog-yunnan-elec/install/messages/share/messages/action/GoToTarget.action
-- Symlinking: /home/zhenzhen/ros2/robodog-yunnan-elec/install/messages/share/messages/action/TrackVelocity.action
-- Symlinking: /home/zhenzhen/ros2/robodog-yunnan-elec/install/messages/share/messages/action/Land.action
-- Symlinking: /home/zhenzhen/ros2/robodog-yunnan-elec/install/messages/share/messages/action/ExecuteMission.action
-- Up-to-date symlink: /home/zhenzhen/ros2/robodog-yunnan-elec/install/messages/share/messages/msg/PlatformTarget.msg
-- Up-to-date symlink: /home/zhenzhen/ros2/robodog-yunnan-elec/install/messages/share/messages/msg/SmartCarCalibStatus.msg
-- Up-to-date symlink: /home/zhenzhen/ros2/robodog-yunnan-elec/install/messages/share/messages/msg/SmartCarControlSetpoint.msg
-- Up-to-date symlink: /home/zhenzhen/ros2/robodog-yunnan-elec/install/messages/share/messages/msg/SmartCarImuStatus.msg
-- Up-to-date symlink: /home/zhenzhen/ros2/robodog-yunnan-elec/install/messages/share/messages/msg/SmartCarMotionState.msg
-- Up-to-date symlink: /home/zhenzhen/ros2/robodog-yunnan-elec/install/messages/share/messages/msg/SmartCarMotorStatus.msg
-- Up-to-date symlink: /home/zhenzhen/ros2/robodog-yunnan-elec/install/messages/share/messages/msg/SmartCarStatus.msg
-- Up-to-date symlink: /home/zhenzhen/ros2/robodog-yunnan-elec/install/messages/share/messages/msg/Vision.msg
-- Up-to-date symlink: /home/zhenzhen/ros2/robodog-yunnan-elec/install/messages/share/messages/msg/VisionMsg.msg
-- Up-to-date symlink: /home/zhenzhen/ros2/robodog-yunnan-elec/install/messages/share/messages/srv/SmartCarActuatorTest.srv
-- Up-to-date symlink: /home/zhenzhen/ros2/robodog-yunnan-elec/install/messages/share/messages/srv/SmartCarCommand.srv
-- Up-to-date symlink: /home/zhenzhen/ros2/robodog-yunnan-elec/install/messages/share/messages/action/ExecuteMission.action
-- Up-to-date symlink: /home/zhenzhen/ros2/robodog-yunnan-elec/install/messages/share/messages/action/GoToTarget.action
-- Up-to-date symlink: /home/zhenzhen/ros2/robodog-yunnan-elec/install/messages/share/messages/action/Land.action
-- Up-to-date symlink: /home/zhenzhen/ros2/robodog-yunnan-elec/install/messages/share/messages/action/Takeoff.action
-- Up-to-date symlink: /home/zhenzhen/ros2/robodog-yunnan-elec/install/messages/share/messages/action/TrackVelocity.action
-- Symlinking: /home/zhenzhen/ros2/robodog-yunnan-elec/install/messages/share/ament_index/resource_index/package_run_dependencies/messages
-- Symlinking: /home/zhenzhen/ros2/robodog-yunnan-elec/install/messages/share/ament_index/resource_index/parent_prefix_path/messages
-- Symlinking: /home/zhenzhen/ros2/robodog-yunnan-elec/install/messages/share/messages/environment/ament_prefix_path.sh
-- Symlinking: /home/zhenzhen/ros2/robodog-yunnan-elec/install/messages/share/messages/environment/ament_prefix_path.dsv
-- Symlinking: /home/zhenzhen/ros2/robodog-yunnan-elec/install/messages/share/messages/environment/path.sh
-- Symlinking: /home/zhenzhen/ros2/robodog-yunnan-elec/install/messages/share/messages/environment/path.dsv
-- Symlinking: /home/zhenzhen/ros2/robodog-yunnan-elec/install/messages/share/messages/local_setup.bash
-- Symlinking: /home/zhenzhen/ros2/robodog-yunnan-elec/install/messages/share/messages/local_setup.sh
-- Symlinking: /home/zhenzhen/ros2/robodog-yunnan-elec/install/messages/share/messages/local_setup.zsh
-- Symlinking: /home/zhenzhen/ros2/robodog-yunnan-elec/install/messages/share/messages/local_setup.dsv
-- Symlinking: /home/zhenzhen/ros2/robodog-yunnan-elec/install/messages/share/messages/package.dsv
-- Symlinking: /home/zhenzhen/ros2/robodog-yunnan-elec/install/messages/share/ament_index/resource_index/packages/messages
-- Symlinking: /home/zhenzhen/ros2/robodog-yunnan-elec/install/messages/share/messages/cmake/rosidl_cmake-extras.cmake
-- Symlinking: /home/zhenzhen/ros2/robodog-yunnan-elec/install/messages/share/messages/cmake/ament_cmake_export_dependencies-extras.cmake
-- Symlinking: /home/zhenzhen/ros2/robodog-yunnan-elec/install/messages/share/messages/cmake/ament_cmake_export_include_directories-extras.cmake
-- Symlinking: /home/zhenzhen/ros2/robodog-yunnan-elec/install/messages/share/messages/cmake/ament_cmake_export_libraries-extras.cmake
-- Symlinking: /home/zhenzhen/ros2/robodog-yunnan-elec/install/messages/share/messages/cmake/ament_cmake_export_targets-extras.cmake
-- Symlinking: /home/zhenzhen/ros2/robodog-yunnan-elec/install/messages/share/messages/cmake/rosidl_cmake_export_typesupport_targets-extras.cmake
-- Symlinking: /home/zhenzhen/ros2/robodog-yunnan-elec/install/messages/share/messages/cmake/rosidl_cmake_export_typesupport_libraries-extras.cmake
-- Symlinking: /home/zhenzhen/ros2/robodog-yunnan-elec/install/messages/share/messages/cmake/messagesConfig.cmake
-- Symlinking: /home/zhenzhen/ros2/robodog-yunnan-elec/install/messages/share/messages/cmake/messagesConfig-version.cmake
-- Symlinking: /home/zhenzhen/ros2/robodog-yunnan-elec/install/messages/share/messages/package.xml
-- Installing: /home/zhenzhen/ros2/robodog-yunnan-elec/install/messages/lib/libmessages__rosidl_generator_c.so
-- Set runtime path of "/home/zhenzhen/ros2/robodog-yunnan-elec/install/messages/lib/libmessages__rosidl_generator_c.so" to ""
-- Installing: /home/zhenzhen/ros2/robodog-yunnan-elec/install/messages/lib/libmessages__rosidl_typesupport_fastrtps_c.so
-- Set runtime path of "/home/zhenzhen/ros2/robodog-yunnan-elec/install/messages/lib/libmessages__rosidl_typesupport_fastrtps_c.so" to ""
-- Installing: /home/zhenzhen/ros2/robodog-yunnan-elec/install/messages/lib/libmessages__rosidl_typesupport_fastrtps_cpp.so
-- Set runtime path of "/home/zhenzhen/ros2/robodog-yunnan-elec/install/messages/lib/libmessages__rosidl_typesupport_fastrtps_cpp.so" to ""
-- Installing: /home/zhenzhen/ros2/robodog-yunnan-elec/install/messages/lib/libmessages__rosidl_typesupport_introspection_c.so
-- Set runtime path of "/home/zhenzhen/ros2/robodog-yunnan-elec/install/messages/lib/libmessages__rosidl_typesupport_introspection_c.so" to ""
-- Installing: /home/zhenzhen/ros2/robodog-yunnan-elec/install/messages/lib/libmessages__rosidl_typesupport_c.so
-- Set runtime path of "/home/zhenzhen/ros2/robodog-yunnan-elec/install/messages/lib/libmessages__rosidl_typesupport_c.so" to ""
-- Installing: /home/zhenzhen/ros2/robodog-yunnan-elec/install/messages/lib/libmessages__rosidl_typesupport_introspection_cpp.so
-- Set runtime path of "/home/zhenzhen/ros2/robodog-yunnan-elec/install/messages/lib/libmessages__rosidl_typesupport_introspection_cpp.so" to ""
-- Installing: /home/zhenzhen/ros2/robodog-yunnan-elec/install/messages/lib/libmessages__rosidl_typesupport_cpp.so
-- Set runtime path of "/home/zhenzhen/ros2/robodog-yunnan-elec/install/messages/lib/libmessages__rosidl_typesupport_cpp.so" to ""
Listing '/home/zhenzhen/ros2/robodog-yunnan-elec/install/messages/local/lib/python3.10/dist-packages/messages'...
Compiling '/home/zhenzhen/ros2/robodog-yunnan-elec/install/messages/local/lib/python3.10/dist-packages/messages/__init__.py'...
Listing '/home/zhenzhen/ros2/robodog-yunnan-elec/install/messages/local/lib/python3.10/dist-packages/messages/action'...
Compiling '/home/zhenzhen/ros2/robodog-yunnan-elec/install/messages/local/lib/python3.10/dist-packages/messages/action/__init__.py'...
Compiling '/home/zhenzhen/ros2/robodog-yunnan-elec/install/messages/local/lib/python3.10/dist-packages/messages/action/_execute_mission.py'...
Compiling '/home/zhenzhen/ros2/robodog-yunnan-elec/install/messages/local/lib/python3.10/dist-packages/messages/action/_go_to_target.py'...
Compiling '/home/zhenzhen/ros2/robodog-yunnan-elec/install/messages/local/lib/python3.10/dist-packages/messages/action/_land.py'...
Compiling '/home/zhenzhen/ros2/robodog-yunnan-elec/install/messages/local/lib/python3.10/dist-packages/messages/action/_takeoff.py'...
Compiling '/home/zhenzhen/ros2/robodog-yunnan-elec/install/messages/local/lib/python3.10/dist-packages/messages/action/_track_velocity.py'...
Listing '/home/zhenzhen/ros2/robodog-yunnan-elec/install/messages/local/lib/python3.10/dist-packages/messages/msg'...
Compiling '/home/zhenzhen/ros2/robodog-yunnan-elec/install/messages/local/lib/python3.10/dist-packages/messages/msg/__init__.py'...
Compiling '/home/zhenzhen/ros2/robodog-yunnan-elec/install/messages/local/lib/python3.10/dist-packages/messages/msg/_platform_target.py'...
Compiling '/home/zhenzhen/ros2/robodog-yunnan-elec/install/messages/local/lib/python3.10/dist-packages/messages/msg/_smart_car_calib_status.py'...
Compiling '/home/zhenzhen/ros2/robodog-yunnan-elec/install/messages/local/lib/python3.10/dist-packages/messages/msg/_smart_car_control_setpoint.py'...
Compiling '/home/zhenzhen/ros2/robodog-yunnan-elec/install/messages/local/lib/python3.10/dist-packages/messages/msg/_smart_car_imu_status.py'...
Compiling '/home/zhenzhen/ros2/robodog-yunnan-elec/install/messages/local/lib/python3.10/dist-packages/messages/msg/_smart_car_motion_state.py'...
Compiling '/home/zhenzhen/ros2/robodog-yunnan-elec/install/messages/local/lib/python3.10/dist-packages/messages/msg/_smart_car_motor_status.py'...
Compiling '/home/zhenzhen/ros2/robodog-yunnan-elec/install/messages/local/lib/python3.10/dist-packages/messages/msg/_smart_car_status.py'...
Compiling '/home/zhenzhen/ros2/robodog-yunnan-elec/install/messages/local/lib/python3.10/dist-packages/messages/msg/_vision.py'...
Compiling '/home/zhenzhen/ros2/robodog-yunnan-elec/install/messages/local/lib/python3.10/dist-packages/messages/msg/_vision_msg.py'...
Listing '/home/zhenzhen/ros2/robodog-yunnan-elec/install/messages/local/lib/python3.10/dist-packages/messages/srv'...
Compiling '/home/zhenzhen/ros2/robodog-yunnan-elec/install/messages/local/lib/python3.10/dist-packages/messages/srv/__init__.py'...
Compiling '/home/zhenzhen/ros2/robodog-yunnan-elec/install/messages/local/lib/python3.10/dist-packages/messages/srv/_smart_car_actuator_test.py'...
Compiling '/home/zhenzhen/ros2/robodog-yunnan-elec/install/messages/local/lib/python3.10/dist-packages/messages/srv/_smart_car_command.py'...
-- Installing: /home/zhenzhen/ros2/robodog-yunnan-elec/install/messages/lib/libmessages__rosidl_generator_py.so
-- Set runtime path of "/home/zhenzhen/ros2/robodog-yunnan-elec/install/messages/lib/libmessages__rosidl_generator_py.so" to ""
-- Installing: /home/zhenzhen/ros2/robodog-yunnan-elec/install/messages/share/messages/cmake/export_messages__rosidl_generator_cExport.cmake
-- Installing: /home/zhenzhen/ros2/robodog-yunnan-elec/install/messages/share/messages/cmake/export_messages__rosidl_generator_cExport-noconfig.cmake
-- Installing: /home/zhenzhen/ros2/robodog-yunnan-elec/install/messages/share/messages/cmake/export_messages__rosidl_typesupport_fastrtps_cExport.cmake
-- Installing: /home/zhenzhen/ros2/robodog-yunnan-elec/install/messages/share/messages/cmake/export_messages__rosidl_typesupport_fastrtps_cExport-noconfig.cmake
-- Installing: /home/zhenzhen/ros2/robodog-yunnan-elec/install/messages/share/messages/cmake/export_messages__rosidl_generator_cppExport.cmake
-- Installing: /home/zhenzhen/ros2/robodog-yunnan-elec/install/messages/share/messages/cmake/export_messages__rosidl_typesupport_fastrtps_cppExport.cmake
-- Installing: /home/zhenzhen/ros2/robodog-yunnan-elec/install/messages/share/messages/cmake/export_messages__rosidl_typesupport_fastrtps_cppExport-noconfig.cmake
-- Installing: /home/zhenzhen/ros2/robodog-yunnan-elec/install/messages/share/messages/cmake/messages__rosidl_typesupport_introspection_cExport.cmake
-- Installing: /home/zhenzhen/ros2/robodog-yunnan-elec/install/messages/share/messages/cmake/messages__rosidl_typesupport_introspection_cExport-noconfig.cmake
-- Installing: /home/zhenzhen/ros2/robodog-yunnan-elec/install/messages/share/messages/cmake/messages__rosidl_typesupport_cExport.cmake
-- Installing: /home/zhenzhen/ros2/robodog-yunnan-elec/install/messages/share/messages/cmake/messages__rosidl_typesupport_cExport-noconfig.cmake
-- Installing: /home/zhenzhen/ros2/robodog-yunnan-elec/install/messages/share/messages/cmake/messages__rosidl_typesupport_introspection_cppExport.cmake
-- Installing: /home/zhenzhen/ros2/robodog-yunnan-elec/install/messages/share/messages/cmake/messages__rosidl_typesupport_introspection_cppExport-noconfig.cmake
-- Installing: /home/zhenzhen/ros2/robodog-yunnan-elec/install/messages/share/messages/cmake/messages__rosidl_typesupport_cppExport.cmake
-- Installing: /home/zhenzhen/ros2/robodog-yunnan-elec/install/messages/share/messages/cmake/messages__rosidl_typesupport_cppExport-noconfig.cmake
-- Installing: /home/zhenzhen/ros2/robodog-yunnan-elec/install/messages/share/messages/cmake/export_messages__rosidl_generator_pyExport.cmake
-- Installing: /home/zhenzhen/ros2/robodog-yunnan-elec/install/messages/share/messages/cmake/export_messages__rosidl_generator_pyExport-noconfig.cmake
