[0.026s] Invoking command in '/home/zhenzhen/ros2/robodog-yunnan-elec/build/messages': CMAKE_PREFIX_PATH=${CMAKE_PREFIX_PATH}:/home/zhenzhen/ros2/Quadcopter/install/yolip:/home/zhenzhen/ros2/Quadcopter/install/vision_py:/home/zhenzhen/ros2/ros2_rust/install/examples_worker_demo:/home/zhenzhen/ros2/ros2_rust/install/examples_rclrs_minimal_pub_sub:/home/zhenzhen/ros2/ros2_rust/install/examples_rclrs_minimal_client_service:/home/zhenzhen/ros2/ros2_rust/install/examples_parameter_demo:/home/zhenzhen/ros2/ros2_rust/install/examples_logging_demo:/home/zhenzhen/ros2/ros2_rust/install/sensor_msgs_py:/home/zhenzhen/ros2/ros2_rust/install/rust_pubsub:/home/zhenzhen/ros2/ros2_rust/install/examples_rclrs_message_demo:/home/zhenzhen/ros2/ros2_rust/install/rosidl_runtime_rs:/home/zhenzhen/ros2/ros2_rust/install/rclrs:/opt/ros/humble /usr/bin/cmake /home/zhenzhen/ros2/robodog-yunnan-elec/messages -DCMAKE_INSTALL_PREFIX=/home/zhenzhen/ros2/robodog-yunnan-elec/install/messages
[0.050s] -- Found ament_cmake: 1.3.11 (/opt/ros/humble/share/ament_cmake/cmake)
[0.344s] -- Override CMake install command with custom implementation using symlinks instead of copying resources
[0.362s] -- Found rclcpp: 16.0.12 (/opt/ros/humble/share/rclcpp/cmake)
[0.437s] -- Found rosidl_generator_c: 3.1.6 (/opt/ros/humble/share/rosidl_generator_c/cmake)
[0.441s] -- Found rosidl_adapter: 3.1.6 (/opt/ros/humble/share/rosidl_adapter/cmake)
[0.452s] -- Found rosidl_generator_cpp: 3.1.6 (/opt/ros/humble/share/rosidl_generator_cpp/cmake)
[0.471s] -- Using all available rosidl_typesupport_c: rosidl_typesupport_fastrtps_c;rosidl_typesupport_introspection_c
[0.491s] -- Using all available rosidl_typesupport_cpp: rosidl_typesupport_fastrtps_cpp;rosidl_typesupport_introspection_cpp
[0.540s] -- Found rmw_implementation_cmake: 6.1.2 (/opt/ros/humble/share/rmw_implementation_cmake/cmake)
[0.544s] -- Found rmw_fastrtps_cpp: 6.2.7 (/opt/ros/humble/share/rmw_fastrtps_cpp/cmake)
[0.733s] -- Using RMW implementation 'rmw_fastrtps_cpp' as default
[0.805s] -- Found rosidl_default_generators: 1.2.0 (/home/zhenzhen/ros2/ros2_rust/install/rosidl_default_generators/share/rosidl_default_generators/cmake)
[0.826s] -- Found sensor_msgs: 4.9.0 (/home/zhenzhen/ros2/ros2_rust/install/sensor_msgs/share/sensor_msgs/cmake)
[1.832s] -- Found ament_cmake_ros: 0.10.0 (/opt/ros/humble/share/ament_cmake_ros/cmake)
[2.980s] -- Using all available rosidl_typesupport_c: rosidl_typesupport_fastrtps_c;rosidl_typesupport_introspection_c
[3.434s] -- Using all available rosidl_typesupport_cpp: rosidl_typesupport_fastrtps_cpp;rosidl_typesupport_introspection_cpp
[3.713s] -- Found python_cmake_module: 0.10.0 (/opt/ros/humble/share/python_cmake_module/cmake)
[3.772s] -- Using PYTHON_EXECUTABLE: /usr/bin/python3
[3.772s] -- Using PYTHON_INCLUDE_DIRS: /usr/include/python3.10
[3.772s] -- Using PYTHON_LIBRARIES: /usr/lib/aarch64-linux-gnu/libpython3.10.so
[3.962s] -- Configuring done
[4.077s] -- Generating done
[4.103s] -- Build files have been written to: /home/zhenzhen/ros2/robodog-yunnan-elec/build/messages
[4.136s] Invoked command in '/home/zhenzhen/ros2/robodog-yunnan-elec/build/messages' returned '0': CMAKE_PREFIX_PATH=${CMAKE_PREFIX_PATH}:/home/zhenzhen/ros2/Quadcopter/install/yolip:/home/zhenzhen/ros2/Quadcopter/install/vision_py:/home/zhenzhen/ros2/ros2_rust/install/examples_worker_demo:/home/zhenzhen/ros2/ros2_rust/install/examples_rclrs_minimal_pub_sub:/home/zhenzhen/ros2/ros2_rust/install/examples_rclrs_minimal_client_service:/home/zhenzhen/ros2/ros2_rust/install/examples_parameter_demo:/home/zhenzhen/ros2/ros2_rust/install/examples_logging_demo:/home/zhenzhen/ros2/ros2_rust/install/sensor_msgs_py:/home/zhenzhen/ros2/ros2_rust/install/rust_pubsub:/home/zhenzhen/ros2/ros2_rust/install/examples_rclrs_message_demo:/home/zhenzhen/ros2/ros2_rust/install/rosidl_runtime_rs:/home/zhenzhen/ros2/ros2_rust/install/rclrs:/opt/ros/humble /usr/bin/cmake /home/zhenzhen/ros2/robodog-yunnan-elec/messages -DCMAKE_INSTALL_PREFIX=/home/zhenzhen/ros2/robodog-yunnan-elec/install/messages
[4.143s] Invoking command in '/home/zhenzhen/ros2/robodog-yunnan-elec/build/messages': CMAKE_PREFIX_PATH=${CMAKE_PREFIX_PATH}:/home/zhenzhen/ros2/Quadcopter/install/yolip:/home/zhenzhen/ros2/Quadcopter/install/vision_py:/home/zhenzhen/ros2/ros2_rust/install/examples_worker_demo:/home/zhenzhen/ros2/ros2_rust/install/examples_rclrs_minimal_pub_sub:/home/zhenzhen/ros2/ros2_rust/install/examples_rclrs_minimal_client_service:/home/zhenzhen/ros2/ros2_rust/install/examples_parameter_demo:/home/zhenzhen/ros2/ros2_rust/install/examples_logging_demo:/home/zhenzhen/ros2/ros2_rust/install/sensor_msgs_py:/home/zhenzhen/ros2/ros2_rust/install/rust_pubsub:/home/zhenzhen/ros2/ros2_rust/install/examples_rclrs_message_demo:/home/zhenzhen/ros2/ros2_rust/install/rosidl_runtime_rs:/home/zhenzhen/ros2/ros2_rust/install/rclrs:/opt/ros/humble /usr/bin/cmake --build /home/zhenzhen/ros2/robodog-yunnan-elec/build/messages -- -j6 -l6
[4.262s] Consolidate compiler generated dependencies of target messages__rosidl_generator_c
[4.280s] [  1%] Built target messages__rs
[4.286s] [  1%] Built target messages__cpp
[4.295s] [  2%] Built target ament_cmake_python_symlink_messages
[4.297s] [ 13%] Built target messages__rosidl_generator_c
[4.340s] Consolidate compiler generated dependencies of target messages__rosidl_typesupport_introspection_c
[4.343s] Consolidate compiler generated dependencies of target messages__rosidl_typesupport_introspection_cpp
[4.356s] Consolidate compiler generated dependencies of target messages__rosidl_typesupport_fastrtps_cpp
[4.358s] Consolidate compiler generated dependencies of target messages__rosidl_typesupport_cpp
[4.385s] Consolidate compiler generated dependencies of target messages__rosidl_typesupport_fastrtps_c
[4.394s] [ 25%] Built target messages__rosidl_typesupport_introspection_c
[4.409s] [ 37%] Built target messages__rosidl_typesupport_introspection_cpp
[4.427s] [ 49%] Built target messages__rosidl_typesupport_fastrtps_cpp
[4.437s] [ 61%] Built target messages__rosidl_typesupport_fastrtps_c
[4.441s] [ 73%] Built target messages__rosidl_typesupport_cpp
[4.441s] Consolidate compiler generated dependencies of target messages__rosidl_typesupport_c
[4.471s] [ 85%] Built target messages__rosidl_typesupport_c
[4.518s] [ 85%] Built target messages
[4.567s] [ 86%] Built target messages__py
[4.611s] Consolidate compiler generated dependencies of target messages__rosidl_generator_py
[4.641s] [ 97%] Built target messages__rosidl_generator_py
[4.669s] Consolidate compiler generated dependencies of target messages__rosidl_typesupport_c__pyext
[4.669s] Consolidate compiler generated dependencies of target messages__rosidl_typesupport_introspection_c__pyext
[4.669s] Consolidate compiler generated dependencies of target messages__rosidl_typesupport_fastrtps_c__pyext
[4.696s] [ 99%] Built target messages__rosidl_typesupport_introspection_c__pyext
[4.696s] [ 99%] Built target messages__rosidl_typesupport_fastrtps_c__pyext
[4.701s] [100%] Built target messages__rosidl_typesupport_c__pyext
[4.809s] running egg_info
[4.810s] writing messages.egg-info/PKG-INFO
[4.810s] writing dependency_links to messages.egg-info/dependency_links.txt
[4.810s] writing top-level names to messages.egg-info/top_level.txt
[4.817s] reading manifest file 'messages.egg-info/SOURCES.txt'
[4.818s] writing manifest file 'messages.egg-info/SOURCES.txt'
[4.890s] [100%] Built target ament_cmake_python_build_messages_egg
[4.920s] Invoked command in '/home/zhenzhen/ros2/robodog-yunnan-elec/build/messages' returned '0': CMAKE_PREFIX_PATH=${CMAKE_PREFIX_PATH}:/home/zhenzhen/ros2/Quadcopter/install/yolip:/home/zhenzhen/ros2/Quadcopter/install/vision_py:/home/zhenzhen/ros2/ros2_rust/install/examples_worker_demo:/home/zhenzhen/ros2/ros2_rust/install/examples_rclrs_minimal_pub_sub:/home/zhenzhen/ros2/ros2_rust/install/examples_rclrs_minimal_client_service:/home/zhenzhen/ros2/ros2_rust/install/examples_parameter_demo:/home/zhenzhen/ros2/ros2_rust/install/examples_logging_demo:/home/zhenzhen/ros2/ros2_rust/install/sensor_msgs_py:/home/zhenzhen/ros2/ros2_rust/install/rust_pubsub:/home/zhenzhen/ros2/ros2_rust/install/examples_rclrs_message_demo:/home/zhenzhen/ros2/ros2_rust/install/rosidl_runtime_rs:/home/zhenzhen/ros2/ros2_rust/install/rclrs:/opt/ros/humble /usr/bin/cmake --build /home/zhenzhen/ros2/robodog-yunnan-elec/build/messages -- -j6 -l6
[4.950s] Invoking command in '/home/zhenzhen/ros2/robodog-yunnan-elec/build/messages': CMAKE_PREFIX_PATH=${CMAKE_PREFIX_PATH}:/home/zhenzhen/ros2/Quadcopter/install/yolip:/home/zhenzhen/ros2/Quadcopter/install/vision_py:/home/zhenzhen/ros2/ros2_rust/install/examples_worker_demo:/home/zhenzhen/ros2/ros2_rust/install/examples_rclrs_minimal_pub_sub:/home/zhenzhen/ros2/ros2_rust/install/examples_rclrs_minimal_client_service:/home/zhenzhen/ros2/ros2_rust/install/examples_parameter_demo:/home/zhenzhen/ros2/ros2_rust/install/examples_logging_demo:/home/zhenzhen/ros2/ros2_rust/install/sensor_msgs_py:/home/zhenzhen/ros2/ros2_rust/install/rust_pubsub:/home/zhenzhen/ros2/ros2_rust/install/examples_rclrs_message_demo:/home/zhenzhen/ros2/ros2_rust/install/rosidl_runtime_rs:/home/zhenzhen/ros2/ros2_rust/install/rclrs:/opt/ros/humble /usr/bin/cmake --install /home/zhenzhen/ros2/robodog-yunnan-elec/build/messages
[4.974s] -- Install configuration: ""
[4.975s] -- Execute custom install script
[4.975s] -- Symlinking: /home/zhenzhen/ros2/robodog-yunnan-elec/install/messages/share/ament_index/resource_index/rosidl_interfaces/messages
[5.002s] -- Symlinking: /home/zhenzhen/ros2/robodog-yunnan-elec/install/messages/include/messages/messages/action/detail/execute_mission__functions.h
[5.025s] -- Symlinking: /home/zhenzhen/ros2/robodog-yunnan-elec/install/messages/include/messages/messages/action/detail/execute_mission__struct.h
[5.047s] -- Symlinking: /home/zhenzhen/ros2/robodog-yunnan-elec/install/messages/include/messages/messages/action/detail/execute_mission__type_support.h
[5.070s] -- Symlinking: /home/zhenzhen/ros2/robodog-yunnan-elec/install/messages/include/messages/messages/action/detail/go_to_target__functions.h
[5.092s] -- Symlinking: /home/zhenzhen/ros2/robodog-yunnan-elec/install/messages/include/messages/messages/action/detail/go_to_target__struct.h
[5.113s] -- Symlinking: /home/zhenzhen/ros2/robodog-yunnan-elec/install/messages/include/messages/messages/action/detail/go_to_target__type_support.h
[5.139s] -- Symlinking: /home/zhenzhen/ros2/robodog-yunnan-elec/install/messages/include/messages/messages/action/detail/land__functions.h
[5.161s] -- Symlinking: /home/zhenzhen/ros2/robodog-yunnan-elec/install/messages/include/messages/messages/action/detail/land__struct.h
[5.182s] -- Symlinking: /home/zhenzhen/ros2/robodog-yunnan-elec/install/messages/include/messages/messages/action/detail/land__type_support.h
[5.205s] -- Symlinking: /home/zhenzhen/ros2/robodog-yunnan-elec/install/messages/include/messages/messages/action/detail/takeoff__functions.h
[5.227s] -- Symlinking: /home/zhenzhen/ros2/robodog-yunnan-elec/install/messages/include/messages/messages/action/detail/takeoff__struct.h
[5.248s] -- Symlinking: /home/zhenzhen/ros2/robodog-yunnan-elec/install/messages/include/messages/messages/action/detail/takeoff__type_support.h
[5.270s] -- Symlinking: /home/zhenzhen/ros2/robodog-yunnan-elec/install/messages/include/messages/messages/action/detail/track_velocity__functions.h
[5.289s] -- Symlinking: /home/zhenzhen/ros2/robodog-yunnan-elec/install/messages/include/messages/messages/action/detail/track_velocity__struct.h
[5.310s] -- Symlinking: /home/zhenzhen/ros2/robodog-yunnan-elec/install/messages/include/messages/messages/action/detail/track_velocity__type_support.h
[5.334s] -- Symlinking: /home/zhenzhen/ros2/robodog-yunnan-elec/install/messages/include/messages/messages/action/execute_mission.h
[5.359s] -- Symlinking: /home/zhenzhen/ros2/robodog-yunnan-elec/install/messages/include/messages/messages/action/go_to_target.h
[5.382s] -- Symlinking: /home/zhenzhen/ros2/robodog-yunnan-elec/install/messages/include/messages/messages/action/land.h
[5.403s] -- Symlinking: /home/zhenzhen/ros2/robodog-yunnan-elec/install/messages/include/messages/messages/action/takeoff.h
[5.427s] -- Symlinking: /home/zhenzhen/ros2/robodog-yunnan-elec/install/messages/include/messages/messages/action/track_velocity.h
[5.450s] -- Symlinking: /home/zhenzhen/ros2/robodog-yunnan-elec/install/messages/include/messages/messages/msg/detail/platform_target__functions.h
[5.471s] -- Symlinking: /home/zhenzhen/ros2/robodog-yunnan-elec/install/messages/include/messages/messages/msg/detail/platform_target__struct.h
[5.493s] -- Symlinking: /home/zhenzhen/ros2/robodog-yunnan-elec/install/messages/include/messages/messages/msg/detail/platform_target__type_support.h
[5.515s] -- Symlinking: /home/zhenzhen/ros2/robodog-yunnan-elec/install/messages/include/messages/messages/msg/detail/smart_car_calib_status__functions.h
[5.536s] -- Symlinking: /home/zhenzhen/ros2/robodog-yunnan-elec/install/messages/include/messages/messages/msg/detail/smart_car_calib_status__struct.h
[5.558s] -- Symlinking: /home/zhenzhen/ros2/robodog-yunnan-elec/install/messages/include/messages/messages/msg/detail/smart_car_calib_status__type_support.h
[5.581s] -- Symlinking: /home/zhenzhen/ros2/robodog-yunnan-elec/install/messages/include/messages/messages/msg/detail/smart_car_control_setpoint__functions.h
[5.601s] -- Symlinking: /home/zhenzhen/ros2/robodog-yunnan-elec/install/messages/include/messages/messages/msg/detail/smart_car_control_setpoint__struct.h
[5.623s] -- Symlinking: /home/zhenzhen/ros2/robodog-yunnan-elec/install/messages/include/messages/messages/msg/detail/smart_car_control_setpoint__type_support.h
[5.644s] -- Symlinking: /home/zhenzhen/ros2/robodog-yunnan-elec/install/messages/include/messages/messages/msg/detail/smart_car_imu_status__functions.h
[5.666s] -- Symlinking: /home/zhenzhen/ros2/robodog-yunnan-elec/install/messages/include/messages/messages/msg/detail/smart_car_imu_status__struct.h
[5.689s] -- Symlinking: /home/zhenzhen/ros2/robodog-yunnan-elec/install/messages/include/messages/messages/msg/detail/smart_car_imu_status__type_support.h
[5.710s] -- Symlinking: /home/zhenzhen/ros2/robodog-yunnan-elec/install/messages/include/messages/messages/msg/detail/smart_car_motion_state__functions.h
[5.734s] -- Symlinking: /home/zhenzhen/ros2/robodog-yunnan-elec/install/messages/include/messages/messages/msg/detail/smart_car_motion_state__struct.h
[5.756s] -- Symlinking: /home/zhenzhen/ros2/robodog-yunnan-elec/install/messages/include/messages/messages/msg/detail/smart_car_motion_state__type_support.h
[5.780s] -- Symlinking: /home/zhenzhen/ros2/robodog-yunnan-elec/install/messages/include/messages/messages/msg/detail/smart_car_motor_status__functions.h
[5.801s] -- Symlinking: /home/zhenzhen/ros2/robodog-yunnan-elec/install/messages/include/messages/messages/msg/detail/smart_car_motor_status__struct.h
[5.823s] -- Symlinking: /home/zhenzhen/ros2/robodog-yunnan-elec/install/messages/include/messages/messages/msg/detail/smart_car_motor_status__type_support.h
[5.849s] -- Symlinking: /home/zhenzhen/ros2/robodog-yunnan-elec/install/messages/include/messages/messages/msg/detail/smart_car_status__functions.h
[5.873s] -- Symlinking: /home/zhenzhen/ros2/robodog-yunnan-elec/install/messages/include/messages/messages/msg/detail/smart_car_status__struct.h
[5.894s] -- Symlinking: /home/zhenzhen/ros2/robodog-yunnan-elec/install/messages/include/messages/messages/msg/detail/smart_car_status__type_support.h
[5.916s] -- Symlinking: /home/zhenzhen/ros2/robodog-yunnan-elec/install/messages/include/messages/messages/msg/detail/vision__functions.h
[5.937s] -- Symlinking: /home/zhenzhen/ros2/robodog-yunnan-elec/install/messages/include/messages/messages/msg/detail/vision__struct.h
[5.959s] -- Symlinking: /home/zhenzhen/ros2/robodog-yunnan-elec/install/messages/include/messages/messages/msg/detail/vision__type_support.h
[5.979s] -- Symlinking: /home/zhenzhen/ros2/robodog-yunnan-elec/install/messages/include/messages/messages/msg/detail/vision_msg__functions.h
[6.002s] -- Symlinking: /home/zhenzhen/ros2/robodog-yunnan-elec/install/messages/include/messages/messages/msg/detail/vision_msg__struct.h
[6.023s] -- Symlinking: /home/zhenzhen/ros2/robodog-yunnan-elec/install/messages/include/messages/messages/msg/detail/vision_msg__type_support.h
[6.047s] -- Symlinking: /home/zhenzhen/ros2/robodog-yunnan-elec/install/messages/include/messages/messages/msg/platform_target.h
[6.070s] -- Symlinking: /home/zhenzhen/ros2/robodog-yunnan-elec/install/messages/include/messages/messages/msg/rosidl_generator_c__visibility_control.h
[6.093s] -- Symlinking: /home/zhenzhen/ros2/robodog-yunnan-elec/install/messages/include/messages/messages/msg/smart_car_calib_status.h
[6.117s] -- Symlinking: /home/zhenzhen/ros2/robodog-yunnan-elec/install/messages/include/messages/messages/msg/smart_car_control_setpoint.h
[6.142s] -- Symlinking: /home/zhenzhen/ros2/robodog-yunnan-elec/install/messages/include/messages/messages/msg/smart_car_imu_status.h
[6.164s] -- Symlinking: /home/zhenzhen/ros2/robodog-yunnan-elec/install/messages/include/messages/messages/msg/smart_car_motion_state.h
[6.185s] -- Symlinking: /home/zhenzhen/ros2/robodog-yunnan-elec/install/messages/include/messages/messages/msg/smart_car_motor_status.h
[6.209s] -- Symlinking: /home/zhenzhen/ros2/robodog-yunnan-elec/install/messages/include/messages/messages/msg/smart_car_status.h
[6.231s] -- Symlinking: /home/zhenzhen/ros2/robodog-yunnan-elec/install/messages/include/messages/messages/msg/vision.h
[6.254s] -- Symlinking: /home/zhenzhen/ros2/robodog-yunnan-elec/install/messages/include/messages/messages/msg/vision_msg.h
[6.277s] -- Symlinking: /home/zhenzhen/ros2/robodog-yunnan-elec/install/messages/include/messages/messages/srv/detail/smart_car_actuator_test__functions.h
[6.299s] -- Symlinking: /home/zhenzhen/ros2/robodog-yunnan-elec/install/messages/include/messages/messages/srv/detail/smart_car_actuator_test__struct.h
[6.321s] -- Symlinking: /home/zhenzhen/ros2/robodog-yunnan-elec/install/messages/include/messages/messages/srv/detail/smart_car_actuator_test__type_support.h
[6.343s] -- Symlinking: /home/zhenzhen/ros2/robodog-yunnan-elec/install/messages/include/messages/messages/srv/detail/smart_car_command__functions.h
[6.364s] -- Symlinking: /home/zhenzhen/ros2/robodog-yunnan-elec/install/messages/include/messages/messages/srv/detail/smart_car_command__struct.h
[6.386s] -- Symlinking: /home/zhenzhen/ros2/robodog-yunnan-elec/install/messages/include/messages/messages/srv/detail/smart_car_command__type_support.h
[6.406s] -- Symlinking: /home/zhenzhen/ros2/robodog-yunnan-elec/install/messages/include/messages/messages/srv/smart_car_actuator_test.h
[6.426s] -- Symlinking: /home/zhenzhen/ros2/robodog-yunnan-elec/install/messages/include/messages/messages/srv/smart_car_command.h
[6.449s] -- Symlinking: /home/zhenzhen/ros2/robodog-yunnan-elec/install/messages/share/messages/environment/library_path.sh
[6.471s] -- Symlinking: /home/zhenzhen/ros2/robodog-yunnan-elec/install/messages/share/messages/environment/library_path.dsv
[6.494s] -- Symlinking: /home/zhenzhen/ros2/robodog-yunnan-elec/install/messages/include/messages/messages/action/detail/execute_mission__rosidl_typesupport_fastrtps_c.h
[6.517s] -- Symlinking: /home/zhenzhen/ros2/robodog-yunnan-elec/install/messages/include/messages/messages/action/detail/go_to_target__rosidl_typesupport_fastrtps_c.h
[6.541s] -- Symlinking: /home/zhenzhen/ros2/robodog-yunnan-elec/install/messages/include/messages/messages/action/detail/land__rosidl_typesupport_fastrtps_c.h
[6.562s] -- Symlinking: /home/zhenzhen/ros2/robodog-yunnan-elec/install/messages/include/messages/messages/action/detail/takeoff__rosidl_typesupport_fastrtps_c.h
[6.586s] -- Symlinking: /home/zhenzhen/ros2/robodog-yunnan-elec/install/messages/include/messages/messages/action/detail/track_velocity__rosidl_typesupport_fastrtps_c.h
[6.609s] -- Symlinking: /home/zhenzhen/ros2/robodog-yunnan-elec/install/messages/include/messages/messages/msg/detail/platform_target__rosidl_typesupport_fastrtps_c.h
[6.632s] -- Symlinking: /home/zhenzhen/ros2/robodog-yunnan-elec/install/messages/include/messages/messages/msg/detail/smart_car_calib_status__rosidl_typesupport_fastrtps_c.h
[6.655s] -- Symlinking: /home/zhenzhen/ros2/robodog-yunnan-elec/install/messages/include/messages/messages/msg/detail/smart_car_control_setpoint__rosidl_typesupport_fastrtps_c.h
[6.679s] -- Symlinking: /home/zhenzhen/ros2/robodog-yunnan-elec/install/messages/include/messages/messages/msg/detail/smart_car_imu_status__rosidl_typesupport_fastrtps_c.h
[6.702s] -- Symlinking: /home/zhenzhen/ros2/robodog-yunnan-elec/install/messages/include/messages/messages/msg/detail/smart_car_motion_state__rosidl_typesupport_fastrtps_c.h
[6.727s] -- Symlinking: /home/zhenzhen/ros2/robodog-yunnan-elec/install/messages/include/messages/messages/msg/detail/smart_car_motor_status__rosidl_typesupport_fastrtps_c.h
[6.748s] -- Symlinking: /home/zhenzhen/ros2/robodog-yunnan-elec/install/messages/include/messages/messages/msg/detail/smart_car_status__rosidl_typesupport_fastrtps_c.h
[6.770s] -- Symlinking: /home/zhenzhen/ros2/robodog-yunnan-elec/install/messages/include/messages/messages/msg/detail/vision__rosidl_typesupport_fastrtps_c.h
[6.793s] -- Symlinking: /home/zhenzhen/ros2/robodog-yunnan-elec/install/messages/include/messages/messages/msg/detail/vision_msg__rosidl_typesupport_fastrtps_c.h
[6.814s] -- Symlinking: /home/zhenzhen/ros2/robodog-yunnan-elec/install/messages/include/messages/messages/msg/rosidl_typesupport_fastrtps_c__visibility_control.h
[6.837s] -- Symlinking: /home/zhenzhen/ros2/robodog-yunnan-elec/install/messages/include/messages/messages/srv/detail/smart_car_actuator_test__rosidl_typesupport_fastrtps_c.h
[6.859s] -- Symlinking: /home/zhenzhen/ros2/robodog-yunnan-elec/install/messages/include/messages/messages/srv/detail/smart_car_command__rosidl_typesupport_fastrtps_c.h
[6.883s] -- Symlinking: /home/zhenzhen/ros2/robodog-yunnan-elec/install/messages/include/messages/messages/action/detail/execute_mission__builder.hpp
[6.905s] -- Symlinking: /home/zhenzhen/ros2/robodog-yunnan-elec/install/messages/include/messages/messages/action/detail/execute_mission__struct.hpp
[6.929s] -- Symlinking: /home/zhenzhen/ros2/robodog-yunnan-elec/install/messages/include/messages/messages/action/detail/execute_mission__traits.hpp
[6.950s] -- Symlinking: /home/zhenzhen/ros2/robodog-yunnan-elec/install/messages/include/messages/messages/action/detail/execute_mission__type_support.hpp
[6.971s] -- Symlinking: /home/zhenzhen/ros2/robodog-yunnan-elec/install/messages/include/messages/messages/action/detail/go_to_target__builder.hpp
[6.996s] -- Symlinking: /home/zhenzhen/ros2/robodog-yunnan-elec/install/messages/include/messages/messages/action/detail/go_to_target__struct.hpp
[7.018s] -- Symlinking: /home/zhenzhen/ros2/robodog-yunnan-elec/install/messages/include/messages/messages/action/detail/go_to_target__traits.hpp
[7.039s] -- Symlinking: /home/zhenzhen/ros2/robodog-yunnan-elec/install/messages/include/messages/messages/action/detail/go_to_target__type_support.hpp
[7.060s] -- Symlinking: /home/zhenzhen/ros2/robodog-yunnan-elec/install/messages/include/messages/messages/action/detail/land__builder.hpp
[7.082s] -- Symlinking: /home/zhenzhen/ros2/robodog-yunnan-elec/install/messages/include/messages/messages/action/detail/land__struct.hpp
[7.105s] -- Symlinking: /home/zhenzhen/ros2/robodog-yunnan-elec/install/messages/include/messages/messages/action/detail/land__traits.hpp
[7.129s] -- Symlinking: /home/zhenzhen/ros2/robodog-yunnan-elec/install/messages/include/messages/messages/action/detail/land__type_support.hpp
[7.152s] -- Symlinking: /home/zhenzhen/ros2/robodog-yunnan-elec/install/messages/include/messages/messages/action/detail/takeoff__builder.hpp
[7.172s] -- Symlinking: /home/zhenzhen/ros2/robodog-yunnan-elec/install/messages/include/messages/messages/action/detail/takeoff__struct.hpp
[7.192s] -- Symlinking: /home/zhenzhen/ros2/robodog-yunnan-elec/install/messages/include/messages/messages/action/detail/takeoff__traits.hpp
[7.216s] -- Symlinking: /home/zhenzhen/ros2/robodog-yunnan-elec/install/messages/include/messages/messages/action/detail/takeoff__type_support.hpp
[7.237s] -- Symlinking: /home/zhenzhen/ros2/robodog-yunnan-elec/install/messages/include/messages/messages/action/detail/track_velocity__builder.hpp
[7.261s] -- Symlinking: /home/zhenzhen/ros2/robodog-yunnan-elec/install/messages/include/messages/messages/action/detail/track_velocity__struct.hpp
[7.283s] -- Symlinking: /home/zhenzhen/ros2/robodog-yunnan-elec/install/messages/include/messages/messages/action/detail/track_velocity__traits.hpp
[7.304s] -- Symlinking: /home/zhenzhen/ros2/robodog-yunnan-elec/install/messages/include/messages/messages/action/detail/track_velocity__type_support.hpp
[7.327s] -- Symlinking: /home/zhenzhen/ros2/robodog-yunnan-elec/install/messages/include/messages/messages/action/execute_mission.hpp
[7.349s] -- Symlinking: /home/zhenzhen/ros2/robodog-yunnan-elec/install/messages/include/messages/messages/action/go_to_target.hpp
[7.373s] -- Symlinking: /home/zhenzhen/ros2/robodog-yunnan-elec/install/messages/include/messages/messages/action/land.hpp
[7.396s] -- Symlinking: /home/zhenzhen/ros2/robodog-yunnan-elec/install/messages/include/messages/messages/action/takeoff.hpp
[7.418s] -- Symlinking: /home/zhenzhen/ros2/robodog-yunnan-elec/install/messages/include/messages/messages/action/track_velocity.hpp
[7.441s] -- Symlinking: /home/zhenzhen/ros2/robodog-yunnan-elec/install/messages/include/messages/messages/msg/detail/platform_target__builder.hpp
[7.465s] -- Symlinking: /home/zhenzhen/ros2/robodog-yunnan-elec/install/messages/include/messages/messages/msg/detail/platform_target__struct.hpp
[7.486s] -- Symlinking: /home/zhenzhen/ros2/robodog-yunnan-elec/install/messages/include/messages/messages/msg/detail/platform_target__traits.hpp
[7.508s] -- Symlinking: /home/zhenzhen/ros2/robodog-yunnan-elec/install/messages/include/messages/messages/msg/detail/platform_target__type_support.hpp
[7.530s] -- Symlinking: /home/zhenzhen/ros2/robodog-yunnan-elec/install/messages/include/messages/messages/msg/detail/smart_car_calib_status__builder.hpp
[7.553s] -- Symlinking: /home/zhenzhen/ros2/robodog-yunnan-elec/install/messages/include/messages/messages/msg/detail/smart_car_calib_status__struct.hpp
[7.575s] -- Symlinking: /home/zhenzhen/ros2/robodog-yunnan-elec/install/messages/include/messages/messages/msg/detail/smart_car_calib_status__traits.hpp
[7.596s] -- Symlinking: /home/zhenzhen/ros2/robodog-yunnan-elec/install/messages/include/messages/messages/msg/detail/smart_car_calib_status__type_support.hpp
[7.617s] -- Symlinking: /home/zhenzhen/ros2/robodog-yunnan-elec/install/messages/include/messages/messages/msg/detail/smart_car_control_setpoint__builder.hpp
[7.639s] -- Symlinking: /home/zhenzhen/ros2/robodog-yunnan-elec/install/messages/include/messages/messages/msg/detail/smart_car_control_setpoint__struct.hpp
[7.661s] -- Symlinking: /home/zhenzhen/ros2/robodog-yunnan-elec/install/messages/include/messages/messages/msg/detail/smart_car_control_setpoint__traits.hpp
[7.684s] -- Symlinking: /home/zhenzhen/ros2/robodog-yunnan-elec/install/messages/include/messages/messages/msg/detail/smart_car_control_setpoint__type_support.hpp
[7.705s] -- Symlinking: /home/zhenzhen/ros2/robodog-yunnan-elec/install/messages/include/messages/messages/msg/detail/smart_car_imu_status__builder.hpp
[7.731s] -- Symlinking: /home/zhenzhen/ros2/robodog-yunnan-elec/install/messages/include/messages/messages/msg/detail/smart_car_imu_status__struct.hpp
[7.753s] -- Symlinking: /home/zhenzhen/ros2/robodog-yunnan-elec/install/messages/include/messages/messages/msg/detail/smart_car_imu_status__traits.hpp
[7.776s] -- Symlinking: /home/zhenzhen/ros2/robodog-yunnan-elec/install/messages/include/messages/messages/msg/detail/smart_car_imu_status__type_support.hpp
[7.798s] -- Symlinking: /home/zhenzhen/ros2/robodog-yunnan-elec/install/messages/include/messages/messages/msg/detail/smart_car_motion_state__builder.hpp
[7.822s] -- Symlinking: /home/zhenzhen/ros2/robodog-yunnan-elec/install/messages/include/messages/messages/msg/detail/smart_car_motion_state__struct.hpp
[7.846s] -- Symlinking: /home/zhenzhen/ros2/robodog-yunnan-elec/install/messages/include/messages/messages/msg/detail/smart_car_motion_state__traits.hpp
[7.867s] -- Symlinking: /home/zhenzhen/ros2/robodog-yunnan-elec/install/messages/include/messages/messages/msg/detail/smart_car_motion_state__type_support.hpp
[7.888s] -- Symlinking: /home/zhenzhen/ros2/robodog-yunnan-elec/install/messages/include/messages/messages/msg/detail/smart_car_motor_status__builder.hpp
[7.909s] -- Symlinking: /home/zhenzhen/ros2/robodog-yunnan-elec/install/messages/include/messages/messages/msg/detail/smart_car_motor_status__struct.hpp
[7.932s] -- Symlinking: /home/zhenzhen/ros2/robodog-yunnan-elec/install/messages/include/messages/messages/msg/detail/smart_car_motor_status__traits.hpp
[7.954s] -- Symlinking: /home/zhenzhen/ros2/robodog-yunnan-elec/install/messages/include/messages/messages/msg/detail/smart_car_motor_status__type_support.hpp
[7.977s] -- Symlinking: /home/zhenzhen/ros2/robodog-yunnan-elec/install/messages/include/messages/messages/msg/detail/smart_car_status__builder.hpp
[7.998s] -- Symlinking: /home/zhenzhen/ros2/robodog-yunnan-elec/install/messages/include/messages/messages/msg/detail/smart_car_status__struct.hpp
[8.020s] -- Symlinking: /home/zhenzhen/ros2/robodog-yunnan-elec/install/messages/include/messages/messages/msg/detail/smart_car_status__traits.hpp
[8.042s] -- Symlinking: /home/zhenzhen/ros2/robodog-yunnan-elec/install/messages/include/messages/messages/msg/detail/smart_car_status__type_support.hpp
[8.065s] -- Symlinking: /home/zhenzhen/ros2/robodog-yunnan-elec/install/messages/include/messages/messages/msg/detail/vision__builder.hpp
[8.090s] -- Symlinking: /home/zhenzhen/ros2/robodog-yunnan-elec/install/messages/include/messages/messages/msg/detail/vision__struct.hpp
[8.113s] -- Symlinking: /home/zhenzhen/ros2/robodog-yunnan-elec/install/messages/include/messages/messages/msg/detail/vision__traits.hpp
[8.137s] -- Symlinking: /home/zhenzhen/ros2/robodog-yunnan-elec/install/messages/include/messages/messages/msg/detail/vision__type_support.hpp
[8.161s] -- Symlinking: /home/zhenzhen/ros2/robodog-yunnan-elec/install/messages/include/messages/messages/msg/detail/vision_msg__builder.hpp
[8.183s] -- Symlinking: /home/zhenzhen/ros2/robodog-yunnan-elec/install/messages/include/messages/messages/msg/detail/vision_msg__struct.hpp
[8.204s] -- Symlinking: /home/zhenzhen/ros2/robodog-yunnan-elec/install/messages/include/messages/messages/msg/detail/vision_msg__traits.hpp
[8.226s] -- Symlinking: /home/zhenzhen/ros2/robodog-yunnan-elec/install/messages/include/messages/messages/msg/detail/vision_msg__type_support.hpp
[8.249s] -- Symlinking: /home/zhenzhen/ros2/robodog-yunnan-elec/install/messages/include/messages/messages/msg/platform_target.hpp
[8.271s] -- Symlinking: /home/zhenzhen/ros2/robodog-yunnan-elec/install/messages/include/messages/messages/msg/rosidl_generator_cpp__visibility_control.hpp
[8.292s] -- Symlinking: /home/zhenzhen/ros2/robodog-yunnan-elec/install/messages/include/messages/messages/msg/smart_car_calib_status.hpp
[8.313s] -- Symlinking: /home/zhenzhen/ros2/robodog-yunnan-elec/install/messages/include/messages/messages/msg/smart_car_control_setpoint.hpp
[8.335s] -- Symlinking: /home/zhenzhen/ros2/robodog-yunnan-elec/install/messages/include/messages/messages/msg/smart_car_imu_status.hpp
[8.358s] -- Symlinking: /home/zhenzhen/ros2/robodog-yunnan-elec/install/messages/include/messages/messages/msg/smart_car_motion_state.hpp
[8.383s] -- Symlinking: /home/zhenzhen/ros2/robodog-yunnan-elec/install/messages/include/messages/messages/msg/smart_car_motor_status.hpp
[8.406s] -- Symlinking: /home/zhenzhen/ros2/robodog-yunnan-elec/install/messages/include/messages/messages/msg/smart_car_status.hpp
[8.429s] -- Symlinking: /home/zhenzhen/ros2/robodog-yunnan-elec/install/messages/include/messages/messages/msg/vision.hpp
[8.450s] -- Symlinking: /home/zhenzhen/ros2/robodog-yunnan-elec/install/messages/include/messages/messages/msg/vision_msg.hpp
[8.472s] -- Symlinking: /home/zhenzhen/ros2/robodog-yunnan-elec/install/messages/include/messages/messages/srv/detail/smart_car_actuator_test__builder.hpp
[8.494s] -- Symlinking: /home/zhenzhen/ros2/robodog-yunnan-elec/install/messages/include/messages/messages/srv/detail/smart_car_actuator_test__struct.hpp
[8.515s] -- Symlinking: /home/zhenzhen/ros2/robodog-yunnan-elec/install/messages/include/messages/messages/srv/detail/smart_car_actuator_test__traits.hpp
[8.536s] -- Symlinking: /home/zhenzhen/ros2/robodog-yunnan-elec/install/messages/include/messages/messages/srv/detail/smart_car_actuator_test__type_support.hpp
[8.556s] -- Symlinking: /home/zhenzhen/ros2/robodog-yunnan-elec/install/messages/include/messages/messages/srv/detail/smart_car_command__builder.hpp
[8.578s] -- Symlinking: /home/zhenzhen/ros2/robodog-yunnan-elec/install/messages/include/messages/messages/srv/detail/smart_car_command__struct.hpp
[8.598s] -- Symlinking: /home/zhenzhen/ros2/robodog-yunnan-elec/install/messages/include/messages/messages/srv/detail/smart_car_command__traits.hpp
[8.619s] -- Symlinking: /home/zhenzhen/ros2/robodog-yunnan-elec/install/messages/include/messages/messages/srv/detail/smart_car_command__type_support.hpp
[8.641s] -- Symlinking: /home/zhenzhen/ros2/robodog-yunnan-elec/install/messages/include/messages/messages/srv/smart_car_actuator_test.hpp
[8.663s] -- Symlinking: /home/zhenzhen/ros2/robodog-yunnan-elec/install/messages/include/messages/messages/srv/smart_car_command.hpp
[8.687s] -- Symlinking: /home/zhenzhen/ros2/robodog-yunnan-elec/install/messages/include/messages/messages/action/detail/execute_mission__rosidl_typesupport_fastrtps_cpp.hpp
[8.708s] -- Symlinking: /home/zhenzhen/ros2/robodog-yunnan-elec/install/messages/include/messages/messages/action/detail/go_to_target__rosidl_typesupport_fastrtps_cpp.hpp
[8.729s] -- Symlinking: /home/zhenzhen/ros2/robodog-yunnan-elec/install/messages/include/messages/messages/action/detail/land__rosidl_typesupport_fastrtps_cpp.hpp
[8.751s] -- Symlinking: /home/zhenzhen/ros2/robodog-yunnan-elec/install/messages/include/messages/messages/action/detail/takeoff__rosidl_typesupport_fastrtps_cpp.hpp
[8.772s] -- Symlinking: /home/zhenzhen/ros2/robodog-yunnan-elec/install/messages/include/messages/messages/action/detail/track_velocity__rosidl_typesupport_fastrtps_cpp.hpp
[8.796s] -- Symlinking: /home/zhenzhen/ros2/robodog-yunnan-elec/install/messages/include/messages/messages/msg/detail/platform_target__rosidl_typesupport_fastrtps_cpp.hpp
[8.817s] -- Symlinking: /home/zhenzhen/ros2/robodog-yunnan-elec/install/messages/include/messages/messages/msg/detail/smart_car_calib_status__rosidl_typesupport_fastrtps_cpp.hpp
[8.838s] -- Symlinking: /home/zhenzhen/ros2/robodog-yunnan-elec/install/messages/include/messages/messages/msg/detail/smart_car_control_setpoint__rosidl_typesupport_fastrtps_cpp.hpp
[8.860s] -- Symlinking: /home/zhenzhen/ros2/robodog-yunnan-elec/install/messages/include/messages/messages/msg/detail/smart_car_imu_status__rosidl_typesupport_fastrtps_cpp.hpp
[8.882s] -- Symlinking: /home/zhenzhen/ros2/robodog-yunnan-elec/install/messages/include/messages/messages/msg/detail/smart_car_motion_state__rosidl_typesupport_fastrtps_cpp.hpp
[8.905s] -- Symlinking: /home/zhenzhen/ros2/robodog-yunnan-elec/install/messages/include/messages/messages/msg/detail/smart_car_motor_status__rosidl_typesupport_fastrtps_cpp.hpp
[8.926s] -- Symlinking: /home/zhenzhen/ros2/robodog-yunnan-elec/install/messages/include/messages/messages/msg/detail/smart_car_status__rosidl_typesupport_fastrtps_cpp.hpp
[8.950s] -- Symlinking: /home/zhenzhen/ros2/robodog-yunnan-elec/install/messages/include/messages/messages/msg/detail/vision__rosidl_typesupport_fastrtps_cpp.hpp
[8.973s] -- Symlinking: /home/zhenzhen/ros2/robodog-yunnan-elec/install/messages/include/messages/messages/msg/detail/vision_msg__rosidl_typesupport_fastrtps_cpp.hpp
[8.998s] -- Symlinking: /home/zhenzhen/ros2/robodog-yunnan-elec/install/messages/include/messages/messages/msg/rosidl_typesupport_fastrtps_cpp__visibility_control.h
[9.021s] -- Symlinking: /home/zhenzhen/ros2/robodog-yunnan-elec/install/messages/include/messages/messages/srv/detail/smart_car_actuator_test__rosidl_typesupport_fastrtps_cpp.hpp
[9.045s] -- Symlinking: /home/zhenzhen/ros2/robodog-yunnan-elec/install/messages/include/messages/messages/srv/detail/smart_car_command__rosidl_typesupport_fastrtps_cpp.hpp
[9.066s] -- Symlinking: /home/zhenzhen/ros2/robodog-yunnan-elec/install/messages/include/messages/messages/action/detail/execute_mission__rosidl_typesupport_introspection_c.h
[9.088s] -- Symlinking: /home/zhenzhen/ros2/robodog-yunnan-elec/install/messages/include/messages/messages/action/detail/go_to_target__rosidl_typesupport_introspection_c.h
[9.109s] -- Symlinking: /home/zhenzhen/ros2/robodog-yunnan-elec/install/messages/include/messages/messages/action/detail/land__rosidl_typesupport_introspection_c.h
[9.131s] -- Symlinking: /home/zhenzhen/ros2/robodog-yunnan-elec/install/messages/include/messages/messages/action/detail/takeoff__rosidl_typesupport_introspection_c.h
[9.153s] -- Symlinking: /home/zhenzhen/ros2/robodog-yunnan-elec/install/messages/include/messages/messages/action/detail/track_velocity__rosidl_typesupport_introspection_c.h
[9.175s] -- Symlinking: /home/zhenzhen/ros2/robodog-yunnan-elec/install/messages/include/messages/messages/msg/detail/platform_target__rosidl_typesupport_introspection_c.h
[9.197s] -- Symlinking: /home/zhenzhen/ros2/robodog-yunnan-elec/install/messages/include/messages/messages/msg/detail/smart_car_calib_status__rosidl_typesupport_introspection_c.h
[9.219s] -- Symlinking: /home/zhenzhen/ros2/robodog-yunnan-elec/install/messages/include/messages/messages/msg/detail/smart_car_control_setpoint__rosidl_typesupport_introspection_c.h
[9.240s] -- Symlinking: /home/zhenzhen/ros2/robodog-yunnan-elec/install/messages/include/messages/messages/msg/detail/smart_car_imu_status__rosidl_typesupport_introspection_c.h
[9.260s] -- Symlinking: /home/zhenzhen/ros2/robodog-yunnan-elec/install/messages/include/messages/messages/msg/detail/smart_car_motion_state__rosidl_typesupport_introspection_c.h
[9.281s] -- Symlinking: /home/zhenzhen/ros2/robodog-yunnan-elec/install/messages/include/messages/messages/msg/detail/smart_car_motor_status__rosidl_typesupport_introspection_c.h
[9.301s] -- Symlinking: /home/zhenzhen/ros2/robodog-yunnan-elec/install/messages/include/messages/messages/msg/detail/smart_car_status__rosidl_typesupport_introspection_c.h
[9.323s] -- Symlinking: /home/zhenzhen/ros2/robodog-yunnan-elec/install/messages/include/messages/messages/msg/detail/vision__rosidl_typesupport_introspection_c.h
[9.346s] -- Symlinking: /home/zhenzhen/ros2/robodog-yunnan-elec/install/messages/include/messages/messages/msg/detail/vision_msg__rosidl_typesupport_introspection_c.h
[9.371s] -- Symlinking: /home/zhenzhen/ros2/robodog-yunnan-elec/install/messages/include/messages/messages/msg/rosidl_typesupport_introspection_c__visibility_control.h
[9.393s] -- Symlinking: /home/zhenzhen/ros2/robodog-yunnan-elec/install/messages/include/messages/messages/srv/detail/smart_car_actuator_test__rosidl_typesupport_introspection_c.h
[9.415s] -- Symlinking: /home/zhenzhen/ros2/robodog-yunnan-elec/install/messages/include/messages/messages/srv/detail/smart_car_command__rosidl_typesupport_introspection_c.h
[9.439s] -- Symlinking: /home/zhenzhen/ros2/robodog-yunnan-elec/install/messages/include/messages/messages/action/detail/execute_mission__rosidl_typesupport_introspection_cpp.hpp
[9.462s] -- Symlinking: /home/zhenzhen/ros2/robodog-yunnan-elec/install/messages/include/messages/messages/action/detail/go_to_target__rosidl_typesupport_introspection_cpp.hpp
[9.484s] -- Symlinking: /home/zhenzhen/ros2/robodog-yunnan-elec/install/messages/include/messages/messages/action/detail/land__rosidl_typesupport_introspection_cpp.hpp
[9.508s] -- Symlinking: /home/zhenzhen/ros2/robodog-yunnan-elec/install/messages/include/messages/messages/action/detail/takeoff__rosidl_typesupport_introspection_cpp.hpp
[9.531s] -- Symlinking: /home/zhenzhen/ros2/robodog-yunnan-elec/install/messages/include/messages/messages/action/detail/track_velocity__rosidl_typesupport_introspection_cpp.hpp
[9.553s] -- Symlinking: /home/zhenzhen/ros2/robodog-yunnan-elec/install/messages/include/messages/messages/msg/detail/platform_target__rosidl_typesupport_introspection_cpp.hpp
[9.575s] -- Symlinking: /home/zhenzhen/ros2/robodog-yunnan-elec/install/messages/include/messages/messages/msg/detail/smart_car_calib_status__rosidl_typesupport_introspection_cpp.hpp
[9.596s] -- Symlinking: /home/zhenzhen/ros2/robodog-yunnan-elec/install/messages/include/messages/messages/msg/detail/smart_car_control_setpoint__rosidl_typesupport_introspection_cpp.hpp
[9.618s] -- Symlinking: /home/zhenzhen/ros2/robodog-yunnan-elec/install/messages/include/messages/messages/msg/detail/smart_car_imu_status__rosidl_typesupport_introspection_cpp.hpp
[9.639s] -- Symlinking: /home/zhenzhen/ros2/robodog-yunnan-elec/install/messages/include/messages/messages/msg/detail/smart_car_motion_state__rosidl_typesupport_introspection_cpp.hpp
[9.663s] -- Symlinking: /home/zhenzhen/ros2/robodog-yunnan-elec/install/messages/include/messages/messages/msg/detail/smart_car_motor_status__rosidl_typesupport_introspection_cpp.hpp
[9.685s] -- Symlinking: /home/zhenzhen/ros2/robodog-yunnan-elec/install/messages/include/messages/messages/msg/detail/smart_car_status__rosidl_typesupport_introspection_cpp.hpp
[9.706s] -- Symlinking: /home/zhenzhen/ros2/robodog-yunnan-elec/install/messages/include/messages/messages/msg/detail/vision__rosidl_typesupport_introspection_cpp.hpp
[9.731s] -- Symlinking: /home/zhenzhen/ros2/robodog-yunnan-elec/install/messages/include/messages/messages/msg/detail/vision_msg__rosidl_typesupport_introspection_cpp.hpp
[9.753s] -- Symlinking: /home/zhenzhen/ros2/robodog-yunnan-elec/install/messages/include/messages/messages/srv/detail/smart_car_actuator_test__rosidl_typesupport_introspection_cpp.hpp
[9.776s] -- Symlinking: /home/zhenzhen/ros2/robodog-yunnan-elec/install/messages/include/messages/messages/srv/detail/smart_car_command__rosidl_typesupport_introspection_cpp.hpp
[9.799s] -- Symlinking: /home/zhenzhen/ros2/robodog-yunnan-elec/install/messages/share/ament_index/resource_index/rust_packages/messages
[9.824s] -- Symlinking: /home/zhenzhen/ros2/robodog-yunnan-elec/install/messages/share/messages/rust/Cargo.toml
[9.846s] -- Symlinking: /home/zhenzhen/ros2/robodog-yunnan-elec/install/messages/share/messages/rust/build.rs
[9.869s] -- Symlinking: /home/zhenzhen/ros2/robodog-yunnan-elec/install/messages/share/messages/rust/src/action.rs
[9.891s] -- Symlinking: /home/zhenzhen/ros2/robodog-yunnan-elec/install/messages/share/messages/rust/src/lib.rs
[9.913s] -- Symlinking: /home/zhenzhen/ros2/robodog-yunnan-elec/install/messages/share/messages/rust/src/msg.rs
[9.936s] -- Symlinking: /home/zhenzhen/ros2/robodog-yunnan-elec/install/messages/share/messages/rust/src/srv.rs
[9.960s] -- Symlinking: /home/zhenzhen/ros2/robodog-yunnan-elec/install/messages/share/messages/environment/pythonpath.sh
[9.982s] -- Symlinking: /home/zhenzhen/ros2/robodog-yunnan-elec/install/messages/share/messages/environment/pythonpath.dsv
[10.007s] -- Symlinking: /home/zhenzhen/ros2/robodog-yunnan-elec/install/messages/local/lib/python3.10/dist-packages/messages-0.0.0-py3.10.egg-info/PKG-INFO
[10.030s] -- Symlinking: /home/zhenzhen/ros2/robodog-yunnan-elec/install/messages/local/lib/python3.10/dist-packages/messages-0.0.0-py3.10.egg-info/SOURCES.txt
[10.052s] -- Symlinking: /home/zhenzhen/ros2/robodog-yunnan-elec/install/messages/local/lib/python3.10/dist-packages/messages-0.0.0-py3.10.egg-info/dependency_links.txt
[10.072s] -- Symlinking: /home/zhenzhen/ros2/robodog-yunnan-elec/install/messages/local/lib/python3.10/dist-packages/messages-0.0.0-py3.10.egg-info/top_level.txt
[10.099s] -- Symlinking: /home/zhenzhen/ros2/robodog-yunnan-elec/install/messages/local/lib/python3.10/dist-packages/messages/__init__.py
[10.123s] -- Symlinking: /home/zhenzhen/ros2/robodog-yunnan-elec/install/messages/local/lib/python3.10/dist-packages/messages/_messages_s.ep.rosidl_typesupport_c.c
[10.146s] -- Symlinking: /home/zhenzhen/ros2/robodog-yunnan-elec/install/messages/local/lib/python3.10/dist-packages/messages/_messages_s.ep.rosidl_typesupport_fastrtps_c.c
[10.167s] -- Symlinking: /home/zhenzhen/ros2/robodog-yunnan-elec/install/messages/local/lib/python3.10/dist-packages/messages/_messages_s.ep.rosidl_typesupport_introspection_c.c
[10.189s] -- Symlinking: /home/zhenzhen/ros2/robodog-yunnan-elec/install/messages/local/lib/python3.10/dist-packages/messages/action/__init__.py
[10.210s] -- Symlinking: /home/zhenzhen/ros2/robodog-yunnan-elec/install/messages/local/lib/python3.10/dist-packages/messages/action/_execute_mission.py
[10.233s] -- Symlinking: /home/zhenzhen/ros2/robodog-yunnan-elec/install/messages/local/lib/python3.10/dist-packages/messages/action/_execute_mission_s.c
[10.259s] -- Symlinking: /home/zhenzhen/ros2/robodog-yunnan-elec/install/messages/local/lib/python3.10/dist-packages/messages/action/_go_to_target.py
[10.282s] -- Symlinking: /home/zhenzhen/ros2/robodog-yunnan-elec/install/messages/local/lib/python3.10/dist-packages/messages/action/_go_to_target_s.c
[10.306s] -- Symlinking: /home/zhenzhen/ros2/robodog-yunnan-elec/install/messages/local/lib/python3.10/dist-packages/messages/action/_land.py
[10.327s] -- Symlinking: /home/zhenzhen/ros2/robodog-yunnan-elec/install/messages/local/lib/python3.10/dist-packages/messages/action/_land_s.c
[10.349s] -- Symlinking: /home/zhenzhen/ros2/robodog-yunnan-elec/install/messages/local/lib/python3.10/dist-packages/messages/action/_takeoff.py
[10.371s] -- Symlinking: /home/zhenzhen/ros2/robodog-yunnan-elec/install/messages/local/lib/python3.10/dist-packages/messages/action/_takeoff_s.c
[10.395s] -- Symlinking: /home/zhenzhen/ros2/robodog-yunnan-elec/install/messages/local/lib/python3.10/dist-packages/messages/action/_track_velocity.py
[10.417s] -- Symlinking: /home/zhenzhen/ros2/robodog-yunnan-elec/install/messages/local/lib/python3.10/dist-packages/messages/action/_track_velocity_s.c
[10.440s] -- Symlinking: /home/zhenzhen/ros2/robodog-yunnan-elec/install/messages/local/lib/python3.10/dist-packages/messages/libmessages__rosidl_generator_py.so
[10.462s] -- Symlinking: /home/zhenzhen/ros2/robodog-yunnan-elec/install/messages/local/lib/python3.10/dist-packages/messages/messages_s__rosidl_typesupport_c.cpython-310-aarch64-linux-gnu.so
[10.485s] -- Symlinking: /home/zhenzhen/ros2/robodog-yunnan-elec/install/messages/local/lib/python3.10/dist-packages/messages/messages_s__rosidl_typesupport_fastrtps_c.cpython-310-aarch64-linux-gnu.so
[10.505s] -- Symlinking: /home/zhenzhen/ros2/robodog-yunnan-elec/install/messages/local/lib/python3.10/dist-packages/messages/messages_s__rosidl_typesupport_introspection_c.cpython-310-aarch64-linux-gnu.so
[10.529s] -- Symlinking: /home/zhenzhen/ros2/robodog-yunnan-elec/install/messages/local/lib/python3.10/dist-packages/messages/msg/__init__.py
[10.552s] -- Symlinking: /home/zhenzhen/ros2/robodog-yunnan-elec/install/messages/local/lib/python3.10/dist-packages/messages/msg/_platform_target.py
[10.573s] -- Symlinking: /home/zhenzhen/ros2/robodog-yunnan-elec/install/messages/local/lib/python3.10/dist-packages/messages/msg/_platform_target_s.c
[10.596s] -- Symlinking: /home/zhenzhen/ros2/robodog-yunnan-elec/install/messages/local/lib/python3.10/dist-packages/messages/msg/_smart_car_calib_status.py
[10.618s] -- Symlinking: /home/zhenzhen/ros2/robodog-yunnan-elec/install/messages/local/lib/python3.10/dist-packages/messages/msg/_smart_car_calib_status_s.c
[10.640s] -- Symlinking: /home/zhenzhen/ros2/robodog-yunnan-elec/install/messages/local/lib/python3.10/dist-packages/messages/msg/_smart_car_control_setpoint.py
[10.662s] -- Symlinking: /home/zhenzhen/ros2/robodog-yunnan-elec/install/messages/local/lib/python3.10/dist-packages/messages/msg/_smart_car_control_setpoint_s.c
[10.685s] -- Symlinking: /home/zhenzhen/ros2/robodog-yunnan-elec/install/messages/local/lib/python3.10/dist-packages/messages/msg/_smart_car_imu_status.py
[10.710s] -- Symlinking: /home/zhenzhen/ros2/robodog-yunnan-elec/install/messages/local/lib/python3.10/dist-packages/messages/msg/_smart_car_imu_status_s.c
[10.733s] -- Symlinking: /home/zhenzhen/ros2/robodog-yunnan-elec/install/messages/local/lib/python3.10/dist-packages/messages/msg/_smart_car_motion_state.py
[10.756s] -- Symlinking: /home/zhenzhen/ros2/robodog-yunnan-elec/install/messages/local/lib/python3.10/dist-packages/messages/msg/_smart_car_motion_state_s.c
[10.777s] -- Symlinking: /home/zhenzhen/ros2/robodog-yunnan-elec/install/messages/local/lib/python3.10/dist-packages/messages/msg/_smart_car_motor_status.py
[10.800s] -- Symlinking: /home/zhenzhen/ros2/robodog-yunnan-elec/install/messages/local/lib/python3.10/dist-packages/messages/msg/_smart_car_motor_status_s.c
[10.823s] -- Symlinking: /home/zhenzhen/ros2/robodog-yunnan-elec/install/messages/local/lib/python3.10/dist-packages/messages/msg/_smart_car_status.py
[10.845s] -- Symlinking: /home/zhenzhen/ros2/robodog-yunnan-elec/install/messages/local/lib/python3.10/dist-packages/messages/msg/_smart_car_status_s.c
[10.868s] -- Symlinking: /home/zhenzhen/ros2/robodog-yunnan-elec/install/messages/local/lib/python3.10/dist-packages/messages/msg/_vision.py
[10.889s] -- Symlinking: /home/zhenzhen/ros2/robodog-yunnan-elec/install/messages/local/lib/python3.10/dist-packages/messages/msg/_vision_msg.py
[10.913s] -- Symlinking: /home/zhenzhen/ros2/robodog-yunnan-elec/install/messages/local/lib/python3.10/dist-packages/messages/msg/_vision_msg_s.c
[10.935s] -- Symlinking: /home/zhenzhen/ros2/robodog-yunnan-elec/install/messages/local/lib/python3.10/dist-packages/messages/msg/_vision_s.c
[10.956s] -- Symlinking: /home/zhenzhen/ros2/robodog-yunnan-elec/install/messages/local/lib/python3.10/dist-packages/messages/srv/__init__.py
[10.980s] -- Symlinking: /home/zhenzhen/ros2/robodog-yunnan-elec/install/messages/local/lib/python3.10/dist-packages/messages/srv/_smart_car_actuator_test.py
[11.003s] -- Symlinking: /home/zhenzhen/ros2/robodog-yunnan-elec/install/messages/local/lib/python3.10/dist-packages/messages/srv/_smart_car_actuator_test_s.c
[11.022s] -- Symlinking: /home/zhenzhen/ros2/robodog-yunnan-elec/install/messages/local/lib/python3.10/dist-packages/messages/srv/_smart_car_command.py
[11.045s] -- Symlinking: /home/zhenzhen/ros2/robodog-yunnan-elec/install/messages/local/lib/python3.10/dist-packages/messages/srv/_smart_car_command_s.c
[11.064s] -- Up-to-date symlink: /home/zhenzhen/ros2/robodog-yunnan-elec/install/messages/local/lib/python3.10/dist-packages/messages/messages_s__rosidl_typesupport_fastrtps_c.cpython-310-aarch64-linux-gnu.so
[11.065s] -- Up-to-date symlink: /home/zhenzhen/ros2/robodog-yunnan-elec/install/messages/local/lib/python3.10/dist-packages/messages/messages_s__rosidl_typesupport_introspection_c.cpython-310-aarch64-linux-gnu.so
[11.065s] -- Up-to-date symlink: /home/zhenzhen/ros2/robodog-yunnan-elec/install/messages/local/lib/python3.10/dist-packages/messages/messages_s__rosidl_typesupport_c.cpython-310-aarch64-linux-gnu.so
[11.065s] -- Symlinking: /home/zhenzhen/ros2/robodog-yunnan-elec/install/messages/share/messages/msg/VisionMsg.idl
[11.087s] -- Symlinking: /home/zhenzhen/ros2/robodog-yunnan-elec/install/messages/share/messages/msg/Vision.idl
[11.110s] -- Symlinking: /home/zhenzhen/ros2/robodog-yunnan-elec/install/messages/share/messages/msg/SmartCarControlSetpoint.idl
[11.132s] -- Symlinking: /home/zhenzhen/ros2/robodog-yunnan-elec/install/messages/share/messages/msg/SmartCarStatus.idl
[11.154s] -- Symlinking: /home/zhenzhen/ros2/robodog-yunnan-elec/install/messages/share/messages/msg/SmartCarMotionState.idl
[11.178s] -- Symlinking: /home/zhenzhen/ros2/robodog-yunnan-elec/install/messages/share/messages/msg/SmartCarMotorStatus.idl
[11.202s] -- Symlinking: /home/zhenzhen/ros2/robodog-yunnan-elec/install/messages/share/messages/msg/SmartCarImuStatus.idl
[11.226s] -- Symlinking: /home/zhenzhen/ros2/robodog-yunnan-elec/install/messages/share/messages/msg/SmartCarCalibStatus.idl
[11.247s] -- Symlinking: /home/zhenzhen/ros2/robodog-yunnan-elec/install/messages/share/messages/msg/PlatformTarget.idl
[11.268s] -- Symlinking: /home/zhenzhen/ros2/robodog-yunnan-elec/install/messages/share/messages/srv/SmartCarCommand.idl
[11.290s] -- Symlinking: /home/zhenzhen/ros2/robodog-yunnan-elec/install/messages/share/messages/srv/SmartCarActuatorTest.idl
[11.313s] -- Symlinking: /home/zhenzhen/ros2/robodog-yunnan-elec/install/messages/share/messages/action/Takeoff.idl
[11.335s] -- Symlinking: /home/zhenzhen/ros2/robodog-yunnan-elec/install/messages/share/messages/action/GoToTarget.idl
[11.357s] -- Symlinking: /home/zhenzhen/ros2/robodog-yunnan-elec/install/messages/share/messages/action/TrackVelocity.idl
[11.379s] -- Symlinking: /home/zhenzhen/ros2/robodog-yunnan-elec/install/messages/share/messages/action/Land.idl
[11.401s] -- Symlinking: /home/zhenzhen/ros2/robodog-yunnan-elec/install/messages/share/messages/action/ExecuteMission.idl
[11.424s] -- Symlinking: /home/zhenzhen/ros2/robodog-yunnan-elec/install/messages/share/messages/msg/VisionMsg.msg
[11.449s] -- Symlinking: /home/zhenzhen/ros2/robodog-yunnan-elec/install/messages/share/messages/msg/Vision.msg
[11.470s] -- Symlinking: /home/zhenzhen/ros2/robodog-yunnan-elec/install/messages/share/messages/msg/SmartCarControlSetpoint.msg
[11.491s] -- Symlinking: /home/zhenzhen/ros2/robodog-yunnan-elec/install/messages/share/messages/msg/SmartCarStatus.msg
[11.513s] -- Symlinking: /home/zhenzhen/ros2/robodog-yunnan-elec/install/messages/share/messages/msg/SmartCarMotionState.msg
[11.535s] -- Symlinking: /home/zhenzhen/ros2/robodog-yunnan-elec/install/messages/share/messages/msg/SmartCarMotorStatus.msg
[11.558s] -- Symlinking: /home/zhenzhen/ros2/robodog-yunnan-elec/install/messages/share/messages/msg/SmartCarImuStatus.msg
[11.582s] -- Symlinking: /home/zhenzhen/ros2/robodog-yunnan-elec/install/messages/share/messages/msg/SmartCarCalibStatus.msg
[11.606s] -- Symlinking: /home/zhenzhen/ros2/robodog-yunnan-elec/install/messages/share/messages/msg/PlatformTarget.msg
[11.629s] -- Symlinking: /home/zhenzhen/ros2/robodog-yunnan-elec/install/messages/share/messages/srv/SmartCarCommand.srv
[11.651s] -- Symlinking: /home/zhenzhen/ros2/robodog-yunnan-elec/install/messages/share/messages/srv/SmartCarCommand_Request.msg
[11.673s] -- Symlinking: /home/zhenzhen/ros2/robodog-yunnan-elec/install/messages/share/messages/srv/SmartCarCommand_Response.msg
[11.696s] -- Symlinking: /home/zhenzhen/ros2/robodog-yunnan-elec/install/messages/share/messages/srv/SmartCarActuatorTest.srv
[11.718s] -- Symlinking: /home/zhenzhen/ros2/robodog-yunnan-elec/install/messages/share/messages/srv/SmartCarActuatorTest_Request.msg
[11.741s] -- Symlinking: /home/zhenzhen/ros2/robodog-yunnan-elec/install/messages/share/messages/srv/SmartCarActuatorTest_Response.msg
[11.764s] -- Symlinking: /home/zhenzhen/ros2/robodog-yunnan-elec/install/messages/share/messages/action/Takeoff.action
[11.785s] -- Symlinking: /home/zhenzhen/ros2/robodog-yunnan-elec/install/messages/share/messages/action/GoToTarget.action
[11.809s] -- Symlinking: /home/zhenzhen/ros2/robodog-yunnan-elec/install/messages/share/messages/action/TrackVelocity.action
[11.831s] -- Symlinking: /home/zhenzhen/ros2/robodog-yunnan-elec/install/messages/share/messages/action/Land.action
[11.854s] -- Symlinking: /home/zhenzhen/ros2/robodog-yunnan-elec/install/messages/share/messages/action/ExecuteMission.action
[11.877s] -- Up-to-date symlink: /home/zhenzhen/ros2/robodog-yunnan-elec/install/messages/share/messages/msg/PlatformTarget.msg
[11.878s] -- Up-to-date symlink: /home/zhenzhen/ros2/robodog-yunnan-elec/install/messages/share/messages/msg/SmartCarCalibStatus.msg
[11.878s] -- Up-to-date symlink: /home/zhenzhen/ros2/robodog-yunnan-elec/install/messages/share/messages/msg/SmartCarControlSetpoint.msg
[11.879s] -- Up-to-date symlink: /home/zhenzhen/ros2/robodog-yunnan-elec/install/messages/share/messages/msg/SmartCarImuStatus.msg
[11.879s] -- Up-to-date symlink: /home/zhenzhen/ros2/robodog-yunnan-elec/install/messages/share/messages/msg/SmartCarMotionState.msg
[11.880s] -- Up-to-date symlink: /home/zhenzhen/ros2/robodog-yunnan-elec/install/messages/share/messages/msg/SmartCarMotorStatus.msg
[11.880s] -- Up-to-date symlink: /home/zhenzhen/ros2/robodog-yunnan-elec/install/messages/share/messages/msg/SmartCarStatus.msg
[11.881s] -- Up-to-date symlink: /home/zhenzhen/ros2/robodog-yunnan-elec/install/messages/share/messages/msg/Vision.msg
[11.882s] -- Up-to-date symlink: /home/zhenzhen/ros2/robodog-yunnan-elec/install/messages/share/messages/msg/VisionMsg.msg
[11.882s] -- Up-to-date symlink: /home/zhenzhen/ros2/robodog-yunnan-elec/install/messages/share/messages/srv/SmartCarActuatorTest.srv
[11.883s] -- Up-to-date symlink: /home/zhenzhen/ros2/robodog-yunnan-elec/install/messages/share/messages/srv/SmartCarCommand.srv
[11.883s] -- Up-to-date symlink: /home/zhenzhen/ros2/robodog-yunnan-elec/install/messages/share/messages/action/ExecuteMission.action
[11.883s] -- Up-to-date symlink: /home/zhenzhen/ros2/robodog-yunnan-elec/install/messages/share/messages/action/GoToTarget.action
[11.884s] -- Up-to-date symlink: /home/zhenzhen/ros2/robodog-yunnan-elec/install/messages/share/messages/action/Land.action
[11.884s] -- Up-to-date symlink: /home/zhenzhen/ros2/robodog-yunnan-elec/install/messages/share/messages/action/Takeoff.action
[11.884s] -- Up-to-date symlink: /home/zhenzhen/ros2/robodog-yunnan-elec/install/messages/share/messages/action/TrackVelocity.action
[11.884s] -- Symlinking: /home/zhenzhen/ros2/robodog-yunnan-elec/install/messages/share/ament_index/resource_index/package_run_dependencies/messages
[11.906s] -- Symlinking: /home/zhenzhen/ros2/robodog-yunnan-elec/install/messages/share/ament_index/resource_index/parent_prefix_path/messages
[11.930s] -- Symlinking: /home/zhenzhen/ros2/robodog-yunnan-elec/install/messages/share/messages/environment/ament_prefix_path.sh
[11.955s] -- Symlinking: /home/zhenzhen/ros2/robodog-yunnan-elec/install/messages/share/messages/environment/ament_prefix_path.dsv
[11.977s] -- Symlinking: /home/zhenzhen/ros2/robodog-yunnan-elec/install/messages/share/messages/environment/path.sh
[12.001s] -- Symlinking: /home/zhenzhen/ros2/robodog-yunnan-elec/install/messages/share/messages/environment/path.dsv
[12.023s] -- Symlinking: /home/zhenzhen/ros2/robodog-yunnan-elec/install/messages/share/messages/local_setup.bash
[12.046s] -- Symlinking: /home/zhenzhen/ros2/robodog-yunnan-elec/install/messages/share/messages/local_setup.sh
[12.069s] -- Symlinking: /home/zhenzhen/ros2/robodog-yunnan-elec/install/messages/share/messages/local_setup.zsh
[12.092s] -- Symlinking: /home/zhenzhen/ros2/robodog-yunnan-elec/install/messages/share/messages/local_setup.dsv
[12.114s] -- Symlinking: /home/zhenzhen/ros2/robodog-yunnan-elec/install/messages/share/messages/package.dsv
[12.137s] -- Symlinking: /home/zhenzhen/ros2/robodog-yunnan-elec/install/messages/share/ament_index/resource_index/packages/messages
[12.160s] -- Symlinking: /home/zhenzhen/ros2/robodog-yunnan-elec/install/messages/share/messages/cmake/rosidl_cmake-extras.cmake
[12.182s] -- Symlinking: /home/zhenzhen/ros2/robodog-yunnan-elec/install/messages/share/messages/cmake/ament_cmake_export_dependencies-extras.cmake
[12.205s] -- Symlinking: /home/zhenzhen/ros2/robodog-yunnan-elec/install/messages/share/messages/cmake/ament_cmake_export_include_directories-extras.cmake
[12.228s] -- Symlinking: /home/zhenzhen/ros2/robodog-yunnan-elec/install/messages/share/messages/cmake/ament_cmake_export_libraries-extras.cmake
[12.251s] -- Symlinking: /home/zhenzhen/ros2/robodog-yunnan-elec/install/messages/share/messages/cmake/ament_cmake_export_targets-extras.cmake
[12.273s] -- Symlinking: /home/zhenzhen/ros2/robodog-yunnan-elec/install/messages/share/messages/cmake/rosidl_cmake_export_typesupport_targets-extras.cmake
[12.295s] -- Symlinking: /home/zhenzhen/ros2/robodog-yunnan-elec/install/messages/share/messages/cmake/rosidl_cmake_export_typesupport_libraries-extras.cmake
[12.317s] -- Symlinking: /home/zhenzhen/ros2/robodog-yunnan-elec/install/messages/share/messages/cmake/messagesConfig.cmake
[12.339s] -- Symlinking: /home/zhenzhen/ros2/robodog-yunnan-elec/install/messages/share/messages/cmake/messagesConfig-version.cmake
[12.360s] -- Symlinking: /home/zhenzhen/ros2/robodog-yunnan-elec/install/messages/share/messages/package.xml
[12.382s] -- Installing: /home/zhenzhen/ros2/robodog-yunnan-elec/install/messages/lib/libmessages__rosidl_generator_c.so
[12.385s] -- Set runtime path of "/home/zhenzhen/ros2/robodog-yunnan-elec/install/messages/lib/libmessages__rosidl_generator_c.so" to ""
[12.385s] -- Installing: /home/zhenzhen/ros2/robodog-yunnan-elec/install/messages/lib/libmessages__rosidl_typesupport_fastrtps_c.so
[12.387s] -- Set runtime path of "/home/zhenzhen/ros2/robodog-yunnan-elec/install/messages/lib/libmessages__rosidl_typesupport_fastrtps_c.so" to ""
[12.388s] -- Installing: /home/zhenzhen/ros2/robodog-yunnan-elec/install/messages/lib/libmessages__rosidl_typesupport_fastrtps_cpp.so
[12.391s] -- Set runtime path of "/home/zhenzhen/ros2/robodog-yunnan-elec/install/messages/lib/libmessages__rosidl_typesupport_fastrtps_cpp.so" to ""
[12.391s] -- Installing: /home/zhenzhen/ros2/robodog-yunnan-elec/install/messages/lib/libmessages__rosidl_typesupport_introspection_c.so
[12.392s] -- Set runtime path of "/home/zhenzhen/ros2/robodog-yunnan-elec/install/messages/lib/libmessages__rosidl_typesupport_introspection_c.so" to ""
[12.392s] -- Installing: /home/zhenzhen/ros2/robodog-yunnan-elec/install/messages/lib/libmessages__rosidl_typesupport_c.so
[12.394s] -- Set runtime path of "/home/zhenzhen/ros2/robodog-yunnan-elec/install/messages/lib/libmessages__rosidl_typesupport_c.so" to ""
[12.394s] -- Installing: /home/zhenzhen/ros2/robodog-yunnan-elec/install/messages/lib/libmessages__rosidl_typesupport_introspection_cpp.so
[12.396s] -- Set runtime path of "/home/zhenzhen/ros2/robodog-yunnan-elec/install/messages/lib/libmessages__rosidl_typesupport_introspection_cpp.so" to ""
[12.397s] -- Installing: /home/zhenzhen/ros2/robodog-yunnan-elec/install/messages/lib/libmessages__rosidl_typesupport_cpp.so
[12.398s] -- Set runtime path of "/home/zhenzhen/ros2/robodog-yunnan-elec/install/messages/lib/libmessages__rosidl_typesupport_cpp.so" to ""
[12.568s] Listing '/home/zhenzhen/ros2/robodog-yunnan-elec/install/messages/local/lib/python3.10/dist-packages/messages'...
[12.569s] Compiling '/home/zhenzhen/ros2/robodog-yunnan-elec/install/messages/local/lib/python3.10/dist-packages/messages/__init__.py'...
[12.569s] Listing '/home/zhenzhen/ros2/robodog-yunnan-elec/install/messages/local/lib/python3.10/dist-packages/messages/action'...
[12.569s] Compiling '/home/zhenzhen/ros2/robodog-yunnan-elec/install/messages/local/lib/python3.10/dist-packages/messages/action/__init__.py'...
[12.569s] Compiling '/home/zhenzhen/ros2/robodog-yunnan-elec/install/messages/local/lib/python3.10/dist-packages/messages/action/_execute_mission.py'...
[12.569s] Compiling '/home/zhenzhen/ros2/robodog-yunnan-elec/install/messages/local/lib/python3.10/dist-packages/messages/action/_go_to_target.py'...
[12.569s] Compiling '/home/zhenzhen/ros2/robodog-yunnan-elec/install/messages/local/lib/python3.10/dist-packages/messages/action/_land.py'...
[12.569s] Compiling '/home/zhenzhen/ros2/robodog-yunnan-elec/install/messages/local/lib/python3.10/dist-packages/messages/action/_takeoff.py'...
[12.569s] Compiling '/home/zhenzhen/ros2/robodog-yunnan-elec/install/messages/local/lib/python3.10/dist-packages/messages/action/_track_velocity.py'...
[12.569s] Listing '/home/zhenzhen/ros2/robodog-yunnan-elec/install/messages/local/lib/python3.10/dist-packages/messages/msg'...
[12.570s] Compiling '/home/zhenzhen/ros2/robodog-yunnan-elec/install/messages/local/lib/python3.10/dist-packages/messages/msg/__init__.py'...
[12.570s] Compiling '/home/zhenzhen/ros2/robodog-yunnan-elec/install/messages/local/lib/python3.10/dist-packages/messages/msg/_platform_target.py'...
[12.570s] Compiling '/home/zhenzhen/ros2/robodog-yunnan-elec/install/messages/local/lib/python3.10/dist-packages/messages/msg/_smart_car_calib_status.py'...
[12.570s] Compiling '/home/zhenzhen/ros2/robodog-yunnan-elec/install/messages/local/lib/python3.10/dist-packages/messages/msg/_smart_car_control_setpoint.py'...
[12.570s] Compiling '/home/zhenzhen/ros2/robodog-yunnan-elec/install/messages/local/lib/python3.10/dist-packages/messages/msg/_smart_car_imu_status.py'...
[12.570s] Compiling '/home/zhenzhen/ros2/robodog-yunnan-elec/install/messages/local/lib/python3.10/dist-packages/messages/msg/_smart_car_motion_state.py'...
[12.570s] Compiling '/home/zhenzhen/ros2/robodog-yunnan-elec/install/messages/local/lib/python3.10/dist-packages/messages/msg/_smart_car_motor_status.py'...
[12.570s] Compiling '/home/zhenzhen/ros2/robodog-yunnan-elec/install/messages/local/lib/python3.10/dist-packages/messages/msg/_smart_car_status.py'...
[12.570s] Compiling '/home/zhenzhen/ros2/robodog-yunnan-elec/install/messages/local/lib/python3.10/dist-packages/messages/msg/_vision.py'...
[12.570s] Compiling '/home/zhenzhen/ros2/robodog-yunnan-elec/install/messages/local/lib/python3.10/dist-packages/messages/msg/_vision_msg.py'...
[12.571s] Listing '/home/zhenzhen/ros2/robodog-yunnan-elec/install/messages/local/lib/python3.10/dist-packages/messages/srv'...
[12.571s] Compiling '/home/zhenzhen/ros2/robodog-yunnan-elec/install/messages/local/lib/python3.10/dist-packages/messages/srv/__init__.py'...
[12.571s] Compiling '/home/zhenzhen/ros2/robodog-yunnan-elec/install/messages/local/lib/python3.10/dist-packages/messages/srv/_smart_car_actuator_test.py'...
[12.571s] Compiling '/home/zhenzhen/ros2/robodog-yunnan-elec/install/messages/local/lib/python3.10/dist-packages/messages/srv/_smart_car_command.py'...
[12.581s] -- Installing: /home/zhenzhen/ros2/robodog-yunnan-elec/install/messages/lib/libmessages__rosidl_generator_py.so
[12.583s] -- Set runtime path of "/home/zhenzhen/ros2/robodog-yunnan-elec/install/messages/lib/libmessages__rosidl_generator_py.so" to ""
[12.584s] -- Installing: /home/zhenzhen/ros2/robodog-yunnan-elec/install/messages/share/messages/cmake/export_messages__rosidl_generator_cExport.cmake
[12.585s] -- Installing: /home/zhenzhen/ros2/robodog-yunnan-elec/install/messages/share/messages/cmake/export_messages__rosidl_generator_cExport-noconfig.cmake
[12.585s] -- Installing: /home/zhenzhen/ros2/robodog-yunnan-elec/install/messages/share/messages/cmake/export_messages__rosidl_typesupport_fastrtps_cExport.cmake
[12.586s] -- Installing: /home/zhenzhen/ros2/robodog-yunnan-elec/install/messages/share/messages/cmake/export_messages__rosidl_typesupport_fastrtps_cExport-noconfig.cmake
[12.586s] -- Installing: /home/zhenzhen/ros2/robodog-yunnan-elec/install/messages/share/messages/cmake/export_messages__rosidl_generator_cppExport.cmake
[12.587s] -- Installing: /home/zhenzhen/ros2/robodog-yunnan-elec/install/messages/share/messages/cmake/export_messages__rosidl_typesupport_fastrtps_cppExport.cmake
[12.587s] -- Installing: /home/zhenzhen/ros2/robodog-yunnan-elec/install/messages/share/messages/cmake/export_messages__rosidl_typesupport_fastrtps_cppExport-noconfig.cmake
[12.587s] -- Installing: /home/zhenzhen/ros2/robodog-yunnan-elec/install/messages/share/messages/cmake/messages__rosidl_typesupport_introspection_cExport.cmake
[12.588s] -- Installing: /home/zhenzhen/ros2/robodog-yunnan-elec/install/messages/share/messages/cmake/messages__rosidl_typesupport_introspection_cExport-noconfig.cmake
[12.588s] -- Installing: /home/zhenzhen/ros2/robodog-yunnan-elec/install/messages/share/messages/cmake/messages__rosidl_typesupport_cExport.cmake
[12.589s] -- Installing: /home/zhenzhen/ros2/robodog-yunnan-elec/install/messages/share/messages/cmake/messages__rosidl_typesupport_cExport-noconfig.cmake
[12.589s] -- Installing: /home/zhenzhen/ros2/robodog-yunnan-elec/install/messages/share/messages/cmake/messages__rosidl_typesupport_introspection_cppExport.cmake
[12.590s] -- Installing: /home/zhenzhen/ros2/robodog-yunnan-elec/install/messages/share/messages/cmake/messages__rosidl_typesupport_introspection_cppExport-noconfig.cmake
[12.590s] -- Installing: /home/zhenzhen/ros2/robodog-yunnan-elec/install/messages/share/messages/cmake/messages__rosidl_typesupport_cppExport.cmake
[12.591s] -- Installing: /home/zhenzhen/ros2/robodog-yunnan-elec/install/messages/share/messages/cmake/messages__rosidl_typesupport_cppExport-noconfig.cmake
[12.591s] -- Installing: /home/zhenzhen/ros2/robodog-yunnan-elec/install/messages/share/messages/cmake/export_messages__rosidl_generator_pyExport.cmake
[12.592s] -- Installing: /home/zhenzhen/ros2/robodog-yunnan-elec/install/messages/share/messages/cmake/export_messages__rosidl_generator_pyExport-noconfig.cmake
[12.598s] Invoked command in '/home/zhenzhen/ros2/robodog-yunnan-elec/build/messages' returned '0': CMAKE_PREFIX_PATH=${CMAKE_PREFIX_PATH}:/home/zhenzhen/ros2/Quadcopter/install/yolip:/home/zhenzhen/ros2/Quadcopter/install/vision_py:/home/zhenzhen/ros2/ros2_rust/install/examples_worker_demo:/home/zhenzhen/ros2/ros2_rust/install/examples_rclrs_minimal_pub_sub:/home/zhenzhen/ros2/ros2_rust/install/examples_rclrs_minimal_client_service:/home/zhenzhen/ros2/ros2_rust/install/examples_parameter_demo:/home/zhenzhen/ros2/ros2_rust/install/examples_logging_demo:/home/zhenzhen/ros2/ros2_rust/install/sensor_msgs_py:/home/zhenzhen/ros2/ros2_rust/install/rust_pubsub:/home/zhenzhen/ros2/ros2_rust/install/examples_rclrs_message_demo:/home/zhenzhen/ros2/ros2_rust/install/rosidl_runtime_rs:/home/zhenzhen/ros2/ros2_rust/install/rclrs:/opt/ros/humble /usr/bin/cmake --install /home/zhenzhen/ros2/robodog-yunnan-elec/build/messages
