Consolidate compiler generated dependencies of target car_mission_node
Consolidate compiler generated dependencies of target test_max_curvature
Consolidate compiler generated dependencies of target quad_node
Consolidate compiler generated dependencies of target dog_node
[ 22%] Built target car_mission_node
[ 22%] Built target test_max_curvature
[ 44%] Building CXX object CMakeFiles/dog_node.dir/src/layer4_system/dog_system.cpp.o
[ 66%] Built target quad_node
[ 72%] Linking CXX executable dog_node
[100%] Built target dog_node
-- Install configuration: ""
-- Execute custom install script
-- Symlinking: /home/zhenzhen/ros2/robodog-yunnan-elec/install/core_2026/lib/core_2026/quad_node
-- Symlinking: /home/zhenzhen/ros2/robodog-yunnan-elec/install/core_2026/lib/core_2026/car_mission_node
-- Symlinking: /home/zhenzhen/ros2/robodog-yunnan-elec/install/core_2026/lib/core_2026/test_max_curvature
-- Symlinking: /home/zhenzhen/ros2/robodog-yunnan-elec/install/core_2026/lib/core_2026/dog_node
-- Symlinking: /home/zhenzhen/ros2/robodog-yunnan-elec/install/core_2026/share/core_2026//car_mission.launch.py
-- Symlinking: /home/zhenzhen/ros2/robodog-yunnan-elec/install/core_2026/share/core_2026//core_launch.py
-- Symlinking: /home/zhenzhen/ros2/robodog-yunnan-elec/install/core_2026/share/core_2026//dog_mission.launch.py
-- Symlinking: /home/zhenzhen/ros2/robodog-yunnan-elec/install/core_2026/share/core_2026//gazebo_launch.py
-- Symlinking: /home/zhenzhen/ros2/robodog-yunnan-elec/install/core_2026/share/core_2026//hover_ladder.launch.py
-- Symlinking: /home/zhenzhen/ros2/robodog-yunnan-elec/install/core_2026/share/core_2026//lidar_udp.launch.py
-- Symlinking: /home/zhenzhen/ros2/robodog-yunnan-elec/install/core_2026/share/core_2026//real_hover_dvs_avoid_min.launch.py
-- Symlinking: /home/zhenzhen/ros2/robodog-yunnan-elec/install/core_2026/share/core_2026//sim_hover_dvs_avoid.launch.py
-- Symlinking: /home/zhenzhen/ros2/robodog-yunnan-elec/install/core_2026/share/core_2026//test_max_curvature.launch.py
-- Symlinking: /home/zhenzhen/ros2/robodog-yunnan-elec/install/core_2026/share/ament_index/resource_index/package_run_dependencies/core_2026
-- Symlinking: /home/zhenzhen/ros2/robodog-yunnan-elec/install/core_2026/share/ament_index/resource_index/parent_prefix_path/core_2026
-- Symlinking: /home/zhenzhen/ros2/robodog-yunnan-elec/install/core_2026/share/core_2026/environment/ament_prefix_path.sh
-- Symlinking: /home/zhenzhen/ros2/robodog-yunnan-elec/install/core_2026/share/core_2026/environment/ament_prefix_path.dsv
-- Symlinking: /home/zhenzhen/ros2/robodog-yunnan-elec/install/core_2026/share/core_2026/environment/path.sh
-- Symlinking: /home/zhenzhen/ros2/robodog-yunnan-elec/install/core_2026/share/core_2026/environment/path.dsv
-- Symlinking: /home/zhenzhen/ros2/robodog-yunnan-elec/install/core_2026/share/core_2026/local_setup.bash
-- Symlinking: /home/zhenzhen/ros2/robodog-yunnan-elec/install/core_2026/share/core_2026/local_setup.sh
-- Symlinking: /home/zhenzhen/ros2/robodog-yunnan-elec/install/core_2026/share/core_2026/local_setup.zsh
-- Symlinking: /home/zhenzhen/ros2/robodog-yunnan-elec/install/core_2026/share/core_2026/local_setup.dsv
-- Symlinking: /home/zhenzhen/ros2/robodog-yunnan-elec/install/core_2026/share/core_2026/package.dsv
-- Symlinking: /home/zhenzhen/ros2/robodog-yunnan-elec/install/core_2026/share/ament_index/resource_index/packages/core_2026
-- Symlinking: /home/zhenzhen/ros2/robodog-yunnan-elec/install/core_2026/share/core_2026/cmake/core_2026Config.cmake
-- Symlinking: /home/zhenzhen/ros2/robodog-yunnan-elec/install/core_2026/share/core_2026/cmake/core_2026Config-version.cmake
-- Symlinking: /home/zhenzhen/ros2/robodog-yunnan-elec/install/core_2026/share/core_2026/package.xml
