[0.032s] Invoking command in '/home/zhenzhen/ros2/robodog-yunnan-elec/build/core_2026': CMAKE_PREFIX_PATH=${CMAKE_PREFIX_PATH}:/home/zhenzhen/ros2/Quadcopter/install/yolip:/home/zhenzhen/ros2/Quadcopter/install/vision_py:/home/zhenzhen/ros2/ros2_rust/install/examples_worker_demo:/home/zhenzhen/ros2/ros2_rust/install/examples_rclrs_minimal_pub_sub:/home/zhenzhen/ros2/ros2_rust/install/examples_rclrs_minimal_client_service:/home/zhenzhen/ros2/ros2_rust/install/examples_parameter_demo:/home/zhenzhen/ros2/ros2_rust/install/examples_logging_demo:/home/zhenzhen/ros2/ros2_rust/install/sensor_msgs_py:/home/zhenzhen/ros2/ros2_rust/install/rust_pubsub:/home/zhenzhen/ros2/ros2_rust/install/examples_rclrs_message_demo:/home/zhenzhen/ros2/ros2_rust/install/rosidl_runtime_rs:/home/zhenzhen/ros2/ros2_rust/install/rclrs:/opt/ros/humble /usr/bin/cmake --build /home/zhenzhen/ros2/robodog-yunnan-elec/build/core_2026 -- -j6 -l6
[0.137s] Consolidate compiler generated dependencies of target car_mission_node
[0.137s] Consolidate compiler generated dependencies of target test_max_curvature
[0.162s] Consolidate compiler generated dependencies of target quad_node
[0.162s] Consolidate compiler generated dependencies of target dog_node
[0.170s] [ 22%] Built target car_mission_node
[0.170s] [ 22%] Built target test_max_curvature
[0.200s] [ 44%] Building CXX object CMakeFiles/dog_node.dir/src/layer4_system/dog_system.cpp.o
[0.200s] [ 66%] Built target quad_node
[5.966s] [ 72%] Linking CXX executable dog_node
[6.866s] [100%] Built target dog_node
[6.893s] Invoked command in '/home/zhenzhen/ros2/robodog-yunnan-elec/build/core_2026' returned '0': CMAKE_PREFIX_PATH=${CMAKE_PREFIX_PATH}:/home/zhenzhen/ros2/Quadcopter/install/yolip:/home/zhenzhen/ros2/Quadcopter/install/vision_py:/home/zhenzhen/ros2/ros2_rust/install/examples_worker_demo:/home/zhenzhen/ros2/ros2_rust/install/examples_rclrs_minimal_pub_sub:/home/zhenzhen/ros2/ros2_rust/install/examples_rclrs_minimal_client_service:/home/zhenzhen/ros2/ros2_rust/install/examples_parameter_demo:/home/zhenzhen/ros2/ros2_rust/install/examples_logging_demo:/home/zhenzhen/ros2/ros2_rust/install/sensor_msgs_py:/home/zhenzhen/ros2/ros2_rust/install/rust_pubsub:/home/zhenzhen/ros2/ros2_rust/install/examples_rclrs_message_demo:/home/zhenzhen/ros2/ros2_rust/install/rosidl_runtime_rs:/home/zhenzhen/ros2/ros2_rust/install/rclrs:/opt/ros/humble /usr/bin/cmake --build /home/zhenzhen/ros2/robodog-yunnan-elec/build/core_2026 -- -j6 -l6
[6.924s] Invoking command in '/home/zhenzhen/ros2/robodog-yunnan-elec/build/core_2026': CMAKE_PREFIX_PATH=${CMAKE_PREFIX_PATH}:/home/zhenzhen/ros2/Quadcopter/install/yolip:/home/zhenzhen/ros2/Quadcopter/install/vision_py:/home/zhenzhen/ros2/ros2_rust/install/examples_worker_demo:/home/zhenzhen/ros2/ros2_rust/install/examples_rclrs_minimal_pub_sub:/home/zhenzhen/ros2/ros2_rust/install/examples_rclrs_minimal_client_service:/home/zhenzhen/ros2/ros2_rust/install/examples_parameter_demo:/home/zhenzhen/ros2/ros2_rust/install/examples_logging_demo:/home/zhenzhen/ros2/ros2_rust/install/sensor_msgs_py:/home/zhenzhen/ros2/ros2_rust/install/rust_pubsub:/home/zhenzhen/ros2/ros2_rust/install/examples_rclrs_message_demo:/home/zhenzhen/ros2/ros2_rust/install/rosidl_runtime_rs:/home/zhenzhen/ros2/ros2_rust/install/rclrs:/opt/ros/humble /usr/bin/cmake --install /home/zhenzhen/ros2/robodog-yunnan-elec/build/core_2026
[6.946s] -- Install configuration: ""
[6.946s] -- Execute custom install script
[6.947s] -- Symlinking: /home/zhenzhen/ros2/robodog-yunnan-elec/install/core_2026/lib/core_2026/quad_node
[6.967s] -- Symlinking: /home/zhenzhen/ros2/robodog-yunnan-elec/install/core_2026/lib/core_2026/car_mission_node
[6.990s] -- Symlinking: /home/zhenzhen/ros2/robodog-yunnan-elec/install/core_2026/lib/core_2026/test_max_curvature
[7.012s] -- Symlinking: /home/zhenzhen/ros2/robodog-yunnan-elec/install/core_2026/lib/core_2026/dog_node
[7.035s] -- Symlinking: /home/zhenzhen/ros2/robodog-yunnan-elec/install/core_2026/share/core_2026//car_mission.launch.py
[7.058s] -- Symlinking: /home/zhenzhen/ros2/robodog-yunnan-elec/install/core_2026/share/core_2026//core_launch.py
[7.081s] -- Symlinking: /home/zhenzhen/ros2/robodog-yunnan-elec/install/core_2026/share/core_2026//dog_mission.launch.py
[7.103s] -- Symlinking: /home/zhenzhen/ros2/robodog-yunnan-elec/install/core_2026/share/core_2026//gazebo_launch.py
[7.128s] -- Symlinking: /home/zhenzhen/ros2/robodog-yunnan-elec/install/core_2026/share/core_2026//hover_ladder.launch.py
[7.152s] -- Symlinking: /home/zhenzhen/ros2/robodog-yunnan-elec/install/core_2026/share/core_2026//lidar_udp.launch.py
[7.176s] -- Symlinking: /home/zhenzhen/ros2/robodog-yunnan-elec/install/core_2026/share/core_2026//real_hover_dvs_avoid_min.launch.py
[7.198s] -- Symlinking: /home/zhenzhen/ros2/robodog-yunnan-elec/install/core_2026/share/core_2026//sim_hover_dvs_avoid.launch.py
[7.222s] -- Symlinking: /home/zhenzhen/ros2/robodog-yunnan-elec/install/core_2026/share/core_2026//test_max_curvature.launch.py
[7.245s] -- Symlinking: /home/zhenzhen/ros2/robodog-yunnan-elec/install/core_2026/share/ament_index/resource_index/package_run_dependencies/core_2026
[7.268s] -- Symlinking: /home/zhenzhen/ros2/robodog-yunnan-elec/install/core_2026/share/ament_index/resource_index/parent_prefix_path/core_2026
[7.291s] -- Symlinking: /home/zhenzhen/ros2/robodog-yunnan-elec/install/core_2026/share/core_2026/environment/ament_prefix_path.sh
[7.315s] -- Symlinking: /home/zhenzhen/ros2/robodog-yunnan-elec/install/core_2026/share/core_2026/environment/ament_prefix_path.dsv
[7.338s] -- Symlinking: /home/zhenzhen/ros2/robodog-yunnan-elec/install/core_2026/share/core_2026/environment/path.sh
[7.358s] -- Symlinking: /home/zhenzhen/ros2/robodog-yunnan-elec/install/core_2026/share/core_2026/environment/path.dsv
[7.382s] -- Symlinking: /home/zhenzhen/ros2/robodog-yunnan-elec/install/core_2026/share/core_2026/local_setup.bash
[7.404s] -- Symlinking: /home/zhenzhen/ros2/robodog-yunnan-elec/install/core_2026/share/core_2026/local_setup.sh
[7.428s] -- Symlinking: /home/zhenzhen/ros2/robodog-yunnan-elec/install/core_2026/share/core_2026/local_setup.zsh
[7.450s] -- Symlinking: /home/zhenzhen/ros2/robodog-yunnan-elec/install/core_2026/share/core_2026/local_setup.dsv
[7.473s] -- Symlinking: /home/zhenzhen/ros2/robodog-yunnan-elec/install/core_2026/share/core_2026/package.dsv
[7.498s] -- Symlinking: /home/zhenzhen/ros2/robodog-yunnan-elec/install/core_2026/share/ament_index/resource_index/packages/core_2026
[7.522s] -- Symlinking: /home/zhenzhen/ros2/robodog-yunnan-elec/install/core_2026/share/core_2026/cmake/core_2026Config.cmake
[7.548s] -- Symlinking: /home/zhenzhen/ros2/robodog-yunnan-elec/install/core_2026/share/core_2026/cmake/core_2026Config-version.cmake
[7.577s] -- Symlinking: /home/zhenzhen/ros2/robodog-yunnan-elec/install/core_2026/share/core_2026/package.xml
[7.602s] Invoked command in '/home/zhenzhen/ros2/robodog-yunnan-elec/build/core_2026' returned '0': CMAKE_PREFIX_PATH=${CMAKE_PREFIX_PATH}:/home/zhenzhen/ros2/Quadcopter/install/yolip:/home/zhenzhen/ros2/Quadcopter/install/vision_py:/home/zhenzhen/ros2/ros2_rust/install/examples_worker_demo:/home/zhenzhen/ros2/ros2_rust/install/examples_rclrs_minimal_pub_sub:/home/zhenzhen/ros2/ros2_rust/install/examples_rclrs_minimal_client_service:/home/zhenzhen/ros2/ros2_rust/install/examples_parameter_demo:/home/zhenzhen/ros2/ros2_rust/install/examples_logging_demo:/home/zhenzhen/ros2/ros2_rust/install/sensor_msgs_py:/home/zhenzhen/ros2/ros2_rust/install/rust_pubsub:/home/zhenzhen/ros2/ros2_rust/install/examples_rclrs_message_demo:/home/zhenzhen/ros2/ros2_rust/install/rosidl_runtime_rs:/home/zhenzhen/ros2/ros2_rust/install/rclrs:/opt/ros/humble /usr/bin/cmake --install /home/zhenzhen/ros2/robodog-yunnan-elec/build/core_2026
