[0.035s] Invoking command in '/home/zhenzhen/ros2/robodog-yunnan-elec/build/ros2_tools': CMAKE_PREFIX_PATH=${CMAKE_PREFIX_PATH}:/home/zhenzhen/ros2/Quadcopter/install/yolip:/home/zhenzhen/ros2/Quadcopter/install/vision_py:/home/zhenzhen/ros2/ros2_rust/install/examples_worker_demo:/home/zhenzhen/ros2/ros2_rust/install/examples_rclrs_minimal_pub_sub:/home/zhenzhen/ros2/ros2_rust/install/examples_rclrs_minimal_client_service:/home/zhenzhen/ros2/ros2_rust/install/examples_parameter_demo:/home/zhenzhen/ros2/ros2_rust/install/examples_logging_demo:/home/zhenzhen/ros2/ros2_rust/install/sensor_msgs_py:/home/zhenzhen/ros2/ros2_rust/install/rust_pubsub:/home/zhenzhen/ros2/ros2_rust/install/examples_rclrs_message_demo:/home/zhenzhen/ros2/ros2_rust/install/rosidl_runtime_rs:/home/zhenzhen/ros2/ros2_rust/install/rclrs:/opt/ros/humble /usr/bin/cmake /home/zhenzhen/ros2/robodog-yunnan-elec/ros2_tools -DAMENT_CMAKE_SYMLINK_INSTALL=1 -DCMAKE_INSTALL_PREFIX=/home/zhenzhen/ros2/robodog-yunnan-elec/install/ros2_tools
[0.198s] -- The C compiler identification is GNU 11.4.0
[0.315s] -- The CXX compiler identification is GNU 11.4.0
[0.337s] -- Detecting C compiler ABI info
[0.490s] -- Detecting C compiler ABI info - done
[0.512s] -- Check for working C compiler: /usr/bin/cc - skipped
[0.513s] -- Detecting C compile features
[0.514s] -- Detecting C compile features - done
[0.521s] -- Detecting CXX compiler ABI info
[0.694s] -- Detecting CXX compiler ABI info - done
[0.706s] -- Check for working CXX compiler: /usr/bin/c++ - skipped
[0.707s] -- Detecting CXX compile features
[0.707s] -- Detecting CXX compile features - done
[0.723s] -- Found ament_cmake: 1.3.11 (/opt/ros/humble/share/ament_cmake/cmake)
[1.120s] -- Found Python3: /usr/bin/python3 (found version "3.10.12") found components: Interpreter 
[1.279s] -- Override CMake install command with custom implementation using symlinks instead of copying resources
[1.445s] -- Found rclcpp: 16.0.12 (/opt/ros/humble/share/rclcpp/cmake)
[1.589s] -- Found rosidl_generator_c: 3.1.6 (/opt/ros/humble/share/rosidl_generator_c/cmake)
[1.610s] -- Found rosidl_adapter: 3.1.6 (/opt/ros/humble/share/rosidl_adapter/cmake)
[1.638s] -- Found rosidl_generator_cpp: 3.1.6 (/opt/ros/humble/share/rosidl_generator_cpp/cmake)
[1.675s] -- Using all available rosidl_typesupport_c: rosidl_typesupport_fastrtps_c;rosidl_typesupport_introspection_c
[1.724s] -- Using all available rosidl_typesupport_cpp: rosidl_typesupport_fastrtps_cpp;rosidl_typesupport_introspection_cpp
[1.876s] -- Found rmw_implementation_cmake: 6.1.2 (/opt/ros/humble/share/rmw_implementation_cmake/cmake)
[1.893s] -- Found rmw_fastrtps_cpp: 6.2.7 (/opt/ros/humble/share/rmw_fastrtps_cpp/cmake)
[2.134s] -- Found OpenSSL: /usr/lib/aarch64-linux-gnu/libcrypto.so (found version "3.0.2")  
[2.210s] -- Found FastRTPS: /opt/ros/humble/include  
[2.298s] -- Using RMW implementation 'rmw_fastrtps_cpp' as default
[2.338s] -- Looking for pthread.h
[2.501s] -- Looking for pthread.h - found
[2.501s] -- Performing Test CMAKE_HAVE_LIBC_PTHREAD
[2.651s] -- Performing Test CMAKE_HAVE_LIBC_PTHREAD - Success
[2.653s] -- Found Threads: TRUE  
[2.768s] -- Found rosidl_default_generators: 1.2.0 (/home/zhenzhen/ros2/ros2_rust/install/rosidl_default_generators/share/rosidl_default_generators/cmake)
[2.815s] -- Found geometry_msgs: 4.9.0 (/home/zhenzhen/ros2/ros2_rust/install/geometry_msgs/share/geometry_msgs/cmake)
[2.846s] -- Found tf2: 0.25.13 (/opt/ros/humble/share/tf2/cmake)
[2.879s] -- Found tf2_geometry_msgs: 0.25.13 (/opt/ros/humble/share/tf2_geometry_msgs/cmake)
[2.936s] -- Found eigen3_cmake_module: 0.1.1 (/opt/ros/humble/share/eigen3_cmake_module/cmake)
[2.939s] -- Found Eigen3: TRUE (found version "3.4.0") 
[2.939s] -- Ensuring Eigen3 include directory is part of orocos-kdl CMake target
[3.163s] -- Found nav_msgs: 4.9.0 (/home/zhenzhen/ros2/ros2_rust/install/nav_msgs/share/nav_msgs/cmake)
[3.195s] -- Found sensor_msgs: 4.9.0 (/home/zhenzhen/ros2/ros2_rust/install/sensor_msgs/share/sensor_msgs/cmake)
[3.242s] -- Found OpenCV: /usr (found version "4.5.4") 
[3.253s] -- Found cv_bridge: 3.2.1 (/opt/ros/humble/share/cv_bridge/cmake)
[3.861s] -- Found ament_cmake_ros: 0.10.0 (/opt/ros/humble/share/ament_cmake_ros/cmake)
[4.681s] -- Using all available rosidl_typesupport_c: rosidl_typesupport_fastrtps_c;rosidl_typesupport_introspection_c
[4.987s] -- Using all available rosidl_typesupport_cpp: rosidl_typesupport_fastrtps_cpp;rosidl_typesupport_introspection_cpp
[5.220s] -- Found PythonInterp: /usr/bin/python3 (found suitable version "3.10.12", minimum required is "3.6") 
[5.244s] -- Found python_cmake_module: 0.10.0 (/opt/ros/humble/share/python_cmake_module/cmake)
[5.319s] -- Found PythonLibs: /usr/lib/aarch64-linux-gnu/libpython3.10.so (found suitable version "3.10.12", minimum required is "3.5") 
[5.319s] -- Using PYTHON_EXECUTABLE: /usr/bin/python3
[5.319s] -- Using PYTHON_INCLUDE_DIRS: /usr/include/python3.10
[5.319s] -- Using PYTHON_LIBRARIES: /usr/lib/aarch64-linux-gnu/libpython3.10.so
[5.375s] -- Found PythonExtra: .so  
[5.571s] -- Found ament_lint_auto: 0.12.12 (/opt/ros/humble/share/ament_lint_auto/cmake)
[5.672s] -- Added test 'cppcheck' to perform static code analysis on C / C++ code
[5.673s] -- Configured cppcheck include dirs: $<BUILD_INTERFACE:/home/zhenzhen/ros2/robodog-yunnan-elec/ros2_tools/include>
[5.673s] -- Configured cppcheck exclude dirs and/or files: 
[5.676s] -- Added test 'lint_cmake' to check CMake code style
[5.678s] -- Added test 'uncrustify' to check C / C++ code style
[5.679s] -- Configured uncrustify additional arguments: 
[5.681s] -- Added test 'xmllint' to check XML markup files
[5.690s] -- Configuring done
[5.802s] -- Generating done
[5.831s] -- Build files have been written to: /home/zhenzhen/ros2/robodog-yunnan-elec/build/ros2_tools
[5.871s] Invoked command in '/home/zhenzhen/ros2/robodog-yunnan-elec/build/ros2_tools' returned '0': CMAKE_PREFIX_PATH=${CMAKE_PREFIX_PATH}:/home/zhenzhen/ros2/Quadcopter/install/yolip:/home/zhenzhen/ros2/Quadcopter/install/vision_py:/home/zhenzhen/ros2/ros2_rust/install/examples_worker_demo:/home/zhenzhen/ros2/ros2_rust/install/examples_rclrs_minimal_pub_sub:/home/zhenzhen/ros2/ros2_rust/install/examples_rclrs_minimal_client_service:/home/zhenzhen/ros2/ros2_rust/install/examples_parameter_demo:/home/zhenzhen/ros2/ros2_rust/install/examples_logging_demo:/home/zhenzhen/ros2/ros2_rust/install/sensor_msgs_py:/home/zhenzhen/ros2/ros2_rust/install/rust_pubsub:/home/zhenzhen/ros2/ros2_rust/install/examples_rclrs_message_demo:/home/zhenzhen/ros2/ros2_rust/install/rosidl_runtime_rs:/home/zhenzhen/ros2/ros2_rust/install/rclrs:/opt/ros/humble /usr/bin/cmake /home/zhenzhen/ros2/robodog-yunnan-elec/ros2_tools -DAMENT_CMAKE_SYMLINK_INSTALL=1 -DCMAKE_INSTALL_PREFIX=/home/zhenzhen/ros2/robodog-yunnan-elec/install/ros2_tools
[5.875s] Invoking command in '/home/zhenzhen/ros2/robodog-yunnan-elec/build/ros2_tools': CMAKE_PREFIX_PATH=${CMAKE_PREFIX_PATH}:/home/zhenzhen/ros2/Quadcopter/install/yolip:/home/zhenzhen/ros2/Quadcopter/install/vision_py:/home/zhenzhen/ros2/ros2_rust/install/examples_worker_demo:/home/zhenzhen/ros2/ros2_rust/install/examples_rclrs_minimal_pub_sub:/home/zhenzhen/ros2/ros2_rust/install/examples_rclrs_minimal_client_service:/home/zhenzhen/ros2/ros2_rust/install/examples_parameter_demo:/home/zhenzhen/ros2/ros2_rust/install/examples_logging_demo:/home/zhenzhen/ros2/ros2_rust/install/sensor_msgs_py:/home/zhenzhen/ros2/ros2_rust/install/rust_pubsub:/home/zhenzhen/ros2/ros2_rust/install/examples_rclrs_message_demo:/home/zhenzhen/ros2/ros2_rust/install/rosidl_runtime_rs:/home/zhenzhen/ros2/ros2_rust/install/rclrs:/opt/ros/humble /usr/bin/cmake --build /home/zhenzhen/ros2/robodog-yunnan-elec/build/ros2_tools -- -j6 -l6
[5.987s] [  2%] Generating C code for ROS interfaces
[6.014s] [  5%] Building CXX object CMakeFiles/ground_camera_node.dir/src/ground_camera_node.cpp.o
[6.016s] [  7%] Generating C++ code for ROS interfaces
[6.016s] [ 10%] Generating Rust code for ROS interfaces
[6.078s] [ 12%] Building CXX object CMakeFiles/lidar_to_px4_bridge.dir/src/lidar_to_px4_bridge.cpp.o
[6.081s] [ 12%] Built target ament_cmake_python_symlink_ros2_tools
[6.169s] [ 15%] Building CXX object CMakeFiles/d435_node.dir/src/d435_node.cpp.o
[6.802s] [ 15%] Built target ros2_tools__rs
[7.162s] [ 17%] Building C object CMakeFiles/ros2_tools__rosidl_generator_c.dir/rosidl_generator_c/ros2_tools/msg/detail/lidar_pose__functions.c.o
[7.217s] [ 17%] Built target ros2_tools__cpp
[7.297s] [ 20%] Generating C++ type support for eProsima Fast-RTPS
[7.477s] [ 22%] Linking C shared library libros2_tools__rosidl_generator_c.so
[7.691s] [ 22%] Built target ros2_tools__rosidl_generator_c
[7.765s] [ 25%] Generating C++ introspection for ROS interfaces
[7.900s] running egg_info
[7.901s] creating ros2_tools.egg-info
[7.902s] writing ros2_tools.egg-info/PKG-INFO
[7.902s] writing dependency_links to ros2_tools.egg-info/dependency_links.txt
[7.903s] writing top-level names to ros2_tools.egg-info/top_level.txt
[7.903s] writing manifest file 'ros2_tools.egg-info/SOURCES.txt'
[7.922s] reading manifest file 'ros2_tools.egg-info/SOURCES.txt'
[7.922s] writing manifest file 'ros2_tools.egg-info/SOURCES.txt'
[8.152s] [ 25%] Built target ament_cmake_python_build_ros2_tools_egg
[8.225s] [ 27%] Generating C++ type support dispatch for ROS interfaces
[8.367s] [ 30%] Building CXX object CMakeFiles/ros2_tools__rosidl_typesupport_fastrtps_cpp.dir/rosidl_typesupport_fastrtps_cpp/ros2_tools/msg/detail/dds_fastrtps/lidar_pose__type_support.cpp.o
[8.779s] [ 32%] Building CXX object CMakeFiles/ros2_tools__rosidl_typesupport_introspection_cpp.dir/rosidl_typesupport_introspection_cpp/ros2_tools/msg/detail/lidar_pose__type_support.cpp.o
[9.039s] [ 35%] Building CXX object CMakeFiles/ros2_tools__rosidl_typesupport_cpp.dir/rosidl_typesupport_cpp/ros2_tools/msg/lidar_pose__type_support.cpp.o
[9.815s] [ 37%] Linking CXX shared library libros2_tools__rosidl_typesupport_fastrtps_cpp.so
[9.934s] [ 40%] Linking CXX shared library libros2_tools__rosidl_typesupport_cpp.so
[10.036s] [ 42%] Linking CXX shared library libros2_tools__rosidl_typesupport_introspection_cpp.so
[10.086s] [ 42%] Built target ros2_tools__rosidl_typesupport_cpp
[10.168s] [ 45%] Generating C type support for eProsima Fast-RTPS
[10.176s] [ 45%] Built target ros2_tools__rosidl_typesupport_introspection_cpp
[10.235s] [ 45%] Built target ros2_tools__rosidl_typesupport_fastrtps_cpp
[10.257s] [ 47%] Generating C introspection for ROS interfaces
[10.324s] [ 50%] Generating C type support dispatch for ROS interfaces
[11.127s] [ 52%] Building CXX object CMakeFiles/ros2_tools__rosidl_typesupport_c.dir/rosidl_typesupport_c/ros2_tools/msg/lidar_pose__type_support.cpp.o
[11.240s] [ 55%] Building C object CMakeFiles/ros2_tools__rosidl_typesupport_introspection_c.dir/rosidl_typesupport_introspection_c/ros2_tools/msg/detail/lidar_pose__type_support.c.o
[11.241s] [ 57%] Building CXX object CMakeFiles/ros2_tools__rosidl_typesupport_fastrtps_c.dir/rosidl_typesupport_fastrtps_c/ros2_tools/msg/detail/lidar_pose__type_support_c.cpp.o
[11.309s] [ 60%] Linking CXX shared library libros2_tools__rosidl_typesupport_c.so
[11.385s] [ 62%] Linking C shared library libros2_tools__rosidl_typesupport_introspection_c.so
[11.509s] [ 62%] Built target ros2_tools__rosidl_typesupport_c
[11.542s] [ 62%] Built target ros2_tools__rosidl_typesupport_introspection_c
[11.654s] [ 65%] Building CXX object CMakeFiles/lidar_data_node.dir/src/lidar_data_node.cpp.o
[12.103s] [ 67%] Linking CXX shared library libros2_tools__rosidl_typesupport_fastrtps_c.so
[12.506s] [ 67%] Built target ros2_tools__rosidl_typesupport_fastrtps_c
[12.640s] [ 67%] Built target ros2_tools
[12.787s] [ 70%] Generating Python code for ROS interfaces
[13.793s] [ 70%] Built target ros2_tools__py
[13.865s] [ 72%] Building C object CMakeFiles/ros2_tools__rosidl_generator_py.dir/rosidl_generator_py/ros2_tools/msg/_lidar_pose_s.c.o
[14.222s] [ 75%] Linking C shared library rosidl_generator_py/ros2_tools/libros2_tools__rosidl_generator_py.so
[14.372s] [ 75%] Built target ros2_tools__rosidl_generator_py
[14.525s] [ 77%] Building C object CMakeFiles/ros2_tools__rosidl_typesupport_fastrtps_c__pyext.dir/rosidl_generator_py/ros2_tools/_ros2_tools_s.ep.rosidl_typesupport_fastrtps_c.c.o
[14.540s] [ 80%] Building C object CMakeFiles/ros2_tools__rosidl_typesupport_introspection_c__pyext.dir/rosidl_generator_py/ros2_tools/_ros2_tools_s.ep.rosidl_typesupport_introspection_c.c.o
[14.917s] [ 82%] Linking C shared library rosidl_generator_py/ros2_tools/ros2_tools_s__rosidl_typesupport_introspection_c.cpython-310-aarch64-linux-gnu.so
[14.996s] [ 85%] Linking C shared library rosidl_generator_py/ros2_tools/ros2_tools_s__rosidl_typesupport_fastrtps_c.cpython-310-aarch64-linux-gnu.so
[15.102s] [ 85%] Built target ros2_tools__rosidl_typesupport_introspection_c__pyext
[15.185s] [ 85%] Built target ros2_tools__rosidl_typesupport_fastrtps_c__pyext
[15.268s] [ 87%] Building C object CMakeFiles/ros2_tools__rosidl_typesupport_c__pyext.dir/rosidl_generator_py/ros2_tools/_ros2_tools_s.ep.rosidl_typesupport_c.c.o
[15.701s] [ 90%] Linking C shared library rosidl_generator_py/ros2_tools/ros2_tools_s__rosidl_typesupport_c.cpython-310-aarch64-linux-gnu.so
[15.906s] [ 90%] Built target ros2_tools__rosidl_typesupport_c__pyext
[29.589s] [ 92%] Linking CXX executable ground_camera_node
[31.974s] [ 95%] Linking CXX executable d435_node
[33.094s] [ 95%] Built target ground_camera_node
[34.936s] [ 95%] Built target d435_node
[38.859s] [ 97%] Linking CXX executable lidar_to_px4_bridge
[40.280s] [ 97%] Built target lidar_to_px4_bridge
[42.751s] [100%] Linking CXX executable lidar_data_node
[43.609s] [100%] Built target lidar_data_node
[43.633s] Invoked command in '/home/zhenzhen/ros2/robodog-yunnan-elec/build/ros2_tools' returned '0': CMAKE_PREFIX_PATH=${CMAKE_PREFIX_PATH}:/home/zhenzhen/ros2/Quadcopter/install/yolip:/home/zhenzhen/ros2/Quadcopter/install/vision_py:/home/zhenzhen/ros2/ros2_rust/install/examples_worker_demo:/home/zhenzhen/ros2/ros2_rust/install/examples_rclrs_minimal_pub_sub:/home/zhenzhen/ros2/ros2_rust/install/examples_rclrs_minimal_client_service:/home/zhenzhen/ros2/ros2_rust/install/examples_parameter_demo:/home/zhenzhen/ros2/ros2_rust/install/examples_logging_demo:/home/zhenzhen/ros2/ros2_rust/install/sensor_msgs_py:/home/zhenzhen/ros2/ros2_rust/install/rust_pubsub:/home/zhenzhen/ros2/ros2_rust/install/examples_rclrs_message_demo:/home/zhenzhen/ros2/ros2_rust/install/rosidl_runtime_rs:/home/zhenzhen/ros2/ros2_rust/install/rclrs:/opt/ros/humble /usr/bin/cmake --build /home/zhenzhen/ros2/robodog-yunnan-elec/build/ros2_tools -- -j6 -l6
[43.657s] Invoking command in '/home/zhenzhen/ros2/robodog-yunnan-elec/build/ros2_tools': CMAKE_PREFIX_PATH=${CMAKE_PREFIX_PATH}:/home/zhenzhen/ros2/Quadcopter/install/yolip:/home/zhenzhen/ros2/Quadcopter/install/vision_py:/home/zhenzhen/ros2/ros2_rust/install/examples_worker_demo:/home/zhenzhen/ros2/ros2_rust/install/examples_rclrs_minimal_pub_sub:/home/zhenzhen/ros2/ros2_rust/install/examples_rclrs_minimal_client_service:/home/zhenzhen/ros2/ros2_rust/install/examples_parameter_demo:/home/zhenzhen/ros2/ros2_rust/install/examples_logging_demo:/home/zhenzhen/ros2/ros2_rust/install/sensor_msgs_py:/home/zhenzhen/ros2/ros2_rust/install/rust_pubsub:/home/zhenzhen/ros2/ros2_rust/install/examples_rclrs_message_demo:/home/zhenzhen/ros2/ros2_rust/install/rosidl_runtime_rs:/home/zhenzhen/ros2/ros2_rust/install/rclrs:/opt/ros/humble /usr/bin/cmake --install /home/zhenzhen/ros2/robodog-yunnan-elec/build/ros2_tools
[43.673s] -- Install configuration: ""
[43.674s] -- Execute custom install script
[43.675s] -- Symlinking: /home/zhenzhen/ros2/robodog-yunnan-elec/install/ros2_tools/share/ament_index/resource_index/rosidl_interfaces/ros2_tools
[43.695s] -- Symlinking: /home/zhenzhen/ros2/robodog-yunnan-elec/install/ros2_tools/include/ros2_tools/ros2_tools/msg/detail/lidar_pose__functions.h
[43.713s] -- Symlinking: /home/zhenzhen/ros2/robodog-yunnan-elec/install/ros2_tools/include/ros2_tools/ros2_tools/msg/detail/lidar_pose__struct.h
[43.732s] -- Symlinking: /home/zhenzhen/ros2/robodog-yunnan-elec/install/ros2_tools/include/ros2_tools/ros2_tools/msg/detail/lidar_pose__type_support.h
[43.749s] -- Symlinking: /home/zhenzhen/ros2/robodog-yunnan-elec/install/ros2_tools/include/ros2_tools/ros2_tools/msg/lidar_pose.h
[43.768s] -- Symlinking: /home/zhenzhen/ros2/robodog-yunnan-elec/install/ros2_tools/include/ros2_tools/ros2_tools/msg/rosidl_generator_c__visibility_control.h
[43.786s] -- Symlinking: /home/zhenzhen/ros2/robodog-yunnan-elec/install/ros2_tools/share/ros2_tools/environment/library_path.sh
[43.804s] -- Symlinking: /home/zhenzhen/ros2/robodog-yunnan-elec/install/ros2_tools/share/ros2_tools/environment/library_path.dsv
[43.822s] -- Symlinking: /home/zhenzhen/ros2/robodog-yunnan-elec/install/ros2_tools/include/ros2_tools/ros2_tools/msg/detail/lidar_pose__rosidl_typesupport_fastrtps_c.h
[43.841s] -- Symlinking: /home/zhenzhen/ros2/robodog-yunnan-elec/install/ros2_tools/include/ros2_tools/ros2_tools/msg/rosidl_typesupport_fastrtps_c__visibility_control.h
[43.860s] -- Symlinking: /home/zhenzhen/ros2/robodog-yunnan-elec/install/ros2_tools/include/ros2_tools/ros2_tools/msg/detail/lidar_pose__builder.hpp
[43.878s] -- Symlinking: /home/zhenzhen/ros2/robodog-yunnan-elec/install/ros2_tools/include/ros2_tools/ros2_tools/msg/detail/lidar_pose__struct.hpp
[43.897s] -- Symlinking: /home/zhenzhen/ros2/robodog-yunnan-elec/install/ros2_tools/include/ros2_tools/ros2_tools/msg/detail/lidar_pose__traits.hpp
[43.914s] -- Symlinking: /home/zhenzhen/ros2/robodog-yunnan-elec/install/ros2_tools/include/ros2_tools/ros2_tools/msg/detail/lidar_pose__type_support.hpp
[43.933s] -- Symlinking: /home/zhenzhen/ros2/robodog-yunnan-elec/install/ros2_tools/include/ros2_tools/ros2_tools/msg/lidar_pose.hpp
[43.952s] -- Symlinking: /home/zhenzhen/ros2/robodog-yunnan-elec/install/ros2_tools/include/ros2_tools/ros2_tools/msg/rosidl_generator_cpp__visibility_control.hpp
[43.971s] -- Symlinking: /home/zhenzhen/ros2/robodog-yunnan-elec/install/ros2_tools/include/ros2_tools/ros2_tools/msg/detail/lidar_pose__rosidl_typesupport_fastrtps_cpp.hpp
[43.988s] -- Symlinking: /home/zhenzhen/ros2/robodog-yunnan-elec/install/ros2_tools/include/ros2_tools/ros2_tools/msg/rosidl_typesupport_fastrtps_cpp__visibility_control.h
[44.007s] -- Symlinking: /home/zhenzhen/ros2/robodog-yunnan-elec/install/ros2_tools/include/ros2_tools/ros2_tools/msg/detail/lidar_pose__rosidl_typesupport_introspection_c.h
[44.026s] -- Symlinking: /home/zhenzhen/ros2/robodog-yunnan-elec/install/ros2_tools/include/ros2_tools/ros2_tools/msg/rosidl_typesupport_introspection_c__visibility_control.h
[44.045s] -- Symlinking: /home/zhenzhen/ros2/robodog-yunnan-elec/install/ros2_tools/include/ros2_tools/ros2_tools/msg/detail/lidar_pose__rosidl_typesupport_introspection_cpp.hpp
[44.063s] -- Symlinking: /home/zhenzhen/ros2/robodog-yunnan-elec/install/ros2_tools/share/ament_index/resource_index/rust_packages/ros2_tools
[44.085s] -- Symlinking: /home/zhenzhen/ros2/robodog-yunnan-elec/install/ros2_tools/share/ros2_tools/rust/Cargo.toml
[44.102s] -- Symlinking: /home/zhenzhen/ros2/robodog-yunnan-elec/install/ros2_tools/share/ros2_tools/rust/build.rs
[44.121s] -- Symlinking: /home/zhenzhen/ros2/robodog-yunnan-elec/install/ros2_tools/share/ros2_tools/rust/src/lib.rs
[44.139s] -- Symlinking: /home/zhenzhen/ros2/robodog-yunnan-elec/install/ros2_tools/share/ros2_tools/rust/src/msg.rs
[44.158s] -- Symlinking: /home/zhenzhen/ros2/robodog-yunnan-elec/install/ros2_tools/share/ros2_tools/environment/pythonpath.sh
[44.177s] -- Symlinking: /home/zhenzhen/ros2/robodog-yunnan-elec/install/ros2_tools/share/ros2_tools/environment/pythonpath.dsv
[44.196s] -- Symlinking: /home/zhenzhen/ros2/robodog-yunnan-elec/install/ros2_tools/local/lib/python3.10/dist-packages/ros2_tools-0.0.0-py3.10.egg-info/PKG-INFO
[44.215s] -- Symlinking: /home/zhenzhen/ros2/robodog-yunnan-elec/install/ros2_tools/local/lib/python3.10/dist-packages/ros2_tools-0.0.0-py3.10.egg-info/SOURCES.txt
[44.233s] -- Symlinking: /home/zhenzhen/ros2/robodog-yunnan-elec/install/ros2_tools/local/lib/python3.10/dist-packages/ros2_tools-0.0.0-py3.10.egg-info/dependency_links.txt
[44.251s] -- Symlinking: /home/zhenzhen/ros2/robodog-yunnan-elec/install/ros2_tools/local/lib/python3.10/dist-packages/ros2_tools-0.0.0-py3.10.egg-info/top_level.txt
[44.270s] -- Symlinking: /home/zhenzhen/ros2/robodog-yunnan-elec/install/ros2_tools/local/lib/python3.10/dist-packages/ros2_tools/__init__.py
[44.288s] -- Symlinking: /home/zhenzhen/ros2/robodog-yunnan-elec/install/ros2_tools/local/lib/python3.10/dist-packages/ros2_tools/_ros2_tools_s.ep.rosidl_typesupport_c.c
[44.307s] -- Symlinking: /home/zhenzhen/ros2/robodog-yunnan-elec/install/ros2_tools/local/lib/python3.10/dist-packages/ros2_tools/_ros2_tools_s.ep.rosidl_typesupport_fastrtps_c.c
[44.325s] -- Symlinking: /home/zhenzhen/ros2/robodog-yunnan-elec/install/ros2_tools/local/lib/python3.10/dist-packages/ros2_tools/_ros2_tools_s.ep.rosidl_typesupport_introspection_c.c
[44.343s] -- Symlinking: /home/zhenzhen/ros2/robodog-yunnan-elec/install/ros2_tools/local/lib/python3.10/dist-packages/ros2_tools/libros2_tools__rosidl_generator_py.so
[44.362s] -- Symlinking: /home/zhenzhen/ros2/robodog-yunnan-elec/install/ros2_tools/local/lib/python3.10/dist-packages/ros2_tools/msg/__init__.py
[44.381s] -- Symlinking: /home/zhenzhen/ros2/robodog-yunnan-elec/install/ros2_tools/local/lib/python3.10/dist-packages/ros2_tools/msg/_lidar_pose.py
[44.400s] -- Symlinking: /home/zhenzhen/ros2/robodog-yunnan-elec/install/ros2_tools/local/lib/python3.10/dist-packages/ros2_tools/msg/_lidar_pose_s.c
[44.421s] -- Symlinking: /home/zhenzhen/ros2/robodog-yunnan-elec/install/ros2_tools/local/lib/python3.10/dist-packages/ros2_tools/ros2_tools_s__rosidl_typesupport_c.cpython-310-aarch64-linux-gnu.so
[44.441s] -- Symlinking: /home/zhenzhen/ros2/robodog-yunnan-elec/install/ros2_tools/local/lib/python3.10/dist-packages/ros2_tools/ros2_tools_s__rosidl_typesupport_fastrtps_c.cpython-310-aarch64-linux-gnu.so
[44.460s] -- Symlinking: /home/zhenzhen/ros2/robodog-yunnan-elec/install/ros2_tools/local/lib/python3.10/dist-packages/ros2_tools/ros2_tools_s__rosidl_typesupport_introspection_c.cpython-310-aarch64-linux-gnu.so
[44.479s] -- Up-to-date symlink: /home/zhenzhen/ros2/robodog-yunnan-elec/install/ros2_tools/local/lib/python3.10/dist-packages/ros2_tools/ros2_tools_s__rosidl_typesupport_fastrtps_c.cpython-310-aarch64-linux-gnu.so
[44.480s] -- Up-to-date symlink: /home/zhenzhen/ros2/robodog-yunnan-elec/install/ros2_tools/local/lib/python3.10/dist-packages/ros2_tools/ros2_tools_s__rosidl_typesupport_introspection_c.cpython-310-aarch64-linux-gnu.so
[44.480s] -- Up-to-date symlink: /home/zhenzhen/ros2/robodog-yunnan-elec/install/ros2_tools/local/lib/python3.10/dist-packages/ros2_tools/ros2_tools_s__rosidl_typesupport_c.cpython-310-aarch64-linux-gnu.so
[44.480s] -- Symlinking: /home/zhenzhen/ros2/robodog-yunnan-elec/install/ros2_tools/share/ros2_tools/msg/LidarPose.idl
[44.499s] -- Symlinking: /home/zhenzhen/ros2/robodog-yunnan-elec/install/ros2_tools/share/ros2_tools/msg/LidarPose.msg
[44.518s] -- Symlinking: /home/zhenzhen/ros2/robodog-yunnan-elec/install/ros2_tools/lib/ros2_tools/lidar_data_node
[44.537s] -- Symlinking: /home/zhenzhen/ros2/robodog-yunnan-elec/install/ros2_tools/lib/ros2_tools/lidar_to_px4_bridge
[44.557s] -- Symlinking: /home/zhenzhen/ros2/robodog-yunnan-elec/install/ros2_tools/lib/ros2_tools/ground_camera_node
[44.576s] -- Up-to-date symlink: /home/zhenzhen/ros2/robodog-yunnan-elec/install/ros2_tools/lib/ros2_tools/lidar_to_px4_bridge
[44.577s] -- Up-to-date symlink: /home/zhenzhen/ros2/robodog-yunnan-elec/install/ros2_tools/share/ros2_tools/msg/LidarPose.msg
[44.577s] -- Symlinking: /home/zhenzhen/ros2/robodog-yunnan-elec/install/ros2_tools/share/ament_index/resource_index/package_run_dependencies/ros2_tools
[44.596s] -- Symlinking: /home/zhenzhen/ros2/robodog-yunnan-elec/install/ros2_tools/share/ament_index/resource_index/parent_prefix_path/ros2_tools
[44.614s] -- Symlinking: /home/zhenzhen/ros2/robodog-yunnan-elec/install/ros2_tools/share/ros2_tools/environment/ament_prefix_path.sh
[44.632s] -- Symlinking: /home/zhenzhen/ros2/robodog-yunnan-elec/install/ros2_tools/share/ros2_tools/environment/ament_prefix_path.dsv
[44.651s] -- Symlinking: /home/zhenzhen/ros2/robodog-yunnan-elec/install/ros2_tools/share/ros2_tools/environment/path.sh
[44.669s] -- Symlinking: /home/zhenzhen/ros2/robodog-yunnan-elec/install/ros2_tools/share/ros2_tools/environment/path.dsv
[44.688s] -- Symlinking: /home/zhenzhen/ros2/robodog-yunnan-elec/install/ros2_tools/share/ros2_tools/local_setup.bash
[44.706s] -- Symlinking: /home/zhenzhen/ros2/robodog-yunnan-elec/install/ros2_tools/share/ros2_tools/local_setup.sh
[44.725s] -- Symlinking: /home/zhenzhen/ros2/robodog-yunnan-elec/install/ros2_tools/share/ros2_tools/local_setup.zsh
[44.743s] -- Symlinking: /home/zhenzhen/ros2/robodog-yunnan-elec/install/ros2_tools/share/ros2_tools/local_setup.dsv
[44.761s] -- Symlinking: /home/zhenzhen/ros2/robodog-yunnan-elec/install/ros2_tools/share/ros2_tools/package.dsv
[44.780s] -- Symlinking: /home/zhenzhen/ros2/robodog-yunnan-elec/install/ros2_tools/share/ament_index/resource_index/packages/ros2_tools
[44.798s] -- Symlinking: /home/zhenzhen/ros2/robodog-yunnan-elec/install/ros2_tools/share/ros2_tools/cmake/rosidl_cmake-extras.cmake
[44.818s] -- Symlinking: /home/zhenzhen/ros2/robodog-yunnan-elec/install/ros2_tools/share/ros2_tools/cmake/ament_cmake_export_include_directories-extras.cmake
[44.837s] -- Symlinking: /home/zhenzhen/ros2/robodog-yunnan-elec/install/ros2_tools/share/ros2_tools/cmake/ament_cmake_export_libraries-extras.cmake
[44.858s] -- Symlinking: /home/zhenzhen/ros2/robodog-yunnan-elec/install/ros2_tools/share/ros2_tools/cmake/ament_cmake_export_targets-extras.cmake
[44.877s] -- Symlinking: /home/zhenzhen/ros2/robodog-yunnan-elec/install/ros2_tools/share/ros2_tools/cmake/rosidl_cmake_export_typesupport_targets-extras.cmake
[44.895s] -- Symlinking: /home/zhenzhen/ros2/robodog-yunnan-elec/install/ros2_tools/share/ros2_tools/cmake/ament_cmake_export_dependencies-extras.cmake
[44.914s] -- Symlinking: /home/zhenzhen/ros2/robodog-yunnan-elec/install/ros2_tools/share/ros2_tools/cmake/rosidl_cmake_export_typesupport_libraries-extras.cmake
[44.933s] -- Symlinking: /home/zhenzhen/ros2/robodog-yunnan-elec/install/ros2_tools/share/ros2_tools/cmake/ros2_toolsConfig.cmake
[44.952s] -- Symlinking: /home/zhenzhen/ros2/robodog-yunnan-elec/install/ros2_tools/share/ros2_tools/cmake/ros2_toolsConfig-version.cmake
[44.971s] -- Symlinking: /home/zhenzhen/ros2/robodog-yunnan-elec/install/ros2_tools/share/ros2_tools/package.xml
[44.989s] -- Installing: /home/zhenzhen/ros2/robodog-yunnan-elec/install/ros2_tools/lib/libros2_tools__rosidl_generator_c.so
[44.989s] -- Set runtime path of "/home/zhenzhen/ros2/robodog-yunnan-elec/install/ros2_tools/lib/libros2_tools__rosidl_generator_c.so" to ""
[44.990s] -- Installing: /home/zhenzhen/ros2/robodog-yunnan-elec/install/ros2_tools/lib/libros2_tools__rosidl_typesupport_fastrtps_c.so
[44.990s] -- Set runtime path of "/home/zhenzhen/ros2/robodog-yunnan-elec/install/ros2_tools/lib/libros2_tools__rosidl_typesupport_fastrtps_c.so" to ""
[44.990s] -- Installing: /home/zhenzhen/ros2/robodog-yunnan-elec/install/ros2_tools/lib/libros2_tools__rosidl_typesupport_fastrtps_cpp.so
[44.990s] -- Set runtime path of "/home/zhenzhen/ros2/robodog-yunnan-elec/install/ros2_tools/lib/libros2_tools__rosidl_typesupport_fastrtps_cpp.so" to ""
[44.990s] -- Installing: /home/zhenzhen/ros2/robodog-yunnan-elec/install/ros2_tools/lib/libros2_tools__rosidl_typesupport_introspection_c.so
[44.991s] -- Set runtime path of "/home/zhenzhen/ros2/robodog-yunnan-elec/install/ros2_tools/lib/libros2_tools__rosidl_typesupport_introspection_c.so" to ""
[44.991s] -- Installing: /home/zhenzhen/ros2/robodog-yunnan-elec/install/ros2_tools/lib/libros2_tools__rosidl_typesupport_c.so
[44.991s] -- Set runtime path of "/home/zhenzhen/ros2/robodog-yunnan-elec/install/ros2_tools/lib/libros2_tools__rosidl_typesupport_c.so" to ""
[44.991s] -- Installing: /home/zhenzhen/ros2/robodog-yunnan-elec/install/ros2_tools/lib/libros2_tools__rosidl_typesupport_introspection_cpp.so
[44.992s] -- Set runtime path of "/home/zhenzhen/ros2/robodog-yunnan-elec/install/ros2_tools/lib/libros2_tools__rosidl_typesupport_introspection_cpp.so" to ""
[44.992s] -- Installing: /home/zhenzhen/ros2/robodog-yunnan-elec/install/ros2_tools/lib/libros2_tools__rosidl_typesupport_cpp.so
[44.992s] -- Set runtime path of "/home/zhenzhen/ros2/robodog-yunnan-elec/install/ros2_tools/lib/libros2_tools__rosidl_typesupport_cpp.so" to ""
[45.080s] Listing '/home/zhenzhen/ros2/robodog-yunnan-elec/install/ros2_tools/local/lib/python3.10/dist-packages/ros2_tools'...
[45.081s] Compiling '/home/zhenzhen/ros2/robodog-yunnan-elec/install/ros2_tools/local/lib/python3.10/dist-packages/ros2_tools/__init__.py'...
[45.081s] Listing '/home/zhenzhen/ros2/robodog-yunnan-elec/install/ros2_tools/local/lib/python3.10/dist-packages/ros2_tools/msg'...
[45.081s] Compiling '/home/zhenzhen/ros2/robodog-yunnan-elec/install/ros2_tools/local/lib/python3.10/dist-packages/ros2_tools/msg/__init__.py'...
[45.081s] Compiling '/home/zhenzhen/ros2/robodog-yunnan-elec/install/ros2_tools/local/lib/python3.10/dist-packages/ros2_tools/msg/_lidar_pose.py'...
[45.091s] -- Installing: /home/zhenzhen/ros2/robodog-yunnan-elec/install/ros2_tools/lib/libros2_tools__rosidl_generator_py.so
[45.091s] -- Set runtime path of "/home/zhenzhen/ros2/robodog-yunnan-elec/install/ros2_tools/lib/libros2_tools__rosidl_generator_py.so" to ""
[45.092s] -- Installing: /home/zhenzhen/ros2/robodog-yunnan-elec/install/ros2_tools/share/ros2_tools/cmake/export_ros2_tools__rosidl_generator_cExport.cmake
[45.092s] -- Installing: /home/zhenzhen/ros2/robodog-yunnan-elec/install/ros2_tools/share/ros2_tools/cmake/export_ros2_tools__rosidl_generator_cExport-noconfig.cmake
[45.092s] -- Installing: /home/zhenzhen/ros2/robodog-yunnan-elec/install/ros2_tools/share/ros2_tools/cmake/export_ros2_tools__rosidl_typesupport_fastrtps_cExport.cmake
[45.092s] -- Installing: /home/zhenzhen/ros2/robodog-yunnan-elec/install/ros2_tools/share/ros2_tools/cmake/export_ros2_tools__rosidl_typesupport_fastrtps_cExport-noconfig.cmake
[45.093s] -- Installing: /home/zhenzhen/ros2/robodog-yunnan-elec/install/ros2_tools/share/ros2_tools/cmake/export_ros2_tools__rosidl_generator_cppExport.cmake
[45.093s] -- Installing: /home/zhenzhen/ros2/robodog-yunnan-elec/install/ros2_tools/share/ros2_tools/cmake/export_ros2_tools__rosidl_typesupport_fastrtps_cppExport.cmake
[45.093s] -- Installing: /home/zhenzhen/ros2/robodog-yunnan-elec/install/ros2_tools/share/ros2_tools/cmake/export_ros2_tools__rosidl_typesupport_fastrtps_cppExport-noconfig.cmake
[45.093s] -- Installing: /home/zhenzhen/ros2/robodog-yunnan-elec/install/ros2_tools/share/ros2_tools/cmake/ros2_tools__rosidl_typesupport_introspection_cExport.cmake
[45.093s] -- Installing: /home/zhenzhen/ros2/robodog-yunnan-elec/install/ros2_tools/share/ros2_tools/cmake/ros2_tools__rosidl_typesupport_introspection_cExport-noconfig.cmake
[45.094s] -- Installing: /home/zhenzhen/ros2/robodog-yunnan-elec/install/ros2_tools/share/ros2_tools/cmake/ros2_tools__rosidl_typesupport_cExport.cmake
[45.094s] -- Installing: /home/zhenzhen/ros2/robodog-yunnan-elec/install/ros2_tools/share/ros2_tools/cmake/ros2_tools__rosidl_typesupport_cExport-noconfig.cmake
[45.094s] -- Installing: /home/zhenzhen/ros2/robodog-yunnan-elec/install/ros2_tools/share/ros2_tools/cmake/ros2_tools__rosidl_typesupport_introspection_cppExport.cmake
[45.094s] -- Installing: /home/zhenzhen/ros2/robodog-yunnan-elec/install/ros2_tools/share/ros2_tools/cmake/ros2_tools__rosidl_typesupport_introspection_cppExport-noconfig.cmake
[45.095s] -- Installing: /home/zhenzhen/ros2/robodog-yunnan-elec/install/ros2_tools/share/ros2_tools/cmake/ros2_tools__rosidl_typesupport_cppExport.cmake
[45.095s] -- Installing: /home/zhenzhen/ros2/robodog-yunnan-elec/install/ros2_tools/share/ros2_tools/cmake/ros2_tools__rosidl_typesupport_cppExport-noconfig.cmake
[45.095s] -- Installing: /home/zhenzhen/ros2/robodog-yunnan-elec/install/ros2_tools/share/ros2_tools/cmake/export_ros2_tools__rosidl_generator_pyExport.cmake
[45.095s] -- Installing: /home/zhenzhen/ros2/robodog-yunnan-elec/install/ros2_tools/share/ros2_tools/cmake/export_ros2_tools__rosidl_generator_pyExport-noconfig.cmake
[45.101s] Invoked command in '/home/zhenzhen/ros2/robodog-yunnan-elec/build/ros2_tools' returned '0': CMAKE_PREFIX_PATH=${CMAKE_PREFIX_PATH}:/home/zhenzhen/ros2/Quadcopter/install/yolip:/home/zhenzhen/ros2/Quadcopter/install/vision_py:/home/zhenzhen/ros2/ros2_rust/install/examples_worker_demo:/home/zhenzhen/ros2/ros2_rust/install/examples_rclrs_minimal_pub_sub:/home/zhenzhen/ros2/ros2_rust/install/examples_rclrs_minimal_client_service:/home/zhenzhen/ros2/ros2_rust/install/examples_parameter_demo:/home/zhenzhen/ros2/ros2_rust/install/examples_logging_demo:/home/zhenzhen/ros2/ros2_rust/install/sensor_msgs_py:/home/zhenzhen/ros2/ros2_rust/install/rust_pubsub:/home/zhenzhen/ros2/ros2_rust/install/examples_rclrs_message_demo:/home/zhenzhen/ros2/ros2_rust/install/rosidl_runtime_rs:/home/zhenzhen/ros2/ros2_rust/install/rclrs:/opt/ros/humble /usr/bin/cmake --install /home/zhenzhen/ros2/robodog-yunnan-elec/build/ros2_tools
