[0.227s] colcon DEBUG Command line arguments: ['/usr/bin/colcon', 'build', '--packages-select', 'core_2026']
[0.227s] colcon DEBUG Parsed command line arguments: Namespace(log_base=None, log_level=None, verb_name='build', build_base='build', install_base='install', merge_install=False, symlink_install=False, test_result_base=None, continue_on_error=False, executor='parallel', parallel_workers=6, event_handlers=None, ignore_user_meta=False, metas=['./colcon.meta'], base_paths=['.'], packages_ignore=None, packages_ignore_regex=None, paths=None, packages_up_to=None, packages_up_to_regex=None, packages_above=None, packages_above_and_dependencies=None, packages_above_depth=None, packages_select_by_dep=None, packages_skip_by_dep=None, packages_skip_up_to=None, packages_select_build_failed=False, packages_skip_build_finished=False, packages_select_test_failures=False, packages_skip_test_passed=False, packages_select=['core_2026'], packages_skip=None, packages_select_regex=None, packages_skip_regex=None, packages_start=None, packages_end=None, allow_overriding=[], cargo_args=None, clean_build=False, cmake_args=None, cmake_target=None, cmake_target_skip_unavailable=False, cmake_clean_cache=False, cmake_clean_first=False, cmake_force_configure=False, lookup_in_workspace=False, ament_cmake_args=None, catkin_cmake_args=None, catkin_skip_building_tests=False, verb_parser=<colcon_defaults.argument_parser.defaults.DefaultArgumentsDecorator object at 0xffff88f21210>, verb_extension=<colcon_core.verb.build.BuildVerb object at 0xffff890c2fb0>, main=<bound method BuildVerb.main of <colcon_core.verb.build.BuildVerb object at 0xffff890c2fb0>>)
[0.544s] colcon.colcon_core.package_discovery Level 1 discover_packages(colcon_meta) check parameters
[0.545s] colcon.colcon_core.package_discovery Level 1 discover_packages(recursive) check parameters
[0.545s] colcon.colcon_core.package_discovery Level 1 discover_packages(ignore) check parameters
[0.545s] colcon.colcon_core.package_discovery Level 1 discover_packages(path) check parameters
[0.545s] colcon.colcon_core.package_discovery Level 1 discover_packages(colcon_meta) discover
[0.545s] colcon.colcon_core.package_discovery Level 1 discover_packages(recursive) discover
[0.545s] colcon.colcon_core.package_discovery INFO Crawling recursively for packages in '/home/zhenzhen/ros2/robodog-yunnan-elec'
[0.545s] colcon.colcon_core.package_identification Level 1 _identify(.) by extensions ['ignore', 'ignore_ament_install']
[0.546s] colcon.colcon_core.package_identification Level 1 _identify(.) by extension 'ignore'
[0.546s] colcon.colcon_core.package_identification Level 1 _identify(.) by extension 'ignore_ament_install'
[0.546s] colcon.colcon_core.package_identification Level 1 _identify(.) by extensions ['colcon_pkg']
[0.546s] colcon.colcon_core.package_identification Level 1 _identify(.) by extension 'colcon_pkg'
[0.546s] colcon.colcon_core.package_identification Level 1 _identify(.) by extensions ['colcon_meta']
[0.546s] colcon.colcon_core.package_identification Level 1 _identify(.) by extension 'colcon_meta'
[0.546s] colcon.colcon_core.package_identification Level 1 _identify(.) by extensions ['ros']
[0.546s] colcon.colcon_core.package_identification Level 1 _identify(.) by extension 'ros'
[0.591s] colcon.colcon_core.package_identification Level 1 _identify(.) by extensions ['cargo', 'cmake', 'python']
[0.591s] colcon.colcon_core.package_identification Level 1 _identify(.) by extension 'cargo'
[0.592s] colcon.colcon_core.package_identification Level 1 _identify(.) by extension 'cmake'
[0.592s] colcon.colcon_core.package_identification Level 1 _identify(.) by extension 'python'
[0.592s] colcon.colcon_core.package_identification Level 1 _identify(.) by extensions ['python_setup_py']
[0.592s] colcon.colcon_core.package_identification Level 1 _identify(.) by extension 'python_setup_py'
[0.592s] colcon.colcon_core.package_identification Level 1 _identify(build) by extensions ['ignore', 'ignore_ament_install']
[0.592s] colcon.colcon_core.package_identification Level 1 _identify(build) by extension 'ignore'
[0.592s] colcon.colcon_core.package_identification Level 1 _identify(build) ignored
[0.593s] colcon.colcon_core.package_identification Level 1 _identify(core_2026) by extensions ['ignore', 'ignore_ament_install']
[0.593s] colcon.colcon_core.package_identification Level 1 _identify(core_2026) by extension 'ignore'
[0.593s] colcon.colcon_core.package_identification Level 1 _identify(core_2026) by extension 'ignore_ament_install'
[0.593s] colcon.colcon_core.package_identification Level 1 _identify(core_2026) by extensions ['colcon_pkg']
[0.593s] colcon.colcon_core.package_identification Level 1 _identify(core_2026) by extension 'colcon_pkg'
[0.593s] colcon.colcon_core.package_identification Level 1 _identify(core_2026) by extensions ['colcon_meta']
[0.593s] colcon.colcon_core.package_identification Level 1 _identify(core_2026) by extension 'colcon_meta'
[0.593s] colcon.colcon_core.package_identification Level 1 _identify(core_2026) by extensions ['ros']
[0.593s] colcon.colcon_core.package_identification Level 1 _identify(core_2026) by extension 'ros'
[0.598s] colcon.colcon_core.package_identification DEBUG Package 'core_2026' with type 'ros.ament_cmake' and name 'core_2026'
[0.599s] colcon.colcon_core.package_identification Level 1 _identify(install) by extensions ['ignore', 'ignore_ament_install']
[0.599s] colcon.colcon_core.package_identification Level 1 _identify(install) by extension 'ignore'
[0.599s] colcon.colcon_core.package_identification Level 1 _identify(install) ignored
[0.599s] colcon.colcon_core.package_identification Level 1 _identify(log) by extensions ['ignore', 'ignore_ament_install']
[0.599s] colcon.colcon_core.package_identification Level 1 _identify(log) by extension 'ignore'
[0.599s] colcon.colcon_core.package_identification Level 1 _identify(log) ignored
[0.600s] colcon.colcon_core.package_identification Level 1 _identify(messages) by extensions ['ignore', 'ignore_ament_install']
[0.600s] colcon.colcon_core.package_identification Level 1 _identify(messages) by extension 'ignore'
[0.600s] colcon.colcon_core.package_identification Level 1 _identify(messages) by extension 'ignore_ament_install'
[0.600s] colcon.colcon_core.package_identification Level 1 _identify(messages) by extensions ['colcon_pkg']
[0.600s] colcon.colcon_core.package_identification Level 1 _identify(messages) by extension 'colcon_pkg'
[0.600s] colcon.colcon_core.package_identification Level 1 _identify(messages) by extensions ['colcon_meta']
[0.600s] colcon.colcon_core.package_identification Level 1 _identify(messages) by extension 'colcon_meta'
[0.600s] colcon.colcon_core.package_identification Level 1 _identify(messages) by extensions ['ros']
[0.600s] colcon.colcon_core.package_identification Level 1 _identify(messages) by extension 'ros'
[0.602s] colcon.colcon_core.package_identification DEBUG Package 'messages' with type 'ros.ament_cmake' and name 'messages'
[0.602s] colcon.colcon_core.package_identification Level 1 _identify(ros2_tools) by extensions ['ignore', 'ignore_ament_install']
[0.602s] colcon.colcon_core.package_identification Level 1 _identify(ros2_tools) by extension 'ignore'
[0.602s] colcon.colcon_core.package_identification Level 1 _identify(ros2_tools) by extension 'ignore_ament_install'
[0.602s] colcon.colcon_core.package_identification Level 1 _identify(ros2_tools) by extensions ['colcon_pkg']
[0.602s] colcon.colcon_core.package_identification Level 1 _identify(ros2_tools) by extension 'colcon_pkg'
[0.602s] colcon.colcon_core.package_identification Level 1 _identify(ros2_tools) by extensions ['colcon_meta']
[0.602s] colcon.colcon_core.package_identification Level 1 _identify(ros2_tools) by extension 'colcon_meta'
[0.602s] colcon.colcon_core.package_identification Level 1 _identify(ros2_tools) by extensions ['ros']
[0.602s] colcon.colcon_core.package_identification Level 1 _identify(ros2_tools) by extension 'ros'
[0.604s] colcon.colcon_core.package_identification DEBUG Package 'ros2_tools' with type 'ros.ament_cmake' and name 'ros2_tools'
[0.604s] colcon.colcon_core.package_discovery Level 1 discover_packages(recursive) using defaults
[0.604s] colcon.colcon_core.package_discovery Level 1 discover_packages(ignore) discover
[0.605s] colcon.colcon_core.package_discovery Level 1 discover_packages(ignore) using defaults
[0.605s] colcon.colcon_core.package_discovery Level 1 discover_packages(path) discover
[0.605s] colcon.colcon_core.package_discovery Level 1 discover_packages(path) using defaults
[0.634s] colcon.colcon_core.package_selection INFO Skipping not selected package 'messages' in 'messages'
[0.634s] colcon.colcon_core.package_selection INFO Skipping not selected package 'ros2_tools' in 'ros2_tools'
[0.635s] colcon.colcon_core.package_discovery Level 1 discover_packages(prefix_path) check parameters
[0.635s] colcon.colcon_core.package_discovery Level 1 discover_packages(prefix_path) discover
[0.637s] colcon.colcon_core.prefix_path.colcon WARNING The path '/home/zhenzhen/ros2/Quadcopter/install' in the environment variable COLCON_PREFIX_PATH doesn't exist
[0.637s] colcon.colcon_ros.prefix_path.ament WARNING The path '/home/zhenzhen/ros2/Quadcopter/install/yolip' in the environment variable AMENT_PREFIX_PATH doesn't exist
[0.637s] colcon.colcon_ros.prefix_path.ament WARNING The path '/home/zhenzhen/ros2/Quadcopter/install/core_2026' in the environment variable AMENT_PREFIX_PATH doesn't exist
[0.637s] colcon.colcon_ros.prefix_path.ament WARNING The path '/home/zhenzhen/ros2/Quadcopter/install/vision_py' in the environment variable AMENT_PREFIX_PATH doesn't exist
[0.637s] colcon.colcon_ros.prefix_path.ament WARNING The path '/home/zhenzhen/ros2/Quadcopter/install/ros2_tools' in the environment variable AMENT_PREFIX_PATH doesn't exist
[0.637s] colcon.colcon_ros.prefix_path.ament WARNING The path '/home/zhenzhen/ros2/Quadcopter/install/messages' in the environment variable AMENT_PREFIX_PATH doesn't exist
[0.637s] colcon.colcon_ros.prefix_path.ament WARNING The path '/home/zhenzhen/ros2/Quadcopter/install/cv_tools' in the environment variable AMENT_PREFIX_PATH doesn't exist
[0.640s] colcon.colcon_ros.prefix_path.catkin WARNING The path '/home/zhenzhen/ros2/Quadcopter/install/core_2026' in the environment variable CMAKE_PREFIX_PATH doesn't exist
[0.641s] colcon.colcon_ros.prefix_path.catkin WARNING The path '/home/zhenzhen/ros2/Quadcopter/install/ros2_tools' in the environment variable CMAKE_PREFIX_PATH doesn't exist
[0.641s] colcon.colcon_ros.prefix_path.catkin WARNING The path '/home/zhenzhen/ros2/Quadcopter/install/messages' in the environment variable CMAKE_PREFIX_PATH doesn't exist
[0.641s] colcon.colcon_ros.prefix_path.catkin WARNING The path '/home/zhenzhen/ros2/Quadcopter/install/cv_tools' in the environment variable CMAKE_PREFIX_PATH doesn't exist
[0.642s] colcon.colcon_installed_package_information.package_discovery DEBUG Found 3 installed packages in /home/zhenzhen/ros2/robodog-yunnan-elec/install
[0.643s] colcon.colcon_installed_package_information.package_discovery DEBUG Found 1 installed packages in /home/zhenzhen/ros2/Point-LIO/install
[0.644s] colcon.colcon_installed_package_information.package_discovery DEBUG Found 2 installed packages in /home/zhenzhen/ros2/ws_livox/install
[0.644s] colcon.colcon_installed_package_information.package_discovery DEBUG Found 7 installed packages in /home/zhenzhen/ros2/mavros/install
[0.647s] colcon.colcon_installed_package_information.package_discovery DEBUG Found 37 installed packages in /home/zhenzhen/ros2/ros2_rust/install
[0.649s] colcon.colcon_installed_package_information.package_discovery DEBUG Found 379 installed packages in /opt/ros/humble
[0.656s] colcon.colcon_core.package_discovery Level 1 discover_packages(prefix_path) using defaults
[0.733s] colcon.colcon_core.verb Level 5 set package 'core_2026' build argument 'cargo_args' from command line to 'None'
[0.733s] colcon.colcon_core.verb Level 5 set package 'core_2026' build argument 'clean_build' from command line to 'False'
[0.733s] colcon.colcon_core.verb Level 5 set package 'core_2026' build argument 'cmake_args' from command line to 'None'
[0.733s] colcon.colcon_core.verb Level 5 set package 'core_2026' build argument 'cmake_target' from command line to 'None'
[0.733s] colcon.colcon_core.verb Level 5 set package 'core_2026' build argument 'cmake_target_skip_unavailable' from command line to 'False'
[0.733s] colcon.colcon_core.verb Level 5 set package 'core_2026' build argument 'cmake_clean_cache' from command line to 'False'
[0.733s] colcon.colcon_core.verb Level 5 set package 'core_2026' build argument 'cmake_clean_first' from command line to 'False'
[0.733s] colcon.colcon_core.verb Level 5 set package 'core_2026' build argument 'cmake_force_configure' from command line to 'False'
[0.733s] colcon.colcon_core.verb Level 5 set package 'core_2026' build argument 'lookup_in_workspace' from command line to 'False'
[0.733s] colcon.colcon_core.verb Level 5 set package 'core_2026' build argument 'ament_cmake_args' from command line to 'None'
[0.733s] colcon.colcon_core.verb Level 5 set package 'core_2026' build argument 'catkin_cmake_args' from command line to 'None'
[0.733s] colcon.colcon_core.verb Level 5 set package 'core_2026' build argument 'catkin_skip_building_tests' from command line to 'False'
[0.733s] colcon.colcon_core.verb DEBUG Building package 'core_2026' with the following arguments: {'ament_cmake_args': None, 'build_base': '/home/zhenzhen/ros2/robodog-yunnan-elec/build/core_2026', 'cargo_args': None, 'catkin_cmake_args': None, 'catkin_skip_building_tests': False, 'clean_build': False, 'cmake_args': None, 'cmake_clean_cache': False, 'cmake_clean_first': False, 'cmake_force_configure': False, 'cmake_target': None, 'cmake_target_skip_unavailable': False, 'install_base': '/home/zhenzhen/ros2/robodog-yunnan-elec/install/core_2026', 'lookup_in_workspace': False, 'merge_install': False, 'path': '/home/zhenzhen/ros2/robodog-yunnan-elec/core_2026', 'symlink_install': False, 'test_result_base': None}
[0.734s] colcon.colcon_core.executor INFO Executing jobs using 'parallel' executor
[0.736s] colcon.colcon_parallel_executor.executor.parallel DEBUG run_until_complete
[0.736s] colcon.colcon_ros.task.ament_cmake.build INFO Building ROS package in '/home/zhenzhen/ros2/robodog-yunnan-elec/core_2026' with build type 'ament_cmake'
[0.736s] colcon.colcon_cmake.task.cmake.build INFO Building CMake package in '/home/zhenzhen/ros2/robodog-yunnan-elec/core_2026'
[0.740s] colcon.colcon_core.plugin_system INFO Skipping extension 'colcon_core.shell.bat': Not used on non-Windows systems
[0.741s] colcon.colcon_core.shell INFO Skip shell extension 'powershell' for command environment: Not usable outside of PowerShell
[0.741s] colcon.colcon_core.shell DEBUG Skip shell extension 'dsv' for command environment
[0.767s] colcon.colcon_core.event_handler.log_command DEBUG Invoking command in '/home/zhenzhen/ros2/robodog-yunnan-elec/build/core_2026': CMAKE_PREFIX_PATH=${CMAKE_PREFIX_PATH}:/home/zhenzhen/ros2/Quadcopter/install/yolip:/home/zhenzhen/ros2/Quadcopter/install/vision_py:/home/zhenzhen/ros2/ros2_rust/install/examples_worker_demo:/home/zhenzhen/ros2/ros2_rust/install/examples_rclrs_minimal_pub_sub:/home/zhenzhen/ros2/ros2_rust/install/examples_rclrs_minimal_client_service:/home/zhenzhen/ros2/ros2_rust/install/examples_parameter_demo:/home/zhenzhen/ros2/ros2_rust/install/examples_logging_demo:/home/zhenzhen/ros2/ros2_rust/install/sensor_msgs_py:/home/zhenzhen/ros2/ros2_rust/install/rust_pubsub:/home/zhenzhen/ros2/ros2_rust/install/examples_rclrs_message_demo:/home/zhenzhen/ros2/ros2_rust/install/rosidl_runtime_rs:/home/zhenzhen/ros2/ros2_rust/install/rclrs:/opt/ros/humble /usr/bin/cmake /home/zhenzhen/ros2/robodog-yunnan-elec/core_2026 -DCMAKE_INSTALL_PREFIX=/home/zhenzhen/ros2/robodog-yunnan-elec/install/core_2026
[2.033s] colcon.colcon_core.event_handler.log_command DEBUG Invoked command in '/home/zhenzhen/ros2/robodog-yunnan-elec/build/core_2026' returned '0': CMAKE_PREFIX_PATH=${CMAKE_PREFIX_PATH}:/home/zhenzhen/ros2/Quadcopter/install/yolip:/home/zhenzhen/ros2/Quadcopter/install/vision_py:/home/zhenzhen/ros2/ros2_rust/install/examples_worker_demo:/home/zhenzhen/ros2/ros2_rust/install/examples_rclrs_minimal_pub_sub:/home/zhenzhen/ros2/ros2_rust/install/examples_rclrs_minimal_client_service:/home/zhenzhen/ros2/ros2_rust/install/examples_parameter_demo:/home/zhenzhen/ros2/ros2_rust/install/examples_logging_demo:/home/zhenzhen/ros2/ros2_rust/install/sensor_msgs_py:/home/zhenzhen/ros2/ros2_rust/install/rust_pubsub:/home/zhenzhen/ros2/ros2_rust/install/examples_rclrs_message_demo:/home/zhenzhen/ros2/ros2_rust/install/rosidl_runtime_rs:/home/zhenzhen/ros2/ros2_rust/install/rclrs:/opt/ros/humble /usr/bin/cmake /home/zhenzhen/ros2/robodog-yunnan-elec/core_2026 -DCMAKE_INSTALL_PREFIX=/home/zhenzhen/ros2/robodog-yunnan-elec/install/core_2026
[2.038s] colcon.colcon_core.event_handler.log_command DEBUG Invoking command in '/home/zhenzhen/ros2/robodog-yunnan-elec/build/core_2026': CMAKE_PREFIX_PATH=${CMAKE_PREFIX_PATH}:/home/zhenzhen/ros2/Quadcopter/install/yolip:/home/zhenzhen/ros2/Quadcopter/install/vision_py:/home/zhenzhen/ros2/ros2_rust/install/examples_worker_demo:/home/zhenzhen/ros2/ros2_rust/install/examples_rclrs_minimal_pub_sub:/home/zhenzhen/ros2/ros2_rust/install/examples_rclrs_minimal_client_service:/home/zhenzhen/ros2/ros2_rust/install/examples_parameter_demo:/home/zhenzhen/ros2/ros2_rust/install/examples_logging_demo:/home/zhenzhen/ros2/ros2_rust/install/sensor_msgs_py:/home/zhenzhen/ros2/ros2_rust/install/rust_pubsub:/home/zhenzhen/ros2/ros2_rust/install/examples_rclrs_message_demo:/home/zhenzhen/ros2/ros2_rust/install/rosidl_runtime_rs:/home/zhenzhen/ros2/ros2_rust/install/rclrs:/opt/ros/humble /usr/bin/cmake --build /home/zhenzhen/ros2/robodog-yunnan-elec/build/core_2026 -- -j6 -l6
[49.327s] colcon.colcon_core.event_handler.log_command DEBUG Invoked command in '/home/zhenzhen/ros2/robodog-yunnan-elec/build/core_2026' returned '2': CMAKE_PREFIX_PATH=${CMAKE_PREFIX_PATH}:/home/zhenzhen/ros2/Quadcopter/install/yolip:/home/zhenzhen/ros2/Quadcopter/install/vision_py:/home/zhenzhen/ros2/ros2_rust/install/examples_worker_demo:/home/zhenzhen/ros2/ros2_rust/install/examples_rclrs_minimal_pub_sub:/home/zhenzhen/ros2/ros2_rust/install/examples_rclrs_minimal_client_service:/home/zhenzhen/ros2/ros2_rust/install/examples_parameter_demo:/home/zhenzhen/ros2/ros2_rust/install/examples_logging_demo:/home/zhenzhen/ros2/ros2_rust/install/sensor_msgs_py:/home/zhenzhen/ros2/ros2_rust/install/rust_pubsub:/home/zhenzhen/ros2/ros2_rust/install/examples_rclrs_message_demo:/home/zhenzhen/ros2/ros2_rust/install/rosidl_runtime_rs:/home/zhenzhen/ros2/ros2_rust/install/rclrs:/opt/ros/humble /usr/bin/cmake --build /home/zhenzhen/ros2/robodog-yunnan-elec/build/core_2026 -- -j6 -l6
[49.329s] colcon.colcon_core.environment Level 1 create_environment_scripts_only(core_2026)
[49.340s] colcon.colcon_core.environment Level 1 checking '/home/zhenzhen/ros2/robodog-yunnan-elec/install/core_2026' for CMake module files
[49.341s] colcon.colcon_core.environment Level 1 checking '/home/zhenzhen/ros2/robodog-yunnan-elec/install/core_2026' for CMake config files
[49.343s] colcon.colcon_core.environment Level 1 checking '/home/zhenzhen/ros2/robodog-yunnan-elec/install/core_2026/bin'
[49.344s] colcon.colcon_core.environment Level 1 checking '/home/zhenzhen/ros2/robodog-yunnan-elec/install/core_2026/lib/pkgconfig/core_2026.pc'
[49.344s] colcon.colcon_core.environment Level 1 checking '/home/zhenzhen/ros2/robodog-yunnan-elec/install/core_2026/lib/python3.10/site-packages'
[49.345s] colcon.colcon_core.environment Level 1 checking '/home/zhenzhen/ros2/robodog-yunnan-elec/install/core_2026/bin'
[49.346s] colcon.colcon_core.shell INFO Creating package script '/home/zhenzhen/ros2/robodog-yunnan-elec/install/core_2026/share/core_2026/package.ps1'
[49.349s] colcon.colcon_core.shell INFO Creating package descriptor '/home/zhenzhen/ros2/robodog-yunnan-elec/install/core_2026/share/core_2026/package.dsv'
[49.350s] colcon.colcon_core.shell INFO Creating package script '/home/zhenzhen/ros2/robodog-yunnan-elec/install/core_2026/share/core_2026/package.sh'
[49.352s] colcon.colcon_core.shell INFO Creating package script '/home/zhenzhen/ros2/robodog-yunnan-elec/install/core_2026/share/core_2026/package.bash'
[49.354s] colcon.colcon_core.shell INFO Creating package script '/home/zhenzhen/ros2/robodog-yunnan-elec/install/core_2026/share/core_2026/package.zsh'
[49.355s] colcon.colcon_core.environment Level 1 create_file_with_runtime_dependencies(/home/zhenzhen/ros2/robodog-yunnan-elec/install/core_2026/share/colcon-core/packages/core_2026)
[49.366s] colcon.colcon_parallel_executor.executor.parallel DEBUG closing loop
[49.367s] colcon.colcon_parallel_executor.executor.parallel DEBUG loop closed
[49.367s] colcon.colcon_parallel_executor.executor.parallel DEBUG run_until_complete finished with '2'
[49.367s] colcon.colcon_core.event_reactor DEBUG joining thread
[49.388s] colcon.colcon_core.plugin_system INFO Skipping extension 'colcon_notification.desktop_notification.terminal_notifier': Not used on non-Darwin systems
[49.388s] colcon.colcon_core.plugin_system INFO Skipping extension 'colcon_notification.desktop_notification.win32': Not used on non-Windows systems
[49.389s] colcon.colcon_notification.desktop_notification INFO Sending desktop notification using 'notify2'
[49.421s] colcon.colcon_notification.desktop_notification.notify2 DEBUG Failed to initialize notify2: org.freedesktop.DBus.Error.Spawn.ChildExited: Process org.freedesktop.Notifications exited with status 1
[49.422s] colcon.colcon_core.event_reactor DEBUG joined thread
[49.423s] colcon.colcon_core.shell INFO Creating prefix script '/home/zhenzhen/ros2/robodog-yunnan-elec/install/local_setup.ps1'
[49.427s] colcon.colcon_core.shell INFO Creating prefix util module '/home/zhenzhen/ros2/robodog-yunnan-elec/install/_local_setup_util_ps1.py'
[49.432s] colcon.colcon_core.shell INFO Creating prefix chain script '/home/zhenzhen/ros2/robodog-yunnan-elec/install/setup.ps1'
[49.443s] colcon.colcon_core.shell INFO Creating prefix script '/home/zhenzhen/ros2/robodog-yunnan-elec/install/local_setup.sh'
[49.444s] colcon.colcon_core.shell INFO Creating prefix util module '/home/zhenzhen/ros2/robodog-yunnan-elec/install/_local_setup_util_sh.py'
[49.446s] colcon.colcon_core.shell INFO Creating prefix chain script '/home/zhenzhen/ros2/robodog-yunnan-elec/install/setup.sh'
[49.456s] colcon.colcon_core.shell INFO Creating prefix script '/home/zhenzhen/ros2/robodog-yunnan-elec/install/local_setup.bash'
[49.458s] colcon.colcon_core.shell INFO Creating prefix chain script '/home/zhenzhen/ros2/robodog-yunnan-elec/install/setup.bash'
[49.466s] colcon.colcon_core.shell INFO Creating prefix script '/home/zhenzhen/ros2/robodog-yunnan-elec/install/local_setup.zsh'
[49.469s] colcon.colcon_core.shell INFO Creating prefix chain script '/home/zhenzhen/ros2/robodog-yunnan-elec/install/setup.zsh'
