[0.227s] colcon DEBUG Command line arguments: ['/usr/bin/colcon', 'build', '--packages-select', 'ros2_tools']
[0.227s] colcon DEBUG Parsed command line arguments: Namespace(log_base=None, log_level=None, verb_name='build', build_base='build', install_base='install', merge_install=False, symlink_install=False, test_result_base=None, continue_on_error=False, executor='parallel', parallel_workers=6, event_handlers=None, ignore_user_meta=False, metas=['./colcon.meta'], base_paths=['.'], packages_ignore=None, packages_ignore_regex=None, paths=None, packages_up_to=None, packages_up_to_regex=None, packages_above=None, packages_above_and_dependencies=None, packages_above_depth=None, packages_select_by_dep=None, packages_skip_by_dep=None, packages_skip_up_to=None, packages_select_build_failed=False, packages_skip_build_finished=False, packages_select_test_failures=False, packages_skip_test_passed=False, packages_select=['ros2_tools'], packages_skip=None, packages_select_regex=None, packages_skip_regex=None, packages_start=None, packages_end=None, allow_overriding=[], cargo_args=None, clean_build=False, cmake_args=None, cmake_target=None, cmake_target_skip_unavailable=False, cmake_clean_cache=False, cmake_clean_first=False, cmake_force_configure=False, lookup_in_workspace=False, ament_cmake_args=None, catkin_cmake_args=None, catkin_skip_building_tests=False, verb_parser=<colcon_defaults.argument_parser.defaults.DefaultArgumentsDecorator object at 0xffff8349cd30>, verb_extension=<colcon_core.verb.build.BuildVerb object at 0xffff8364aad0>, main=<bound method BuildVerb.main of <colcon_core.verb.build.BuildVerb object at 0xffff8364aad0>>)
[0.548s] colcon.colcon_core.package_discovery Level 1 discover_packages(colcon_meta) check parameters
[0.549s] colcon.colcon_core.package_discovery Level 1 discover_packages(recursive) check parameters
[0.549s] colcon.colcon_core.package_discovery Level 1 discover_packages(ignore) check parameters
[0.549s] colcon.colcon_core.package_discovery Level 1 discover_packages(path) check parameters
[0.549s] colcon.colcon_core.package_discovery Level 1 discover_packages(colcon_meta) discover
[0.549s] colcon.colcon_core.package_discovery Level 1 discover_packages(recursive) discover
[0.549s] colcon.colcon_core.package_discovery INFO Crawling recursively for packages in '/home/zhenzhen/ros2/robodog-yunnan-elec'
[0.549s] colcon.colcon_core.package_identification Level 1 _identify(.) by extensions ['ignore', 'ignore_ament_install']
[0.549s] colcon.colcon_core.package_identification Level 1 _identify(.) by extension 'ignore'
[0.550s] colcon.colcon_core.package_identification Level 1 _identify(.) by extension 'ignore_ament_install'
[0.550s] colcon.colcon_core.package_identification Level 1 _identify(.) by extensions ['colcon_pkg']
[0.550s] colcon.colcon_core.package_identification Level 1 _identify(.) by extension 'colcon_pkg'
[0.550s] colcon.colcon_core.package_identification Level 1 _identify(.) by extensions ['colcon_meta']
[0.550s] colcon.colcon_core.package_identification Level 1 _identify(.) by extension 'colcon_meta'
[0.550s] colcon.colcon_core.package_identification Level 1 _identify(.) by extensions ['ros']
[0.550s] colcon.colcon_core.package_identification Level 1 _identify(.) by extension 'ros'
[0.596s] colcon.colcon_core.package_identification Level 1 _identify(.) by extensions ['cargo', 'cmake', 'python']
[0.596s] colcon.colcon_core.package_identification Level 1 _identify(.) by extension 'cargo'
[0.596s] colcon.colcon_core.package_identification Level 1 _identify(.) by extension 'cmake'
[0.596s] colcon.colcon_core.package_identification Level 1 _identify(.) by extension 'python'
[0.596s] colcon.colcon_core.package_identification Level 1 _identify(.) by extensions ['python_setup_py']
[0.597s] colcon.colcon_core.package_identification Level 1 _identify(.) by extension 'python_setup_py'
[0.597s] colcon.colcon_core.package_identification Level 1 _identify(build) by extensions ['ignore', 'ignore_ament_install']
[0.597s] colcon.colcon_core.package_identification Level 1 _identify(build) by extension 'ignore'
[0.597s] colcon.colcon_core.package_identification Level 1 _identify(build) ignored
[0.597s] colcon.colcon_core.package_identification Level 1 _identify(core_2026) by extensions ['ignore', 'ignore_ament_install']
[0.598s] colcon.colcon_core.package_identification Level 1 _identify(core_2026) by extension 'ignore'
[0.598s] colcon.colcon_core.package_identification Level 1 _identify(core_2026) by extension 'ignore_ament_install'
[0.598s] colcon.colcon_core.package_identification Level 1 _identify(core_2026) by extensions ['colcon_pkg']
[0.598s] colcon.colcon_core.package_identification Level 1 _identify(core_2026) by extension 'colcon_pkg'
[0.598s] colcon.colcon_core.package_identification Level 1 _identify(core_2026) by extensions ['colcon_meta']
[0.598s] colcon.colcon_core.package_identification Level 1 _identify(core_2026) by extension 'colcon_meta'
[0.598s] colcon.colcon_core.package_identification Level 1 _identify(core_2026) by extensions ['ros']
[0.598s] colcon.colcon_core.package_identification Level 1 _identify(core_2026) by extension 'ros'
[0.603s] colcon.colcon_core.package_identification DEBUG Package 'core_2026' with type 'ros.ament_cmake' and name 'core_2026'
[0.604s] colcon.colcon_core.package_identification Level 1 _identify(install) by extensions ['ignore', 'ignore_ament_install']
[0.604s] colcon.colcon_core.package_identification Level 1 _identify(install) by extension 'ignore'
[0.604s] colcon.colcon_core.package_identification Level 1 _identify(install) ignored
[0.604s] colcon.colcon_core.package_identification Level 1 _identify(log) by extensions ['ignore', 'ignore_ament_install']
[0.604s] colcon.colcon_core.package_identification Level 1 _identify(log) by extension 'ignore'
[0.604s] colcon.colcon_core.package_identification Level 1 _identify(log) ignored
[0.604s] colcon.colcon_core.package_identification Level 1 _identify(messages) by extensions ['ignore', 'ignore_ament_install']
[0.605s] colcon.colcon_core.package_identification Level 1 _identify(messages) by extension 'ignore'
[0.605s] colcon.colcon_core.package_identification Level 1 _identify(messages) by extension 'ignore_ament_install'
[0.605s] colcon.colcon_core.package_identification Level 1 _identify(messages) by extensions ['colcon_pkg']
[0.605s] colcon.colcon_core.package_identification Level 1 _identify(messages) by extension 'colcon_pkg'
[0.605s] colcon.colcon_core.package_identification Level 1 _identify(messages) by extensions ['colcon_meta']
[0.605s] colcon.colcon_core.package_identification Level 1 _identify(messages) by extension 'colcon_meta'
[0.605s] colcon.colcon_core.package_identification Level 1 _identify(messages) by extensions ['ros']
[0.605s] colcon.colcon_core.package_identification Level 1 _identify(messages) by extension 'ros'
[0.607s] colcon.colcon_core.package_identification DEBUG Package 'messages' with type 'ros.ament_cmake' and name 'messages'
[0.607s] colcon.colcon_core.package_identification Level 1 _identify(ros2_tools) by extensions ['ignore', 'ignore_ament_install']
[0.607s] colcon.colcon_core.package_identification Level 1 _identify(ros2_tools) by extension 'ignore'
[0.607s] colcon.colcon_core.package_identification Level 1 _identify(ros2_tools) by extension 'ignore_ament_install'
[0.607s] colcon.colcon_core.package_identification Level 1 _identify(ros2_tools) by extensions ['colcon_pkg']
[0.607s] colcon.colcon_core.package_identification Level 1 _identify(ros2_tools) by extension 'colcon_pkg'
[0.607s] colcon.colcon_core.package_identification Level 1 _identify(ros2_tools) by extensions ['colcon_meta']
[0.607s] colcon.colcon_core.package_identification Level 1 _identify(ros2_tools) by extension 'colcon_meta'
[0.607s] colcon.colcon_core.package_identification Level 1 _identify(ros2_tools) by extensions ['ros']
[0.607s] colcon.colcon_core.package_identification Level 1 _identify(ros2_tools) by extension 'ros'
[0.609s] colcon.colcon_core.package_identification DEBUG Package 'ros2_tools' with type 'ros.ament_cmake' and name 'ros2_tools'
[0.609s] colcon.colcon_core.package_discovery Level 1 discover_packages(recursive) using defaults
[0.610s] colcon.colcon_core.package_discovery Level 1 discover_packages(ignore) discover
[0.610s] colcon.colcon_core.package_discovery Level 1 discover_packages(ignore) using defaults
[0.610s] colcon.colcon_core.package_discovery Level 1 discover_packages(path) discover
[0.610s] colcon.colcon_core.package_discovery Level 1 discover_packages(path) using defaults
[0.640s] colcon.colcon_core.package_selection INFO Skipping not selected package 'messages' in 'messages'
[0.640s] colcon.colcon_core.package_selection INFO Skipping not selected package 'core_2026' in 'core_2026'
[0.641s] colcon.colcon_core.package_discovery Level 1 discover_packages(prefix_path) check parameters
[0.641s] colcon.colcon_core.package_discovery Level 1 discover_packages(prefix_path) discover
[0.642s] colcon.colcon_core.prefix_path.colcon WARNING The path '/home/zhenzhen/ros2/Quadcopter/install' in the environment variable COLCON_PREFIX_PATH doesn't exist
[0.643s] colcon.colcon_ros.prefix_path.ament WARNING The path '/home/zhenzhen/ros2/Quadcopter/install/yolip' in the environment variable AMENT_PREFIX_PATH doesn't exist
[0.643s] colcon.colcon_ros.prefix_path.ament WARNING The path '/home/zhenzhen/ros2/Quadcopter/install/core_2026' in the environment variable AMENT_PREFIX_PATH doesn't exist
[0.643s] colcon.colcon_ros.prefix_path.ament WARNING The path '/home/zhenzhen/ros2/Quadcopter/install/vision_py' in the environment variable AMENT_PREFIX_PATH doesn't exist
[0.643s] colcon.colcon_ros.prefix_path.ament WARNING The path '/home/zhenzhen/ros2/Quadcopter/install/ros2_tools' in the environment variable AMENT_PREFIX_PATH doesn't exist
[0.643s] colcon.colcon_ros.prefix_path.ament WARNING The path '/home/zhenzhen/ros2/Quadcopter/install/messages' in the environment variable AMENT_PREFIX_PATH doesn't exist
[0.643s] colcon.colcon_ros.prefix_path.ament WARNING The path '/home/zhenzhen/ros2/Quadcopter/install/cv_tools' in the environment variable AMENT_PREFIX_PATH doesn't exist
[0.646s] colcon.colcon_ros.prefix_path.catkin WARNING The path '/home/zhenzhen/ros2/Quadcopter/install/core_2026' in the environment variable CMAKE_PREFIX_PATH doesn't exist
[0.646s] colcon.colcon_ros.prefix_path.catkin WARNING The path '/home/zhenzhen/ros2/Quadcopter/install/ros2_tools' in the environment variable CMAKE_PREFIX_PATH doesn't exist
[0.646s] colcon.colcon_ros.prefix_path.catkin WARNING The path '/home/zhenzhen/ros2/Quadcopter/install/messages' in the environment variable CMAKE_PREFIX_PATH doesn't exist
[0.646s] colcon.colcon_ros.prefix_path.catkin WARNING The path '/home/zhenzhen/ros2/Quadcopter/install/cv_tools' in the environment variable CMAKE_PREFIX_PATH doesn't exist
[0.648s] colcon.colcon_installed_package_information.package_discovery DEBUG Found 1 installed packages in /home/zhenzhen/ros2/Point-LIO/install
[0.648s] colcon.colcon_installed_package_information.package_discovery DEBUG Found 2 installed packages in /home/zhenzhen/ros2/ws_livox/install
[0.649s] colcon.colcon_installed_package_information.package_discovery DEBUG Found 7 installed packages in /home/zhenzhen/ros2/mavros/install
[0.652s] colcon.colcon_installed_package_information.package_discovery DEBUG Found 37 installed packages in /home/zhenzhen/ros2/ros2_rust/install
[0.654s] colcon.colcon_installed_package_information.package_discovery DEBUG Found 379 installed packages in /opt/ros/humble
[0.661s] colcon.colcon_core.package_discovery Level 1 discover_packages(prefix_path) using defaults
[0.739s] colcon.colcon_core.verb Level 5 set package 'ros2_tools' build argument 'cargo_args' from command line to 'None'
[0.740s] colcon.colcon_core.verb Level 5 set package 'ros2_tools' build argument 'clean_build' from command line to 'False'
[0.740s] colcon.colcon_core.verb Level 5 set package 'ros2_tools' build argument 'cmake_args' from command line to 'None'
[0.740s] colcon.colcon_core.verb Level 5 set package 'ros2_tools' build argument 'cmake_target' from command line to 'None'
[0.740s] colcon.colcon_core.verb Level 5 set package 'ros2_tools' build argument 'cmake_target_skip_unavailable' from command line to 'False'
[0.740s] colcon.colcon_core.verb Level 5 set package 'ros2_tools' build argument 'cmake_clean_cache' from command line to 'False'
[0.740s] colcon.colcon_core.verb Level 5 set package 'ros2_tools' build argument 'cmake_clean_first' from command line to 'False'
[0.740s] colcon.colcon_core.verb Level 5 set package 'ros2_tools' build argument 'cmake_force_configure' from command line to 'False'
[0.740s] colcon.colcon_core.verb Level 5 set package 'ros2_tools' build argument 'lookup_in_workspace' from command line to 'False'
[0.740s] colcon.colcon_core.verb Level 5 set package 'ros2_tools' build argument 'ament_cmake_args' from command line to 'None'
[0.740s] colcon.colcon_core.verb Level 5 set package 'ros2_tools' build argument 'catkin_cmake_args' from command line to 'None'
[0.740s] colcon.colcon_core.verb Level 5 set package 'ros2_tools' build argument 'catkin_skip_building_tests' from command line to 'False'
[0.740s] colcon.colcon_core.verb DEBUG Building package 'ros2_tools' with the following arguments: {'ament_cmake_args': None, 'build_base': '/home/zhenzhen/ros2/robodog-yunnan-elec/build/ros2_tools', 'cargo_args': None, 'catkin_cmake_args': None, 'catkin_skip_building_tests': False, 'clean_build': False, 'cmake_args': None, 'cmake_clean_cache': False, 'cmake_clean_first': False, 'cmake_force_configure': False, 'cmake_target': None, 'cmake_target_skip_unavailable': False, 'install_base': '/home/zhenzhen/ros2/robodog-yunnan-elec/install/ros2_tools', 'lookup_in_workspace': False, 'merge_install': False, 'path': '/home/zhenzhen/ros2/robodog-yunnan-elec/ros2_tools', 'symlink_install': False, 'test_result_base': None}
[0.741s] colcon.colcon_core.executor INFO Executing jobs using 'parallel' executor
[0.743s] colcon.colcon_parallel_executor.executor.parallel DEBUG run_until_complete
[0.743s] colcon.colcon_ros.task.ament_cmake.build INFO Building ROS package in '/home/zhenzhen/ros2/robodog-yunnan-elec/ros2_tools' with build type 'ament_cmake'
[0.743s] colcon.colcon_cmake.task.cmake.build INFO Building CMake package in '/home/zhenzhen/ros2/robodog-yunnan-elec/ros2_tools'
[0.748s] colcon.colcon_core.plugin_system INFO Skipping extension 'colcon_core.shell.bat': Not used on non-Windows systems
[0.748s] colcon.colcon_core.shell INFO Skip shell extension 'powershell' for command environment: Not usable outside of PowerShell
[0.748s] colcon.colcon_core.shell DEBUG Skip shell extension 'dsv' for command environment
[0.771s] colcon.colcon_core.event_handler.log_command DEBUG Invoking command in '/home/zhenzhen/ros2/robodog-yunnan-elec/build/ros2_tools': CMAKE_PREFIX_PATH=${CMAKE_PREFIX_PATH}:/home/zhenzhen/ros2/Quadcopter/install/yolip:/home/zhenzhen/ros2/Quadcopter/install/vision_py:/home/zhenzhen/ros2/ros2_rust/install/examples_worker_demo:/home/zhenzhen/ros2/ros2_rust/install/examples_rclrs_minimal_pub_sub:/home/zhenzhen/ros2/ros2_rust/install/examples_rclrs_minimal_client_service:/home/zhenzhen/ros2/ros2_rust/install/examples_parameter_demo:/home/zhenzhen/ros2/ros2_rust/install/examples_logging_demo:/home/zhenzhen/ros2/ros2_rust/install/sensor_msgs_py:/home/zhenzhen/ros2/ros2_rust/install/rust_pubsub:/home/zhenzhen/ros2/ros2_rust/install/examples_rclrs_message_demo:/home/zhenzhen/ros2/ros2_rust/install/rosidl_runtime_rs:/home/zhenzhen/ros2/ros2_rust/install/rclrs:/opt/ros/humble /usr/bin/cmake /home/zhenzhen/ros2/robodog-yunnan-elec/ros2_tools -DCMAKE_INSTALL_PREFIX=/home/zhenzhen/ros2/robodog-yunnan-elec/install/ros2_tools
[3.993s] colcon.colcon_core.event_handler.log_command DEBUG Invoked command in '/home/zhenzhen/ros2/robodog-yunnan-elec/build/ros2_tools' returned '0': CMAKE_PREFIX_PATH=${CMAKE_PREFIX_PATH}:/home/zhenzhen/ros2/Quadcopter/install/yolip:/home/zhenzhen/ros2/Quadcopter/install/vision_py:/home/zhenzhen/ros2/ros2_rust/install/examples_worker_demo:/home/zhenzhen/ros2/ros2_rust/install/examples_rclrs_minimal_pub_sub:/home/zhenzhen/ros2/ros2_rust/install/examples_rclrs_minimal_client_service:/home/zhenzhen/ros2/ros2_rust/install/examples_parameter_demo:/home/zhenzhen/ros2/ros2_rust/install/examples_logging_demo:/home/zhenzhen/ros2/ros2_rust/install/sensor_msgs_py:/home/zhenzhen/ros2/ros2_rust/install/rust_pubsub:/home/zhenzhen/ros2/ros2_rust/install/examples_rclrs_message_demo:/home/zhenzhen/ros2/ros2_rust/install/rosidl_runtime_rs:/home/zhenzhen/ros2/ros2_rust/install/rclrs:/opt/ros/humble /usr/bin/cmake /home/zhenzhen/ros2/robodog-yunnan-elec/ros2_tools -DCMAKE_INSTALL_PREFIX=/home/zhenzhen/ros2/robodog-yunnan-elec/install/ros2_tools
[3.998s] colcon.colcon_core.event_handler.log_command DEBUG Invoking command in '/home/zhenzhen/ros2/robodog-yunnan-elec/build/ros2_tools': CMAKE_PREFIX_PATH=${CMAKE_PREFIX_PATH}:/home/zhenzhen/ros2/Quadcopter/install/yolip:/home/zhenzhen/ros2/Quadcopter/install/vision_py:/home/zhenzhen/ros2/ros2_rust/install/examples_worker_demo:/home/zhenzhen/ros2/ros2_rust/install/examples_rclrs_minimal_pub_sub:/home/zhenzhen/ros2/ros2_rust/install/examples_rclrs_minimal_client_service:/home/zhenzhen/ros2/ros2_rust/install/examples_parameter_demo:/home/zhenzhen/ros2/ros2_rust/install/examples_logging_demo:/home/zhenzhen/ros2/ros2_rust/install/sensor_msgs_py:/home/zhenzhen/ros2/ros2_rust/install/rust_pubsub:/home/zhenzhen/ros2/ros2_rust/install/examples_rclrs_message_demo:/home/zhenzhen/ros2/ros2_rust/install/rosidl_runtime_rs:/home/zhenzhen/ros2/ros2_rust/install/rclrs:/opt/ros/humble /usr/bin/cmake --build /home/zhenzhen/ros2/robodog-yunnan-elec/build/ros2_tools -- -j6 -l6
[4.883s] colcon.colcon_core.event_handler.log_command DEBUG Invoked command in '/home/zhenzhen/ros2/robodog-yunnan-elec/build/ros2_tools' returned '0': CMAKE_PREFIX_PATH=${CMAKE_PREFIX_PATH}:/home/zhenzhen/ros2/Quadcopter/install/yolip:/home/zhenzhen/ros2/Quadcopter/install/vision_py:/home/zhenzhen/ros2/ros2_rust/install/examples_worker_demo:/home/zhenzhen/ros2/ros2_rust/install/examples_rclrs_minimal_pub_sub:/home/zhenzhen/ros2/ros2_rust/install/examples_rclrs_minimal_client_service:/home/zhenzhen/ros2/ros2_rust/install/examples_parameter_demo:/home/zhenzhen/ros2/ros2_rust/install/examples_logging_demo:/home/zhenzhen/ros2/ros2_rust/install/sensor_msgs_py:/home/zhenzhen/ros2/ros2_rust/install/rust_pubsub:/home/zhenzhen/ros2/ros2_rust/install/examples_rclrs_message_demo:/home/zhenzhen/ros2/ros2_rust/install/rosidl_runtime_rs:/home/zhenzhen/ros2/ros2_rust/install/rclrs:/opt/ros/humble /usr/bin/cmake --build /home/zhenzhen/ros2/robodog-yunnan-elec/build/ros2_tools -- -j6 -l6
[4.912s] colcon.colcon_core.event_handler.log_command DEBUG Invoking command in '/home/zhenzhen/ros2/robodog-yunnan-elec/build/ros2_tools': CMAKE_PREFIX_PATH=${CMAKE_PREFIX_PATH}:/home/zhenzhen/ros2/Quadcopter/install/yolip:/home/zhenzhen/ros2/Quadcopter/install/vision_py:/home/zhenzhen/ros2/ros2_rust/install/examples_worker_demo:/home/zhenzhen/ros2/ros2_rust/install/examples_rclrs_minimal_pub_sub:/home/zhenzhen/ros2/ros2_rust/install/examples_rclrs_minimal_client_service:/home/zhenzhen/ros2/ros2_rust/install/examples_parameter_demo:/home/zhenzhen/ros2/ros2_rust/install/examples_logging_demo:/home/zhenzhen/ros2/ros2_rust/install/sensor_msgs_py:/home/zhenzhen/ros2/ros2_rust/install/rust_pubsub:/home/zhenzhen/ros2/ros2_rust/install/examples_rclrs_message_demo:/home/zhenzhen/ros2/ros2_rust/install/rosidl_runtime_rs:/home/zhenzhen/ros2/ros2_rust/install/rclrs:/opt/ros/humble /usr/bin/cmake --install /home/zhenzhen/ros2/robodog-yunnan-elec/build/ros2_tools
[5.085s] colcon.colcon_core.environment Level 1 create_environment_scripts_only(ros2_tools)
[5.087s] colcon.colcon_core.event_handler.log_command DEBUG Invoked command in '/home/zhenzhen/ros2/robodog-yunnan-elec/build/ros2_tools' returned '0': CMAKE_PREFIX_PATH=${CMAKE_PREFIX_PATH}:/home/zhenzhen/ros2/Quadcopter/install/yolip:/home/zhenzhen/ros2/Quadcopter/install/vision_py:/home/zhenzhen/ros2/ros2_rust/install/examples_worker_demo:/home/zhenzhen/ros2/ros2_rust/install/examples_rclrs_minimal_pub_sub:/home/zhenzhen/ros2/ros2_rust/install/examples_rclrs_minimal_client_service:/home/zhenzhen/ros2/ros2_rust/install/examples_parameter_demo:/home/zhenzhen/ros2/ros2_rust/install/examples_logging_demo:/home/zhenzhen/ros2/ros2_rust/install/sensor_msgs_py:/home/zhenzhen/ros2/ros2_rust/install/rust_pubsub:/home/zhenzhen/ros2/ros2_rust/install/examples_rclrs_message_demo:/home/zhenzhen/ros2/ros2_rust/install/rosidl_runtime_rs:/home/zhenzhen/ros2/ros2_rust/install/rclrs:/opt/ros/humble /usr/bin/cmake --install /home/zhenzhen/ros2/robodog-yunnan-elec/build/ros2_tools
[5.097s] colcon.colcon_core.environment Level 1 checking '/home/zhenzhen/ros2/robodog-yunnan-elec/install/ros2_tools' for CMake module files
[5.100s] colcon.colcon_core.environment Level 1 checking '/home/zhenzhen/ros2/robodog-yunnan-elec/install/ros2_tools' for CMake config files
[5.102s] colcon.colcon_core.shell Level 1 create_environment_hook('ros2_tools', 'cmake_prefix_path')
[5.102s] colcon.colcon_core.shell INFO Creating environment hook '/home/zhenzhen/ros2/robodog-yunnan-elec/install/ros2_tools/share/ros2_tools/hook/cmake_prefix_path.ps1'
[5.105s] colcon.colcon_core.shell INFO Creating environment descriptor '/home/zhenzhen/ros2/robodog-yunnan-elec/install/ros2_tools/share/ros2_tools/hook/cmake_prefix_path.dsv'
[5.107s] colcon.colcon_core.shell INFO Creating environment hook '/home/zhenzhen/ros2/robodog-yunnan-elec/install/ros2_tools/share/ros2_tools/hook/cmake_prefix_path.sh'
[5.111s] colcon.colcon_core.environment Level 1 checking '/home/zhenzhen/ros2/robodog-yunnan-elec/install/ros2_tools/lib'
[5.111s] colcon.colcon_core.shell Level 1 create_environment_hook('ros2_tools', 'ld_library_path_lib')
[5.112s] colcon.colcon_core.shell INFO Creating environment hook '/home/zhenzhen/ros2/robodog-yunnan-elec/install/ros2_tools/share/ros2_tools/hook/ld_library_path_lib.ps1'
[5.113s] colcon.colcon_core.shell INFO Creating environment descriptor '/home/zhenzhen/ros2/robodog-yunnan-elec/install/ros2_tools/share/ros2_tools/hook/ld_library_path_lib.dsv'
[5.115s] colcon.colcon_core.shell INFO Creating environment hook '/home/zhenzhen/ros2/robodog-yunnan-elec/install/ros2_tools/share/ros2_tools/hook/ld_library_path_lib.sh'
[5.116s] colcon.colcon_core.environment Level 1 checking '/home/zhenzhen/ros2/robodog-yunnan-elec/install/ros2_tools/bin'
[5.116s] colcon.colcon_core.environment Level 1 checking '/home/zhenzhen/ros2/robodog-yunnan-elec/install/ros2_tools/lib/pkgconfig/ros2_tools.pc'
[5.117s] colcon.colcon_core.environment Level 1 checking '/home/zhenzhen/ros2/robodog-yunnan-elec/install/ros2_tools/lib/python3.10/site-packages'
[5.118s] colcon.colcon_core.environment Level 1 checking '/home/zhenzhen/ros2/robodog-yunnan-elec/install/ros2_tools/bin'
[5.119s] colcon.colcon_core.shell INFO Creating package script '/home/zhenzhen/ros2/robodog-yunnan-elec/install/ros2_tools/share/ros2_tools/package.ps1'
[5.121s] colcon.colcon_core.shell INFO Creating package descriptor '/home/zhenzhen/ros2/robodog-yunnan-elec/install/ros2_tools/share/ros2_tools/package.dsv'
[5.122s] colcon.colcon_core.shell INFO Creating package script '/home/zhenzhen/ros2/robodog-yunnan-elec/install/ros2_tools/share/ros2_tools/package.sh'
[5.124s] colcon.colcon_core.shell INFO Creating package script '/home/zhenzhen/ros2/robodog-yunnan-elec/install/ros2_tools/share/ros2_tools/package.bash'
[5.127s] colcon.colcon_core.shell INFO Creating package script '/home/zhenzhen/ros2/robodog-yunnan-elec/install/ros2_tools/share/ros2_tools/package.zsh'
[5.129s] colcon.colcon_core.environment Level 1 create_file_with_runtime_dependencies(/home/zhenzhen/ros2/robodog-yunnan-elec/install/ros2_tools/share/colcon-core/packages/ros2_tools)
[5.131s] colcon.colcon_core.environment Level 1 create_environment_scripts_only(ros2_tools)
[5.132s] colcon.colcon_core.environment Level 1 checking '/home/zhenzhen/ros2/robodog-yunnan-elec/install/ros2_tools' for CMake module files
[5.134s] colcon.colcon_core.environment Level 1 checking '/home/zhenzhen/ros2/robodog-yunnan-elec/install/ros2_tools' for CMake config files
[5.136s] colcon.colcon_core.shell Level 1 create_environment_hook('ros2_tools', 'cmake_prefix_path')
[5.136s] colcon.colcon_core.shell INFO Creating environment hook '/home/zhenzhen/ros2/robodog-yunnan-elec/install/ros2_tools/share/ros2_tools/hook/cmake_prefix_path.ps1'
[5.137s] colcon.colcon_core.shell INFO Creating environment descriptor '/home/zhenzhen/ros2/robodog-yunnan-elec/install/ros2_tools/share/ros2_tools/hook/cmake_prefix_path.dsv'
[5.138s] colcon.colcon_core.shell INFO Creating environment hook '/home/zhenzhen/ros2/robodog-yunnan-elec/install/ros2_tools/share/ros2_tools/hook/cmake_prefix_path.sh'
[5.140s] colcon.colcon_core.environment Level 1 checking '/home/zhenzhen/ros2/robodog-yunnan-elec/install/ros2_tools/lib'
[5.140s] colcon.colcon_core.shell Level 1 create_environment_hook('ros2_tools', 'ld_library_path_lib')
[5.141s] colcon.colcon_core.shell INFO Creating environment hook '/home/zhenzhen/ros2/robodog-yunnan-elec/install/ros2_tools/share/ros2_tools/hook/ld_library_path_lib.ps1'
[5.142s] colcon.colcon_core.shell INFO Creating environment descriptor '/home/zhenzhen/ros2/robodog-yunnan-elec/install/ros2_tools/share/ros2_tools/hook/ld_library_path_lib.dsv'
[5.143s] colcon.colcon_core.shell INFO Creating environment hook '/home/zhenzhen/ros2/robodog-yunnan-elec/install/ros2_tools/share/ros2_tools/hook/ld_library_path_lib.sh'
[5.144s] colcon.colcon_core.environment Level 1 checking '/home/zhenzhen/ros2/robodog-yunnan-elec/install/ros2_tools/bin'
[5.144s] colcon.colcon_core.environment Level 1 checking '/home/zhenzhen/ros2/robodog-yunnan-elec/install/ros2_tools/lib/pkgconfig/ros2_tools.pc'
[5.144s] colcon.colcon_core.environment Level 1 checking '/home/zhenzhen/ros2/robodog-yunnan-elec/install/ros2_tools/lib/python3.10/site-packages'
[5.145s] colcon.colcon_core.environment Level 1 checking '/home/zhenzhen/ros2/robodog-yunnan-elec/install/ros2_tools/bin'
[5.145s] colcon.colcon_core.shell INFO Creating package script '/home/zhenzhen/ros2/robodog-yunnan-elec/install/ros2_tools/share/ros2_tools/package.ps1'
[5.146s] colcon.colcon_core.shell INFO Creating package descriptor '/home/zhenzhen/ros2/robodog-yunnan-elec/install/ros2_tools/share/ros2_tools/package.dsv'
[5.148s] colcon.colcon_core.shell INFO Creating package script '/home/zhenzhen/ros2/robodog-yunnan-elec/install/ros2_tools/share/ros2_tools/package.sh'
[5.149s] colcon.colcon_core.shell INFO Creating package script '/home/zhenzhen/ros2/robodog-yunnan-elec/install/ros2_tools/share/ros2_tools/package.bash'
[5.150s] colcon.colcon_core.shell INFO Creating package script '/home/zhenzhen/ros2/robodog-yunnan-elec/install/ros2_tools/share/ros2_tools/package.zsh'
[5.151s] colcon.colcon_core.environment Level 1 create_file_with_runtime_dependencies(/home/zhenzhen/ros2/robodog-yunnan-elec/install/ros2_tools/share/colcon-core/packages/ros2_tools)
[5.152s] colcon.colcon_parallel_executor.executor.parallel DEBUG closing loop
[5.152s] colcon.colcon_parallel_executor.executor.parallel DEBUG loop closed
[5.152s] colcon.colcon_parallel_executor.executor.parallel DEBUG run_until_complete finished with '0'
[5.152s] colcon.colcon_core.event_reactor DEBUG joining thread
[5.171s] colcon.colcon_core.plugin_system INFO Skipping extension 'colcon_notification.desktop_notification.terminal_notifier': Not used on non-Darwin systems
[5.171s] colcon.colcon_core.plugin_system INFO Skipping extension 'colcon_notification.desktop_notification.win32': Not used on non-Windows systems
[5.171s] colcon.colcon_notification.desktop_notification INFO Sending desktop notification using 'notify2'
[5.196s] colcon.colcon_notification.desktop_notification.notify2 DEBUG Failed to initialize notify2: org.freedesktop.DBus.Error.Spawn.ChildExited: Process org.freedesktop.Notifications exited with status 1
[5.197s] colcon.colcon_core.event_reactor DEBUG joined thread
[5.197s] colcon.colcon_core.shell INFO Creating prefix script '/home/zhenzhen/ros2/robodog-yunnan-elec/install/local_setup.ps1'
[5.201s] colcon.colcon_core.shell INFO Creating prefix util module '/home/zhenzhen/ros2/robodog-yunnan-elec/install/_local_setup_util_ps1.py'
[5.204s] colcon.colcon_core.shell INFO Creating prefix chain script '/home/zhenzhen/ros2/robodog-yunnan-elec/install/setup.ps1'
[5.211s] colcon.colcon_core.shell INFO Creating prefix script '/home/zhenzhen/ros2/robodog-yunnan-elec/install/local_setup.sh'
[5.213s] colcon.colcon_core.shell INFO Creating prefix util module '/home/zhenzhen/ros2/robodog-yunnan-elec/install/_local_setup_util_sh.py'
[5.214s] colcon.colcon_core.shell INFO Creating prefix chain script '/home/zhenzhen/ros2/robodog-yunnan-elec/install/setup.sh'
[5.223s] colcon.colcon_core.shell INFO Creating prefix script '/home/zhenzhen/ros2/robodog-yunnan-elec/install/local_setup.bash'
[5.224s] colcon.colcon_core.shell INFO Creating prefix chain script '/home/zhenzhen/ros2/robodog-yunnan-elec/install/setup.bash'
[5.233s] colcon.colcon_core.shell INFO Creating prefix script '/home/zhenzhen/ros2/robodog-yunnan-elec/install/local_setup.zsh'
[5.234s] colcon.colcon_core.shell INFO Creating prefix chain script '/home/zhenzhen/ros2/robodog-yunnan-elec/install/setup.zsh'
