[0.231s] colcon DEBUG Command line arguments: ['/usr/bin/colcon', 'build', '--packages-select', 'core_2026']
[0.231s] colcon DEBUG Parsed command line arguments: Namespace(log_base=None, log_level=None, verb_name='build', build_base='build', install_base='install', merge_install=False, symlink_install=False, test_result_base=None, continue_on_error=False, executor='parallel', parallel_workers=6, event_handlers=None, ignore_user_meta=False, metas=['./colcon.meta'], base_paths=['.'], packages_ignore=None, packages_ignore_regex=None, paths=None, packages_up_to=None, packages_up_to_regex=None, packages_above=None, packages_above_and_dependencies=None, packages_above_depth=None, packages_select_by_dep=None, packages_skip_by_dep=None, packages_skip_up_to=None, packages_select_build_failed=False, packages_skip_build_finished=False, packages_select_test_failures=False, packages_skip_test_passed=False, packages_select=['core_2026'], packages_skip=None, packages_select_regex=None, packages_skip_regex=None, packages_start=None, packages_end=None, allow_overriding=[], cargo_args=None, clean_build=False, cmake_args=None, cmake_target=None, cmake_target_skip_unavailable=False, cmake_clean_cache=False, cmake_clean_first=False, cmake_force_configure=False, lookup_in_workspace=False, ament_cmake_args=None, catkin_cmake_args=None, catkin_skip_building_tests=False, verb_parser=<colcon_defaults.argument_parser.defaults.DefaultArgumentsDecorator object at 0xffff81ac1210>, verb_extension=<colcon_core.verb.build.BuildVerb object at 0xffff81c62fb0>, main=<bound method BuildVerb.main of <colcon_core.verb.build.BuildVerb object at 0xffff81c62fb0>>)
[0.552s] colcon.colcon_core.package_discovery Level 1 discover_packages(colcon_meta) check parameters
[0.552s] colcon.colcon_core.package_discovery Level 1 discover_packages(recursive) check parameters
[0.552s] colcon.colcon_core.package_discovery Level 1 discover_packages(ignore) check parameters
[0.552s] colcon.colcon_core.package_discovery Level 1 discover_packages(path) check parameters
[0.552s] colcon.colcon_core.package_discovery Level 1 discover_packages(colcon_meta) discover
[0.553s] colcon.colcon_core.package_discovery Level 1 discover_packages(recursive) discover
[0.553s] colcon.colcon_core.package_discovery INFO Crawling recursively for packages in '/home/zhenzhen/ros2/robodog-yunnan-elec'
[0.553s] colcon.colcon_core.package_identification Level 1 _identify(.) by extensions ['ignore', 'ignore_ament_install']
[0.553s] colcon.colcon_core.package_identification Level 1 _identify(.) by extension 'ignore'
[0.553s] colcon.colcon_core.package_identification Level 1 _identify(.) by extension 'ignore_ament_install'
[0.553s] colcon.colcon_core.package_identification Level 1 _identify(.) by extensions ['colcon_pkg']
[0.553s] colcon.colcon_core.package_identification Level 1 _identify(.) by extension 'colcon_pkg'
[0.553s] colcon.colcon_core.package_identification Level 1 _identify(.) by extensions ['colcon_meta']
[0.553s] colcon.colcon_core.package_identification Level 1 _identify(.) by extension 'colcon_meta'
[0.554s] colcon.colcon_core.package_identification Level 1 _identify(.) by extensions ['ros']
[0.554s] colcon.colcon_core.package_identification Level 1 _identify(.) by extension 'ros'
[0.598s] colcon.colcon_core.package_identification Level 1 _identify(.) by extensions ['cargo', 'cmake', 'python']
[0.598s] colcon.colcon_core.package_identification Level 1 _identify(.) by extension 'cargo'
[0.598s] colcon.colcon_core.package_identification Level 1 _identify(.) by extension 'cmake'
[0.599s] colcon.colcon_core.package_identification Level 1 _identify(.) by extension 'python'
[0.599s] colcon.colcon_core.package_identification Level 1 _identify(.) by extensions ['python_setup_py']
[0.599s] colcon.colcon_core.package_identification Level 1 _identify(.) by extension 'python_setup_py'
[0.599s] colcon.colcon_core.package_identification Level 1 _identify(build) by extensions ['ignore', 'ignore_ament_install']
[0.599s] colcon.colcon_core.package_identification Level 1 _identify(build) by extension 'ignore'
[0.599s] colcon.colcon_core.package_identification Level 1 _identify(build) ignored
[0.600s] colcon.colcon_core.package_identification Level 1 _identify(core_2026) by extensions ['ignore', 'ignore_ament_install']
[0.600s] colcon.colcon_core.package_identification Level 1 _identify(core_2026) by extension 'ignore'
[0.600s] colcon.colcon_core.package_identification Level 1 _identify(core_2026) by extension 'ignore_ament_install'
[0.600s] colcon.colcon_core.package_identification Level 1 _identify(core_2026) by extensions ['colcon_pkg']
[0.600s] colcon.colcon_core.package_identification Level 1 _identify(core_2026) by extension 'colcon_pkg'
[0.600s] colcon.colcon_core.package_identification Level 1 _identify(core_2026) by extensions ['colcon_meta']
[0.600s] colcon.colcon_core.package_identification Level 1 _identify(core_2026) by extension 'colcon_meta'
[0.600s] colcon.colcon_core.package_identification Level 1 _identify(core_2026) by extensions ['ros']
[0.600s] colcon.colcon_core.package_identification Level 1 _identify(core_2026) by extension 'ros'
[0.605s] colcon.colcon_core.package_identification DEBUG Package 'core_2026' with type 'ros.ament_cmake' and name 'core_2026'
[0.606s] colcon.colcon_core.package_identification Level 1 _identify(install) by extensions ['ignore', 'ignore_ament_install']
[0.606s] colcon.colcon_core.package_identification Level 1 _identify(install) by extension 'ignore'
[0.606s] colcon.colcon_core.package_identification Level 1 _identify(install) ignored
[0.606s] colcon.colcon_core.package_identification Level 1 _identify(log) by extensions ['ignore', 'ignore_ament_install']
[0.606s] colcon.colcon_core.package_identification Level 1 _identify(log) by extension 'ignore'
[0.607s] colcon.colcon_core.package_identification Level 1 _identify(log) ignored
[0.607s] colcon.colcon_core.package_identification Level 1 _identify(messages) by extensions ['ignore', 'ignore_ament_install']
[0.607s] colcon.colcon_core.package_identification Level 1 _identify(messages) by extension 'ignore'
[0.607s] colcon.colcon_core.package_identification Level 1 _identify(messages) by extension 'ignore_ament_install'
[0.607s] colcon.colcon_core.package_identification Level 1 _identify(messages) by extensions ['colcon_pkg']
[0.607s] colcon.colcon_core.package_identification Level 1 _identify(messages) by extension 'colcon_pkg'
[0.607s] colcon.colcon_core.package_identification Level 1 _identify(messages) by extensions ['colcon_meta']
[0.607s] colcon.colcon_core.package_identification Level 1 _identify(messages) by extension 'colcon_meta'
[0.607s] colcon.colcon_core.package_identification Level 1 _identify(messages) by extensions ['ros']
[0.607s] colcon.colcon_core.package_identification Level 1 _identify(messages) by extension 'ros'
[0.609s] colcon.colcon_core.package_identification DEBUG Package 'messages' with type 'ros.ament_cmake' and name 'messages'
[0.609s] colcon.colcon_core.package_identification Level 1 _identify(ros2_tools) by extensions ['ignore', 'ignore_ament_install']
[0.609s] colcon.colcon_core.package_identification Level 1 _identify(ros2_tools) by extension 'ignore'
[0.609s] colcon.colcon_core.package_identification Level 1 _identify(ros2_tools) by extension 'ignore_ament_install'
[0.609s] colcon.colcon_core.package_identification Level 1 _identify(ros2_tools) by extensions ['colcon_pkg']
[0.609s] colcon.colcon_core.package_identification Level 1 _identify(ros2_tools) by extension 'colcon_pkg'
[0.610s] colcon.colcon_core.package_identification Level 1 _identify(ros2_tools) by extensions ['colcon_meta']
[0.610s] colcon.colcon_core.package_identification Level 1 _identify(ros2_tools) by extension 'colcon_meta'
[0.610s] colcon.colcon_core.package_identification Level 1 _identify(ros2_tools) by extensions ['ros']
[0.610s] colcon.colcon_core.package_identification Level 1 _identify(ros2_tools) by extension 'ros'
[0.612s] colcon.colcon_core.package_identification DEBUG Package 'ros2_tools' with type 'ros.ament_cmake' and name 'ros2_tools'
[0.612s] colcon.colcon_core.package_discovery Level 1 discover_packages(recursive) using defaults
[0.612s] colcon.colcon_core.package_discovery Level 1 discover_packages(ignore) discover
[0.612s] colcon.colcon_core.package_discovery Level 1 discover_packages(ignore) using defaults
[0.612s] colcon.colcon_core.package_discovery Level 1 discover_packages(path) discover
[0.612s] colcon.colcon_core.package_discovery Level 1 discover_packages(path) using defaults
[0.642s] colcon.colcon_core.package_selection INFO Skipping not selected package 'messages' in 'messages'
[0.642s] colcon.colcon_core.package_selection INFO Skipping not selected package 'ros2_tools' in 'ros2_tools'
[0.643s] colcon.colcon_core.package_discovery Level 1 discover_packages(prefix_path) check parameters
[0.643s] colcon.colcon_core.package_discovery Level 1 discover_packages(prefix_path) discover
[0.644s] colcon.colcon_core.prefix_path.colcon WARNING The path '/home/zhenzhen/ros2/Quadcopter/install' in the environment variable COLCON_PREFIX_PATH doesn't exist
[0.645s] colcon.colcon_ros.prefix_path.ament WARNING The path '/home/zhenzhen/ros2/Quadcopter/install/yolip' in the environment variable AMENT_PREFIX_PATH doesn't exist
[0.645s] colcon.colcon_ros.prefix_path.ament WARNING The path '/home/zhenzhen/ros2/Quadcopter/install/core_2026' in the environment variable AMENT_PREFIX_PATH doesn't exist
[0.645s] colcon.colcon_ros.prefix_path.ament WARNING The path '/home/zhenzhen/ros2/Quadcopter/install/vision_py' in the environment variable AMENT_PREFIX_PATH doesn't exist
[0.645s] colcon.colcon_ros.prefix_path.ament WARNING The path '/home/zhenzhen/ros2/Quadcopter/install/ros2_tools' in the environment variable AMENT_PREFIX_PATH doesn't exist
[0.645s] colcon.colcon_ros.prefix_path.ament WARNING The path '/home/zhenzhen/ros2/Quadcopter/install/messages' in the environment variable AMENT_PREFIX_PATH doesn't exist
[0.645s] colcon.colcon_ros.prefix_path.ament WARNING The path '/home/zhenzhen/ros2/Quadcopter/install/cv_tools' in the environment variable AMENT_PREFIX_PATH doesn't exist
[0.648s] colcon.colcon_ros.prefix_path.catkin WARNING The path '/home/zhenzhen/ros2/Quadcopter/install/core_2026' in the environment variable CMAKE_PREFIX_PATH doesn't exist
[0.648s] colcon.colcon_ros.prefix_path.catkin WARNING The path '/home/zhenzhen/ros2/Quadcopter/install/ros2_tools' in the environment variable CMAKE_PREFIX_PATH doesn't exist
[0.648s] colcon.colcon_ros.prefix_path.catkin WARNING The path '/home/zhenzhen/ros2/Quadcopter/install/messages' in the environment variable CMAKE_PREFIX_PATH doesn't exist
[0.648s] colcon.colcon_ros.prefix_path.catkin WARNING The path '/home/zhenzhen/ros2/Quadcopter/install/cv_tools' in the environment variable CMAKE_PREFIX_PATH doesn't exist
[0.650s] colcon.colcon_installed_package_information.package_discovery DEBUG Found 3 installed packages in /home/zhenzhen/ros2/robodog-yunnan-elec/install
[0.651s] colcon.colcon_installed_package_information.package_discovery DEBUG Found 1 installed packages in /home/zhenzhen/ros2/Point-LIO/install
[0.651s] colcon.colcon_installed_package_information.package_discovery DEBUG Found 2 installed packages in /home/zhenzhen/ros2/ws_livox/install
[0.652s] colcon.colcon_installed_package_information.package_discovery DEBUG Found 7 installed packages in /home/zhenzhen/ros2/mavros/install
[0.655s] colcon.colcon_installed_package_information.package_discovery DEBUG Found 37 installed packages in /home/zhenzhen/ros2/ros2_rust/install
[0.657s] colcon.colcon_installed_package_information.package_discovery DEBUG Found 379 installed packages in /opt/ros/humble
[0.663s] colcon.colcon_core.package_discovery Level 1 discover_packages(prefix_path) using defaults
[0.741s] colcon.colcon_core.verb Level 5 set package 'core_2026' build argument 'cargo_args' from command line to 'None'
[0.741s] colcon.colcon_core.verb Level 5 set package 'core_2026' build argument 'clean_build' from command line to 'False'
[0.741s] colcon.colcon_core.verb Level 5 set package 'core_2026' build argument 'cmake_args' from command line to 'None'
[0.741s] colcon.colcon_core.verb Level 5 set package 'core_2026' build argument 'cmake_target' from command line to 'None'
[0.742s] colcon.colcon_core.verb Level 5 set package 'core_2026' build argument 'cmake_target_skip_unavailable' from command line to 'False'
[0.742s] colcon.colcon_core.verb Level 5 set package 'core_2026' build argument 'cmake_clean_cache' from command line to 'False'
[0.742s] colcon.colcon_core.verb Level 5 set package 'core_2026' build argument 'cmake_clean_first' from command line to 'False'
[0.742s] colcon.colcon_core.verb Level 5 set package 'core_2026' build argument 'cmake_force_configure' from command line to 'False'
[0.742s] colcon.colcon_core.verb Level 5 set package 'core_2026' build argument 'lookup_in_workspace' from command line to 'False'
[0.742s] colcon.colcon_core.verb Level 5 set package 'core_2026' build argument 'ament_cmake_args' from command line to 'None'
[0.742s] colcon.colcon_core.verb Level 5 set package 'core_2026' build argument 'catkin_cmake_args' from command line to 'None'
[0.742s] colcon.colcon_core.verb Level 5 set package 'core_2026' build argument 'catkin_skip_building_tests' from command line to 'False'
[0.742s] colcon.colcon_core.verb DEBUG Building package 'core_2026' with the following arguments: {'ament_cmake_args': None, 'build_base': '/home/zhenzhen/ros2/robodog-yunnan-elec/build/core_2026', 'cargo_args': None, 'catkin_cmake_args': None, 'catkin_skip_building_tests': False, 'clean_build': False, 'cmake_args': None, 'cmake_clean_cache': False, 'cmake_clean_first': False, 'cmake_force_configure': False, 'cmake_target': None, 'cmake_target_skip_unavailable': False, 'install_base': '/home/zhenzhen/ros2/robodog-yunnan-elec/install/core_2026', 'lookup_in_workspace': False, 'merge_install': False, 'path': '/home/zhenzhen/ros2/robodog-yunnan-elec/core_2026', 'symlink_install': False, 'test_result_base': None}
[0.742s] colcon.colcon_core.executor INFO Executing jobs using 'parallel' executor
[0.744s] colcon.colcon_parallel_executor.executor.parallel DEBUG run_until_complete
[0.745s] colcon.colcon_ros.task.ament_cmake.build INFO Building ROS package in '/home/zhenzhen/ros2/robodog-yunnan-elec/core_2026' with build type 'ament_cmake'
[0.745s] colcon.colcon_cmake.task.cmake.build INFO Building CMake package in '/home/zhenzhen/ros2/robodog-yunnan-elec/core_2026'
[0.749s] colcon.colcon_core.plugin_system INFO Skipping extension 'colcon_core.shell.bat': Not used on non-Windows systems
[0.749s] colcon.colcon_core.shell INFO Skip shell extension 'powershell' for command environment: Not usable outside of PowerShell
[0.750s] colcon.colcon_core.shell DEBUG Skip shell extension 'dsv' for command environment
[0.777s] colcon.colcon_core.event_handler.log_command DEBUG Invoking command in '/home/zhenzhen/ros2/robodog-yunnan-elec/build/core_2026': CMAKE_PREFIX_PATH=${CMAKE_PREFIX_PATH}:/home/zhenzhen/ros2/Quadcopter/install/yolip:/home/zhenzhen/ros2/Quadcopter/install/vision_py:/home/zhenzhen/ros2/ros2_rust/install/examples_worker_demo:/home/zhenzhen/ros2/ros2_rust/install/examples_rclrs_minimal_pub_sub:/home/zhenzhen/ros2/ros2_rust/install/examples_rclrs_minimal_client_service:/home/zhenzhen/ros2/ros2_rust/install/examples_parameter_demo:/home/zhenzhen/ros2/ros2_rust/install/examples_logging_demo:/home/zhenzhen/ros2/ros2_rust/install/sensor_msgs_py:/home/zhenzhen/ros2/ros2_rust/install/rust_pubsub:/home/zhenzhen/ros2/ros2_rust/install/examples_rclrs_message_demo:/home/zhenzhen/ros2/ros2_rust/install/rosidl_runtime_rs:/home/zhenzhen/ros2/ros2_rust/install/rclrs:/opt/ros/humble /usr/bin/cmake --build /home/zhenzhen/ros2/robodog-yunnan-elec/build/core_2026 -- -j6 -l6
[7.639s] colcon.colcon_core.event_handler.log_command DEBUG Invoked command in '/home/zhenzhen/ros2/robodog-yunnan-elec/build/core_2026' returned '0': CMAKE_PREFIX_PATH=${CMAKE_PREFIX_PATH}:/home/zhenzhen/ros2/Quadcopter/install/yolip:/home/zhenzhen/ros2/Quadcopter/install/vision_py:/home/zhenzhen/ros2/ros2_rust/install/examples_worker_demo:/home/zhenzhen/ros2/ros2_rust/install/examples_rclrs_minimal_pub_sub:/home/zhenzhen/ros2/ros2_rust/install/examples_rclrs_minimal_client_service:/home/zhenzhen/ros2/ros2_rust/install/examples_parameter_demo:/home/zhenzhen/ros2/ros2_rust/install/examples_logging_demo:/home/zhenzhen/ros2/ros2_rust/install/sensor_msgs_py:/home/zhenzhen/ros2/ros2_rust/install/rust_pubsub:/home/zhenzhen/ros2/ros2_rust/install/examples_rclrs_message_demo:/home/zhenzhen/ros2/ros2_rust/install/rosidl_runtime_rs:/home/zhenzhen/ros2/ros2_rust/install/rclrs:/opt/ros/humble /usr/bin/cmake --build /home/zhenzhen/ros2/robodog-yunnan-elec/build/core_2026 -- -j6 -l6
[7.670s] colcon.colcon_core.event_handler.log_command DEBUG Invoking command in '/home/zhenzhen/ros2/robodog-yunnan-elec/build/core_2026': CMAKE_PREFIX_PATH=${CMAKE_PREFIX_PATH}:/home/zhenzhen/ros2/Quadcopter/install/yolip:/home/zhenzhen/ros2/Quadcopter/install/vision_py:/home/zhenzhen/ros2/ros2_rust/install/examples_worker_demo:/home/zhenzhen/ros2/ros2_rust/install/examples_rclrs_minimal_pub_sub:/home/zhenzhen/ros2/ros2_rust/install/examples_rclrs_minimal_client_service:/home/zhenzhen/ros2/ros2_rust/install/examples_parameter_demo:/home/zhenzhen/ros2/ros2_rust/install/examples_logging_demo:/home/zhenzhen/ros2/ros2_rust/install/sensor_msgs_py:/home/zhenzhen/ros2/ros2_rust/install/rust_pubsub:/home/zhenzhen/ros2/ros2_rust/install/examples_rclrs_message_demo:/home/zhenzhen/ros2/ros2_rust/install/rosidl_runtime_rs:/home/zhenzhen/ros2/ros2_rust/install/rclrs:/opt/ros/humble /usr/bin/cmake --install /home/zhenzhen/ros2/robodog-yunnan-elec/build/core_2026
[8.347s] colcon.colcon_core.environment Level 1 create_environment_scripts_only(core_2026)
[8.348s] colcon.colcon_core.event_handler.log_command DEBUG Invoked command in '/home/zhenzhen/ros2/robodog-yunnan-elec/build/core_2026' returned '0': CMAKE_PREFIX_PATH=${CMAKE_PREFIX_PATH}:/home/zhenzhen/ros2/Quadcopter/install/yolip:/home/zhenzhen/ros2/Quadcopter/install/vision_py:/home/zhenzhen/ros2/ros2_rust/install/examples_worker_demo:/home/zhenzhen/ros2/ros2_rust/install/examples_rclrs_minimal_pub_sub:/home/zhenzhen/ros2/ros2_rust/install/examples_rclrs_minimal_client_service:/home/zhenzhen/ros2/ros2_rust/install/examples_parameter_demo:/home/zhenzhen/ros2/ros2_rust/install/examples_logging_demo:/home/zhenzhen/ros2/ros2_rust/install/sensor_msgs_py:/home/zhenzhen/ros2/ros2_rust/install/rust_pubsub:/home/zhenzhen/ros2/ros2_rust/install/examples_rclrs_message_demo:/home/zhenzhen/ros2/ros2_rust/install/rosidl_runtime_rs:/home/zhenzhen/ros2/ros2_rust/install/rclrs:/opt/ros/humble /usr/bin/cmake --install /home/zhenzhen/ros2/robodog-yunnan-elec/build/core_2026
[8.356s] colcon.colcon_core.environment Level 1 checking '/home/zhenzhen/ros2/robodog-yunnan-elec/install/core_2026' for CMake module files
[8.358s] colcon.colcon_core.environment Level 1 checking '/home/zhenzhen/ros2/robodog-yunnan-elec/install/core_2026' for CMake config files
[8.360s] colcon.colcon_core.shell Level 1 create_environment_hook('core_2026', 'cmake_prefix_path')
[8.360s] colcon.colcon_core.shell INFO Creating environment hook '/home/zhenzhen/ros2/robodog-yunnan-elec/install/core_2026/share/core_2026/hook/cmake_prefix_path.ps1'
[8.362s] colcon.colcon_core.shell INFO Creating environment descriptor '/home/zhenzhen/ros2/robodog-yunnan-elec/install/core_2026/share/core_2026/hook/cmake_prefix_path.dsv'
[8.362s] colcon.colcon_core.shell INFO Creating environment hook '/home/zhenzhen/ros2/robodog-yunnan-elec/install/core_2026/share/core_2026/hook/cmake_prefix_path.sh'
[8.365s] colcon.colcon_core.environment Level 1 checking '/home/zhenzhen/ros2/robodog-yunnan-elec/install/core_2026/lib'
[8.366s] colcon.colcon_core.environment Level 1 checking '/home/zhenzhen/ros2/robodog-yunnan-elec/install/core_2026/bin'
[8.367s] colcon.colcon_core.environment Level 1 checking '/home/zhenzhen/ros2/robodog-yunnan-elec/install/core_2026/lib/pkgconfig/core_2026.pc'
[8.368s] colcon.colcon_core.environment Level 1 checking '/home/zhenzhen/ros2/robodog-yunnan-elec/install/core_2026/lib/python3.10/site-packages'
[8.369s] colcon.colcon_core.environment Level 1 checking '/home/zhenzhen/ros2/robodog-yunnan-elec/install/core_2026/bin'
[8.369s] colcon.colcon_core.shell INFO Creating package script '/home/zhenzhen/ros2/robodog-yunnan-elec/install/core_2026/share/core_2026/package.ps1'
[8.371s] colcon.colcon_core.shell INFO Creating package descriptor '/home/zhenzhen/ros2/robodog-yunnan-elec/install/core_2026/share/core_2026/package.dsv'
[8.373s] colcon.colcon_core.shell INFO Creating package script '/home/zhenzhen/ros2/robodog-yunnan-elec/install/core_2026/share/core_2026/package.sh'
[8.376s] colcon.colcon_core.shell INFO Creating package script '/home/zhenzhen/ros2/robodog-yunnan-elec/install/core_2026/share/core_2026/package.bash'
[8.379s] colcon.colcon_core.shell INFO Creating package script '/home/zhenzhen/ros2/robodog-yunnan-elec/install/core_2026/share/core_2026/package.zsh'
[8.381s] colcon.colcon_core.environment Level 1 create_file_with_runtime_dependencies(/home/zhenzhen/ros2/robodog-yunnan-elec/install/core_2026/share/colcon-core/packages/core_2026)
[8.383s] colcon.colcon_core.environment Level 1 create_environment_scripts_only(core_2026)
[8.384s] colcon.colcon_core.environment Level 1 checking '/home/zhenzhen/ros2/robodog-yunnan-elec/install/core_2026' for CMake module files
[8.386s] colcon.colcon_core.environment Level 1 checking '/home/zhenzhen/ros2/robodog-yunnan-elec/install/core_2026' for CMake config files
[8.387s] colcon.colcon_core.shell Level 1 create_environment_hook('core_2026', 'cmake_prefix_path')
[8.387s] colcon.colcon_core.shell INFO Creating environment hook '/home/zhenzhen/ros2/robodog-yunnan-elec/install/core_2026/share/core_2026/hook/cmake_prefix_path.ps1'
[8.389s] colcon.colcon_core.shell INFO Creating environment descriptor '/home/zhenzhen/ros2/robodog-yunnan-elec/install/core_2026/share/core_2026/hook/cmake_prefix_path.dsv'
[8.390s] colcon.colcon_core.shell INFO Creating environment hook '/home/zhenzhen/ros2/robodog-yunnan-elec/install/core_2026/share/core_2026/hook/cmake_prefix_path.sh'
[8.391s] colcon.colcon_core.environment Level 1 checking '/home/zhenzhen/ros2/robodog-yunnan-elec/install/core_2026/lib'
[8.392s] colcon.colcon_core.environment Level 1 checking '/home/zhenzhen/ros2/robodog-yunnan-elec/install/core_2026/bin'
[8.392s] colcon.colcon_core.environment Level 1 checking '/home/zhenzhen/ros2/robodog-yunnan-elec/install/core_2026/lib/pkgconfig/core_2026.pc'
[8.393s] colcon.colcon_core.environment Level 1 checking '/home/zhenzhen/ros2/robodog-yunnan-elec/install/core_2026/lib/python3.10/site-packages'
[8.393s] colcon.colcon_core.environment Level 1 checking '/home/zhenzhen/ros2/robodog-yunnan-elec/install/core_2026/bin'
[8.394s] colcon.colcon_core.shell INFO Creating package script '/home/zhenzhen/ros2/robodog-yunnan-elec/install/core_2026/share/core_2026/package.ps1'
[8.395s] colcon.colcon_core.shell INFO Creating package descriptor '/home/zhenzhen/ros2/robodog-yunnan-elec/install/core_2026/share/core_2026/package.dsv'
[8.397s] colcon.colcon_core.shell INFO Creating package script '/home/zhenzhen/ros2/robodog-yunnan-elec/install/core_2026/share/core_2026/package.sh'
[8.398s] colcon.colcon_core.shell INFO Creating package script '/home/zhenzhen/ros2/robodog-yunnan-elec/install/core_2026/share/core_2026/package.bash'
[8.399s] colcon.colcon_core.shell INFO Creating package script '/home/zhenzhen/ros2/robodog-yunnan-elec/install/core_2026/share/core_2026/package.zsh'
[8.400s] colcon.colcon_core.environment Level 1 create_file_with_runtime_dependencies(/home/zhenzhen/ros2/robodog-yunnan-elec/install/core_2026/share/colcon-core/packages/core_2026)
[8.401s] colcon.colcon_parallel_executor.executor.parallel DEBUG closing loop
[8.402s] colcon.colcon_parallel_executor.executor.parallel DEBUG loop closed
[8.402s] colcon.colcon_parallel_executor.executor.parallel DEBUG run_until_complete finished with '0'
[8.402s] colcon.colcon_core.event_reactor DEBUG joining thread
[8.419s] colcon.colcon_core.plugin_system INFO Skipping extension 'colcon_notification.desktop_notification.terminal_notifier': Not used on non-Darwin systems
[8.419s] colcon.colcon_core.plugin_system INFO Skipping extension 'colcon_notification.desktop_notification.win32': Not used on non-Windows systems
[8.419s] colcon.colcon_notification.desktop_notification INFO Sending desktop notification using 'notify2'
[8.442s] colcon.colcon_notification.desktop_notification.notify2 DEBUG Failed to initialize notify2: org.freedesktop.DBus.Error.Spawn.ChildExited: Process org.freedesktop.Notifications exited with status 1
[8.443s] colcon.colcon_core.event_reactor DEBUG joined thread
[8.444s] colcon.colcon_core.shell INFO Creating prefix script '/home/zhenzhen/ros2/robodog-yunnan-elec/install/local_setup.ps1'
[8.447s] colcon.colcon_core.shell INFO Creating prefix util module '/home/zhenzhen/ros2/robodog-yunnan-elec/install/_local_setup_util_ps1.py'
[8.451s] colcon.colcon_core.shell INFO Creating prefix chain script '/home/zhenzhen/ros2/robodog-yunnan-elec/install/setup.ps1'
[8.460s] colcon.colcon_core.shell INFO Creating prefix script '/home/zhenzhen/ros2/robodog-yunnan-elec/install/local_setup.sh'
[8.462s] colcon.colcon_core.shell INFO Creating prefix util module '/home/zhenzhen/ros2/robodog-yunnan-elec/install/_local_setup_util_sh.py'
[8.463s] colcon.colcon_core.shell INFO Creating prefix chain script '/home/zhenzhen/ros2/robodog-yunnan-elec/install/setup.sh'
[8.472s] colcon.colcon_core.shell INFO Creating prefix script '/home/zhenzhen/ros2/robodog-yunnan-elec/install/local_setup.bash'
[8.474s] colcon.colcon_core.shell INFO Creating prefix chain script '/home/zhenzhen/ros2/robodog-yunnan-elec/install/setup.bash'
[8.482s] colcon.colcon_core.shell INFO Creating prefix script '/home/zhenzhen/ros2/robodog-yunnan-elec/install/local_setup.zsh'
[8.483s] colcon.colcon_core.shell INFO Creating prefix chain script '/home/zhenzhen/ros2/robodog-yunnan-elec/install/setup.zsh'
