[0.225s] colcon DEBUG Command line arguments: ['/usr/bin/colcon', 'build', '--packages-select', 'core_2026']
[0.225s] colcon DEBUG Parsed command line arguments: Namespace(log_base=None, log_level=None, verb_name='build', build_base='build', install_base='install', merge_install=False, symlink_install=False, test_result_base=None, continue_on_error=False, executor='parallel', parallel_workers=6, event_handlers=None, ignore_user_meta=False, metas=['./colcon.meta'], base_paths=['.'], packages_ignore=None, packages_ignore_regex=None, paths=None, packages_up_to=None, packages_up_to_regex=None, packages_above=None, packages_above_and_dependencies=None, packages_above_depth=None, packages_select_by_dep=None, packages_skip_by_dep=None, packages_skip_up_to=None, packages_select_build_failed=False, packages_skip_build_finished=False, packages_select_test_failures=False, packages_skip_test_passed=False, packages_select=['core_2026'], packages_skip=None, packages_select_regex=None, packages_skip_regex=None, packages_start=None, packages_end=None, allow_overriding=[], cargo_args=None, clean_build=False, cmake_args=None, cmake_target=None, cmake_target_skip_unavailable=False, cmake_clean_cache=False, cmake_clean_first=False, cmake_force_configure=False, lookup_in_workspace=False, ament_cmake_args=None, catkin_cmake_args=None, catkin_skip_building_tests=False, verb_parser=<colcon_defaults.argument_parser.defaults.DefaultArgumentsDecorator object at 0xffffb590cd30>, verb_extension=<colcon_core.verb.build.BuildVerb object at 0xffffb5abaad0>, main=<bound method BuildVerb.main of <colcon_core.verb.build.BuildVerb object at 0xffffb5abaad0>>)
[0.540s] colcon.colcon_core.package_discovery Level 1 discover_packages(colcon_meta) check parameters
[0.540s] colcon.colcon_core.package_discovery Level 1 discover_packages(recursive) check parameters
[0.540s] colcon.colcon_core.package_discovery Level 1 discover_packages(ignore) check parameters
[0.540s] colcon.colcon_core.package_discovery Level 1 discover_packages(path) check parameters
[0.540s] colcon.colcon_core.package_discovery Level 1 discover_packages(colcon_meta) discover
[0.541s] colcon.colcon_core.package_discovery Level 1 discover_packages(recursive) discover
[0.541s] colcon.colcon_core.package_discovery INFO Crawling recursively for packages in '/home/zhenzhen/ros2/robodog-yunnan-elec'
[0.541s] colcon.colcon_core.package_identification Level 1 _identify(.) by extensions ['ignore', 'ignore_ament_install']
[0.541s] colcon.colcon_core.package_identification Level 1 _identify(.) by extension 'ignore'
[0.541s] colcon.colcon_core.package_identification Level 1 _identify(.) by extension 'ignore_ament_install'
[0.541s] colcon.colcon_core.package_identification Level 1 _identify(.) by extensions ['colcon_pkg']
[0.541s] colcon.colcon_core.package_identification Level 1 _identify(.) by extension 'colcon_pkg'
[0.542s] colcon.colcon_core.package_identification Level 1 _identify(.) by extensions ['colcon_meta']
[0.542s] colcon.colcon_core.package_identification Level 1 _identify(.) by extension 'colcon_meta'
[0.542s] colcon.colcon_core.package_identification Level 1 _identify(.) by extensions ['ros']
[0.542s] colcon.colcon_core.package_identification Level 1 _identify(.) by extension 'ros'
[0.588s] colcon.colcon_core.package_identification Level 1 _identify(.) by extensions ['cargo', 'cmake', 'python']
[0.588s] colcon.colcon_core.package_identification Level 1 _identify(.) by extension 'cargo'
[0.588s] colcon.colcon_core.package_identification Level 1 _identify(.) by extension 'cmake'
[0.588s] colcon.colcon_core.package_identification Level 1 _identify(.) by extension 'python'
[0.588s] colcon.colcon_core.package_identification Level 1 _identify(.) by extensions ['python_setup_py']
[0.588s] colcon.colcon_core.package_identification Level 1 _identify(.) by extension 'python_setup_py'
[0.588s] colcon.colcon_core.package_identification Level 1 _identify(build) by extensions ['ignore', 'ignore_ament_install']
[0.589s] colcon.colcon_core.package_identification Level 1 _identify(build) by extension 'ignore'
[0.589s] colcon.colcon_core.package_identification Level 1 _identify(build) ignored
[0.589s] colcon.colcon_core.package_identification Level 1 _identify(core_2026) by extensions ['ignore', 'ignore_ament_install']
[0.589s] colcon.colcon_core.package_identification Level 1 _identify(core_2026) by extension 'ignore'
[0.589s] colcon.colcon_core.package_identification Level 1 _identify(core_2026) by extension 'ignore_ament_install'
[0.589s] colcon.colcon_core.package_identification Level 1 _identify(core_2026) by extensions ['colcon_pkg']
[0.589s] colcon.colcon_core.package_identification Level 1 _identify(core_2026) by extension 'colcon_pkg'
[0.590s] colcon.colcon_core.package_identification Level 1 _identify(core_2026) by extensions ['colcon_meta']
[0.590s] colcon.colcon_core.package_identification Level 1 _identify(core_2026) by extension 'colcon_meta'
[0.590s] colcon.colcon_core.package_identification Level 1 _identify(core_2026) by extensions ['ros']
[0.590s] colcon.colcon_core.package_identification Level 1 _identify(core_2026) by extension 'ros'
[0.595s] colcon.colcon_core.package_identification DEBUG Package 'core_2026' with type 'ros.ament_cmake' and name 'core_2026'
[0.595s] colcon.colcon_core.package_identification Level 1 _identify(install) by extensions ['ignore', 'ignore_ament_install']
[0.595s] colcon.colcon_core.package_identification Level 1 _identify(install) by extension 'ignore'
[0.595s] colcon.colcon_core.package_identification Level 1 _identify(install) ignored
[0.596s] colcon.colcon_core.package_identification Level 1 _identify(log) by extensions ['ignore', 'ignore_ament_install']
[0.596s] colcon.colcon_core.package_identification Level 1 _identify(log) by extension 'ignore'
[0.596s] colcon.colcon_core.package_identification Level 1 _identify(log) ignored
[0.596s] colcon.colcon_core.package_identification Level 1 _identify(messages) by extensions ['ignore', 'ignore_ament_install']
[0.596s] colcon.colcon_core.package_identification Level 1 _identify(messages) by extension 'ignore'
[0.596s] colcon.colcon_core.package_identification Level 1 _identify(messages) by extension 'ignore_ament_install'
[0.596s] colcon.colcon_core.package_identification Level 1 _identify(messages) by extensions ['colcon_pkg']
[0.596s] colcon.colcon_core.package_identification Level 1 _identify(messages) by extension 'colcon_pkg'
[0.597s] colcon.colcon_core.package_identification Level 1 _identify(messages) by extensions ['colcon_meta']
[0.597s] colcon.colcon_core.package_identification Level 1 _identify(messages) by extension 'colcon_meta'
[0.597s] colcon.colcon_core.package_identification Level 1 _identify(messages) by extensions ['ros']
[0.597s] colcon.colcon_core.package_identification Level 1 _identify(messages) by extension 'ros'
[0.598s] colcon.colcon_core.package_identification DEBUG Package 'messages' with type 'ros.ament_cmake' and name 'messages'
[0.598s] colcon.colcon_core.package_identification Level 1 _identify(ros2_tools) by extensions ['ignore', 'ignore_ament_install']
[0.599s] colcon.colcon_core.package_identification Level 1 _identify(ros2_tools) by extension 'ignore'
[0.599s] colcon.colcon_core.package_identification Level 1 _identify(ros2_tools) by extension 'ignore_ament_install'
[0.599s] colcon.colcon_core.package_identification Level 1 _identify(ros2_tools) by extensions ['colcon_pkg']
[0.599s] colcon.colcon_core.package_identification Level 1 _identify(ros2_tools) by extension 'colcon_pkg'
[0.599s] colcon.colcon_core.package_identification Level 1 _identify(ros2_tools) by extensions ['colcon_meta']
[0.599s] colcon.colcon_core.package_identification Level 1 _identify(ros2_tools) by extension 'colcon_meta'
[0.599s] colcon.colcon_core.package_identification Level 1 _identify(ros2_tools) by extensions ['ros']
[0.599s] colcon.colcon_core.package_identification Level 1 _identify(ros2_tools) by extension 'ros'
[0.601s] colcon.colcon_core.package_identification DEBUG Package 'ros2_tools' with type 'ros.ament_cmake' and name 'ros2_tools'
[0.601s] colcon.colcon_core.package_discovery Level 1 discover_packages(recursive) using defaults
[0.601s] colcon.colcon_core.package_discovery Level 1 discover_packages(ignore) discover
[0.601s] colcon.colcon_core.package_discovery Level 1 discover_packages(ignore) using defaults
[0.601s] colcon.colcon_core.package_discovery Level 1 discover_packages(path) discover
[0.601s] colcon.colcon_core.package_discovery Level 1 discover_packages(path) using defaults
[0.631s] colcon.colcon_core.package_selection INFO Skipping not selected package 'messages' in 'messages'
[0.631s] colcon.colcon_core.package_selection INFO Skipping not selected package 'ros2_tools' in 'ros2_tools'
[0.632s] colcon.colcon_core.package_discovery Level 1 discover_packages(prefix_path) check parameters
[0.632s] colcon.colcon_core.package_discovery Level 1 discover_packages(prefix_path) discover
[0.634s] colcon.colcon_core.prefix_path.colcon WARNING The path '/home/zhenzhen/ros2/Quadcopter/install' in the environment variable COLCON_PREFIX_PATH doesn't exist
[0.634s] colcon.colcon_ros.prefix_path.ament WARNING The path '/home/zhenzhen/ros2/Quadcopter/install/yolip' in the environment variable AMENT_PREFIX_PATH doesn't exist
[0.634s] colcon.colcon_ros.prefix_path.ament WARNING The path '/home/zhenzhen/ros2/Quadcopter/install/core_2026' in the environment variable AMENT_PREFIX_PATH doesn't exist
[0.634s] colcon.colcon_ros.prefix_path.ament WARNING The path '/home/zhenzhen/ros2/Quadcopter/install/vision_py' in the environment variable AMENT_PREFIX_PATH doesn't exist
[0.634s] colcon.colcon_ros.prefix_path.ament WARNING The path '/home/zhenzhen/ros2/Quadcopter/install/ros2_tools' in the environment variable AMENT_PREFIX_PATH doesn't exist
[0.634s] colcon.colcon_ros.prefix_path.ament WARNING The path '/home/zhenzhen/ros2/Quadcopter/install/messages' in the environment variable AMENT_PREFIX_PATH doesn't exist
[0.634s] colcon.colcon_ros.prefix_path.ament WARNING The path '/home/zhenzhen/ros2/Quadcopter/install/cv_tools' in the environment variable AMENT_PREFIX_PATH doesn't exist
[0.637s] colcon.colcon_ros.prefix_path.catkin WARNING The path '/home/zhenzhen/ros2/Quadcopter/install/core_2026' in the environment variable CMAKE_PREFIX_PATH doesn't exist
[0.637s] colcon.colcon_ros.prefix_path.catkin WARNING The path '/home/zhenzhen/ros2/Quadcopter/install/ros2_tools' in the environment variable CMAKE_PREFIX_PATH doesn't exist
[0.637s] colcon.colcon_ros.prefix_path.catkin WARNING The path '/home/zhenzhen/ros2/Quadcopter/install/messages' in the environment variable CMAKE_PREFIX_PATH doesn't exist
[0.637s] colcon.colcon_ros.prefix_path.catkin WARNING The path '/home/zhenzhen/ros2/Quadcopter/install/cv_tools' in the environment variable CMAKE_PREFIX_PATH doesn't exist
[0.639s] colcon.colcon_installed_package_information.package_discovery DEBUG Found 1 installed packages in /home/zhenzhen/ros2/Point-LIO/install
[0.640s] colcon.colcon_installed_package_information.package_discovery DEBUG Found 2 installed packages in /home/zhenzhen/ros2/ws_livox/install
[0.641s] colcon.colcon_installed_package_information.package_discovery DEBUG Found 7 installed packages in /home/zhenzhen/ros2/mavros/install
[0.643s] colcon.colcon_installed_package_information.package_discovery DEBUG Found 37 installed packages in /home/zhenzhen/ros2/ros2_rust/install
[0.645s] colcon.colcon_installed_package_information.package_discovery DEBUG Found 379 installed packages in /opt/ros/humble
[0.652s] colcon.colcon_core.package_discovery Level 1 discover_packages(prefix_path) using defaults
[0.729s] colcon.colcon_core.verb Level 5 set package 'core_2026' build argument 'cargo_args' from command line to 'None'
[0.729s] colcon.colcon_core.verb Level 5 set package 'core_2026' build argument 'clean_build' from command line to 'False'
[0.729s] colcon.colcon_core.verb Level 5 set package 'core_2026' build argument 'cmake_args' from command line to 'None'
[0.730s] colcon.colcon_core.verb Level 5 set package 'core_2026' build argument 'cmake_target' from command line to 'None'
[0.730s] colcon.colcon_core.verb Level 5 set package 'core_2026' build argument 'cmake_target_skip_unavailable' from command line to 'False'
[0.730s] colcon.colcon_core.verb Level 5 set package 'core_2026' build argument 'cmake_clean_cache' from command line to 'False'
[0.730s] colcon.colcon_core.verb Level 5 set package 'core_2026' build argument 'cmake_clean_first' from command line to 'False'
[0.730s] colcon.colcon_core.verb Level 5 set package 'core_2026' build argument 'cmake_force_configure' from command line to 'False'
[0.730s] colcon.colcon_core.verb Level 5 set package 'core_2026' build argument 'lookup_in_workspace' from command line to 'False'
[0.730s] colcon.colcon_core.verb Level 5 set package 'core_2026' build argument 'ament_cmake_args' from command line to 'None'
[0.730s] colcon.colcon_core.verb Level 5 set package 'core_2026' build argument 'catkin_cmake_args' from command line to 'None'
[0.730s] colcon.colcon_core.verb Level 5 set package 'core_2026' build argument 'catkin_skip_building_tests' from command line to 'False'
[0.730s] colcon.colcon_core.verb DEBUG Building package 'core_2026' with the following arguments: {'ament_cmake_args': None, 'build_base': '/home/zhenzhen/ros2/robodog-yunnan-elec/build/core_2026', 'cargo_args': None, 'catkin_cmake_args': None, 'catkin_skip_building_tests': False, 'clean_build': False, 'cmake_args': None, 'cmake_clean_cache': False, 'cmake_clean_first': False, 'cmake_force_configure': False, 'cmake_target': None, 'cmake_target_skip_unavailable': False, 'install_base': '/home/zhenzhen/ros2/robodog-yunnan-elec/install/core_2026', 'lookup_in_workspace': False, 'merge_install': False, 'path': '/home/zhenzhen/ros2/robodog-yunnan-elec/core_2026', 'symlink_install': False, 'test_result_base': None}
[0.730s] colcon.colcon_core.executor INFO Executing jobs using 'parallel' executor
[0.732s] colcon.colcon_parallel_executor.executor.parallel DEBUG run_until_complete
[0.732s] colcon.colcon_ros.task.ament_cmake.build INFO Building ROS package in '/home/zhenzhen/ros2/robodog-yunnan-elec/core_2026' with build type 'ament_cmake'
[0.733s] colcon.colcon_cmake.task.cmake.build INFO Building CMake package in '/home/zhenzhen/ros2/robodog-yunnan-elec/core_2026'
[0.737s] colcon.colcon_core.plugin_system INFO Skipping extension 'colcon_core.shell.bat': Not used on non-Windows systems
[0.737s] colcon.colcon_core.shell INFO Skip shell extension 'powershell' for command environment: Not usable outside of PowerShell
[0.737s] colcon.colcon_core.shell DEBUG Skip shell extension 'dsv' for command environment
[0.763s] colcon.colcon_core.event_handler.log_command DEBUG Invoking command in '/home/zhenzhen/ros2/robodog-yunnan-elec/build/core_2026': AMENT_PREFIX_PATH=/home/zhenzhen/ros2/robodog-yunnan-elec/install/ros2_tools:${AMENT_PREFIX_PATH} CMAKE_PREFIX_PATH=/home/zhenzhen/ros2/robodog-yunnan-elec/install/ros2_tools:/home/zhenzhen/ros2/Point-LIO/install/point_lio:/home/zhenzhen/ros2/Quadcopter/install/core_2026:/home/zhenzhen/ros2/Quadcopter/install/ros2_tools:/home/zhenzhen/ros2/Quadcopter/install/messages:/home/zhenzhen/ros2/Quadcopter/install/cv_tools:/home/zhenzhen/ros2/ws_livox/install/livox_ros_driver2:/home/zhenzhen/ros2/mavros/install/mavros_extras:/home/zhenzhen/ros2/mavros/install/mavros:/home/zhenzhen/ros2/mavros/install/mavros_msgs:/home/zhenzhen/ros2/mavros/install/libmavconn:/home/zhenzhen/ros2/mavros/install/geographic_info:/home/zhenzhen/ros2/mavros/install/geodesy:/home/zhenzhen/ros2/mavros/install/geographic_msgs:/home/zhenzhen/ros2/ros2_rust/install/common_interfaces:/home/zhenzhen/ros2/ros2_rust/install/visualization_msgs:/home/zhenzhen/ros2/ros2_rust/install/test_msgs:/home/zhenzhen/ros2/ros2_rust/install/example_interfaces:/home/zhenzhen/ros2/ros2_rust/install/action_msgs:/home/zhenzhen/ros2/ros2_rust/install/unique_identifier_msgs:/home/zhenzhen/ros2/ros2_rust/install/trajectory_msgs:/home/zhenzhen/ros2/ros2_rust/install/test_interface_files:/home/zhenzhen/ros2/ros2_rust/install/stereo_msgs:/home/zhenzhen/ros2/ros2_rust/install/std_srvs:/home/zhenzhen/ros2/ros2_rust/install/shape_msgs:/home/zhenzhen/ros2/ros2_rust/install/sensor_msgs:/home/zhenzhen/ros2/ros2_rust/install/nav_msgs:/home/zhenzhen/ros2/ros2_rust/install/diagnostic_msgs:/home/zhenzhen/ros2/ros2_rust/install/geometry_msgs:/home/zhenzhen/ros2/ros2_rust/install/actionlib_msgs:/home/zhenzhen/ros2/ros2_rust/install/std_msgs:/home/zhenzhen/ros2/ros2_rust/install/statistics_msgs:/home/zhenzhen/ros2/ros2_rust/install/rosgraph_msgs:/home/zhenzhen/ros2/ros2_rust/install/rclrs_example_msgs:/home/zhenzhen/ros2/ros2_rust/install/composition_interfaces:/home/zhenzhen/ros2/ros2_rust/install/rcl_interfaces:/home/zhenzhen/ros2/ros2_rust/install/lifecycle_msgs:/home/zhenzhen/ros2/ros2_rust/install/builtin_interfaces:/home/zhenzhen/ros2/ros2_rust/install/rosidl_default_runtime:/home/zhenzhen/ros2/ros2_rust/install/rosidl_default_generators:/home/zhenzhen/ros2/ros2_rust/install/rosidl_generator_rs:/home/zhenzhen/ros2/Quadcopter/install/yolip:/home/zhenzhen/ros2/Quadcopter/install/vision_py:/home/zhenzhen/ros2/ros2_rust/install/examples_worker_demo:/home/zhenzhen/ros2/ros2_rust/install/examples_rclrs_minimal_pub_sub:/home/zhenzhen/ros2/ros2_rust/install/examples_rclrs_minimal_client_service:/home/zhenzhen/ros2/ros2_rust/install/examples_parameter_demo:/home/zhenzhen/ros2/ros2_rust/install/examples_logging_demo:/home/zhenzhen/ros2/ros2_rust/install/sensor_msgs_py:/home/zhenzhen/ros2/ros2_rust/install/rust_pubsub:/home/zhenzhen/ros2/ros2_rust/install/examples_rclrs_message_demo:/home/zhenzhen/ros2/ros2_rust/install/rosidl_runtime_rs:/home/zhenzhen/ros2/ros2_rust/install/rclrs:/opt/ros/humble LD_LIBRARY_PATH=/home/zhenzhen/ros2/robodog-yunnan-elec/install/ros2_tools/lib:${LD_LIBRARY_PATH} PYTHONPATH=/home/zhenzhen/ros2/robodog-yunnan-elec/install/ros2_tools/local/lib/python3.10/dist-packages:${PYTHONPATH} /usr/bin/cmake /home/zhenzhen/ros2/robodog-yunnan-elec/core_2026 -DCMAKE_INSTALL_PREFIX=/home/zhenzhen/ros2/robodog-yunnan-elec/install/core_2026
[1.736s] colcon.colcon_core.event_handler.log_command DEBUG Invoked command in '/home/zhenzhen/ros2/robodog-yunnan-elec/build/core_2026' returned '1': AMENT_PREFIX_PATH=/home/zhenzhen/ros2/robodog-yunnan-elec/install/ros2_tools:${AMENT_PREFIX_PATH} CMAKE_PREFIX_PATH=/home/zhenzhen/ros2/robodog-yunnan-elec/install/ros2_tools:/home/zhenzhen/ros2/Point-LIO/install/point_lio:/home/zhenzhen/ros2/Quadcopter/install/core_2026:/home/zhenzhen/ros2/Quadcopter/install/ros2_tools:/home/zhenzhen/ros2/Quadcopter/install/messages:/home/zhenzhen/ros2/Quadcopter/install/cv_tools:/home/zhenzhen/ros2/ws_livox/install/livox_ros_driver2:/home/zhenzhen/ros2/mavros/install/mavros_extras:/home/zhenzhen/ros2/mavros/install/mavros:/home/zhenzhen/ros2/mavros/install/mavros_msgs:/home/zhenzhen/ros2/mavros/install/libmavconn:/home/zhenzhen/ros2/mavros/install/geographic_info:/home/zhenzhen/ros2/mavros/install/geodesy:/home/zhenzhen/ros2/mavros/install/geographic_msgs:/home/zhenzhen/ros2/ros2_rust/install/common_interfaces:/home/zhenzhen/ros2/ros2_rust/install/visualization_msgs:/home/zhenzhen/ros2/ros2_rust/install/test_msgs:/home/zhenzhen/ros2/ros2_rust/install/example_interfaces:/home/zhenzhen/ros2/ros2_rust/install/action_msgs:/home/zhenzhen/ros2/ros2_rust/install/unique_identifier_msgs:/home/zhenzhen/ros2/ros2_rust/install/trajectory_msgs:/home/zhenzhen/ros2/ros2_rust/install/test_interface_files:/home/zhenzhen/ros2/ros2_rust/install/stereo_msgs:/home/zhenzhen/ros2/ros2_rust/install/std_srvs:/home/zhenzhen/ros2/ros2_rust/install/shape_msgs:/home/zhenzhen/ros2/ros2_rust/install/sensor_msgs:/home/zhenzhen/ros2/ros2_rust/install/nav_msgs:/home/zhenzhen/ros2/ros2_rust/install/diagnostic_msgs:/home/zhenzhen/ros2/ros2_rust/install/geometry_msgs:/home/zhenzhen/ros2/ros2_rust/install/actionlib_msgs:/home/zhenzhen/ros2/ros2_rust/install/std_msgs:/home/zhenzhen/ros2/ros2_rust/install/statistics_msgs:/home/zhenzhen/ros2/ros2_rust/install/rosgraph_msgs:/home/zhenzhen/ros2/ros2_rust/install/rclrs_example_msgs:/home/zhenzhen/ros2/ros2_rust/install/composition_interfaces:/home/zhenzhen/ros2/ros2_rust/install/rcl_interfaces:/home/zhenzhen/ros2/ros2_rust/install/lifecycle_msgs:/home/zhenzhen/ros2/ros2_rust/install/builtin_interfaces:/home/zhenzhen/ros2/ros2_rust/install/rosidl_default_runtime:/home/zhenzhen/ros2/ros2_rust/install/rosidl_default_generators:/home/zhenzhen/ros2/ros2_rust/install/rosidl_generator_rs:/home/zhenzhen/ros2/Quadcopter/install/yolip:/home/zhenzhen/ros2/Quadcopter/install/vision_py:/home/zhenzhen/ros2/ros2_rust/install/examples_worker_demo:/home/zhenzhen/ros2/ros2_rust/install/examples_rclrs_minimal_pub_sub:/home/zhenzhen/ros2/ros2_rust/install/examples_rclrs_minimal_client_service:/home/zhenzhen/ros2/ros2_rust/install/examples_parameter_demo:/home/zhenzhen/ros2/ros2_rust/install/examples_logging_demo:/home/zhenzhen/ros2/ros2_rust/install/sensor_msgs_py:/home/zhenzhen/ros2/ros2_rust/install/rust_pubsub:/home/zhenzhen/ros2/ros2_rust/install/examples_rclrs_message_demo:/home/zhenzhen/ros2/ros2_rust/install/rosidl_runtime_rs:/home/zhenzhen/ros2/ros2_rust/install/rclrs:/opt/ros/humble LD_LIBRARY_PATH=/home/zhenzhen/ros2/robodog-yunnan-elec/install/ros2_tools/lib:${LD_LIBRARY_PATH} PYTHONPATH=/home/zhenzhen/ros2/robodog-yunnan-elec/install/ros2_tools/local/lib/python3.10/dist-packages:${PYTHONPATH} /usr/bin/cmake /home/zhenzhen/ros2/robodog-yunnan-elec/core_2026 -DCMAKE_INSTALL_PREFIX=/home/zhenzhen/ros2/robodog-yunnan-elec/install/core_2026
[1.767s] colcon.colcon_core.environment Level 1 create_environment_scripts_only(core_2026)
[1.773s] colcon.colcon_core.environment Level 1 checking '/home/zhenzhen/ros2/robodog-yunnan-elec/install/core_2026' for CMake module files
[1.774s] colcon.colcon_core.environment Level 1 checking '/home/zhenzhen/ros2/robodog-yunnan-elec/install/core_2026' for CMake config files
[1.776s] colcon.colcon_core.environment Level 1 checking '/home/zhenzhen/ros2/robodog-yunnan-elec/install/core_2026/bin'
[1.776s] colcon.colcon_core.environment Level 1 checking '/home/zhenzhen/ros2/robodog-yunnan-elec/install/core_2026/lib/pkgconfig/core_2026.pc'
[1.777s] colcon.colcon_core.environment Level 1 checking '/home/zhenzhen/ros2/robodog-yunnan-elec/install/core_2026/lib/python3.10/site-packages'
[1.778s] colcon.colcon_core.environment Level 1 checking '/home/zhenzhen/ros2/robodog-yunnan-elec/install/core_2026/bin'
[1.778s] colcon.colcon_core.shell INFO Creating package script '/home/zhenzhen/ros2/robodog-yunnan-elec/install/core_2026/share/core_2026/package.ps1'
[1.781s] colcon.colcon_core.shell INFO Creating package descriptor '/home/zhenzhen/ros2/robodog-yunnan-elec/install/core_2026/share/core_2026/package.dsv'
[1.783s] colcon.colcon_core.shell INFO Creating package script '/home/zhenzhen/ros2/robodog-yunnan-elec/install/core_2026/share/core_2026/package.sh'
[1.785s] colcon.colcon_core.shell INFO Creating package script '/home/zhenzhen/ros2/robodog-yunnan-elec/install/core_2026/share/core_2026/package.bash'
[1.788s] colcon.colcon_core.shell INFO Creating package script '/home/zhenzhen/ros2/robodog-yunnan-elec/install/core_2026/share/core_2026/package.zsh'
[1.790s] colcon.colcon_core.environment Level 1 create_file_with_runtime_dependencies(/home/zhenzhen/ros2/robodog-yunnan-elec/install/core_2026/share/colcon-core/packages/core_2026)
[1.801s] colcon.colcon_parallel_executor.executor.parallel DEBUG closing loop
[1.802s] colcon.colcon_parallel_executor.executor.parallel DEBUG loop closed
[1.802s] colcon.colcon_parallel_executor.executor.parallel DEBUG run_until_complete finished with '1'
[1.802s] colcon.colcon_core.event_reactor DEBUG joining thread
[1.818s] colcon.colcon_core.plugin_system INFO Skipping extension 'colcon_notification.desktop_notification.terminal_notifier': Not used on non-Darwin systems
[1.818s] colcon.colcon_core.plugin_system INFO Skipping extension 'colcon_notification.desktop_notification.win32': Not used on non-Windows systems
[1.818s] colcon.colcon_notification.desktop_notification INFO Sending desktop notification using 'notify2'
[1.843s] colcon.colcon_notification.desktop_notification.notify2 DEBUG Failed to initialize notify2: org.freedesktop.DBus.Error.Spawn.ChildExited: Process org.freedesktop.Notifications exited with status 1
[1.844s] colcon.colcon_core.event_reactor DEBUG joined thread
[1.845s] colcon.colcon_core.shell INFO Creating prefix script '/home/zhenzhen/ros2/robodog-yunnan-elec/install/local_setup.ps1'
[1.848s] colcon.colcon_core.shell INFO Creating prefix util module '/home/zhenzhen/ros2/robodog-yunnan-elec/install/_local_setup_util_ps1.py'
[1.853s] colcon.colcon_core.shell INFO Creating prefix chain script '/home/zhenzhen/ros2/robodog-yunnan-elec/install/setup.ps1'
[1.864s] colcon.colcon_core.shell INFO Creating prefix script '/home/zhenzhen/ros2/robodog-yunnan-elec/install/local_setup.sh'
[1.866s] colcon.colcon_core.shell INFO Creating prefix util module '/home/zhenzhen/ros2/robodog-yunnan-elec/install/_local_setup_util_sh.py'
[1.868s] colcon.colcon_core.shell INFO Creating prefix chain script '/home/zhenzhen/ros2/robodog-yunnan-elec/install/setup.sh'
[1.879s] colcon.colcon_core.shell INFO Creating prefix script '/home/zhenzhen/ros2/robodog-yunnan-elec/install/local_setup.bash'
[1.880s] colcon.colcon_core.shell INFO Creating prefix chain script '/home/zhenzhen/ros2/robodog-yunnan-elec/install/setup.bash'
[1.890s] colcon.colcon_core.shell INFO Creating prefix script '/home/zhenzhen/ros2/robodog-yunnan-elec/install/local_setup.zsh'
[1.891s] colcon.colcon_core.shell INFO Creating prefix chain script '/home/zhenzhen/ros2/robodog-yunnan-elec/install/setup.zsh'
